<html>
<body>
<pre>
<h1>µVision Build Log</h1>
<h2>Tool Versions:</h2>
IDE-Version: ¦ÌVision V5.16.0.0
Copyright (C) 2015 ARM Ltd and ARM Germany GmbH. All rights reserved.
License Information: 1 1282690961@qq.com, 1, LIC=GMZ45-G614X-I5ITC-7PQ02-CALNF-2BDI3
 
Tool Versions:
Toolchain:       MDK-ARM Standard  Version: 5.16.0.0
Toolchain Path:  D:\program\KeIl\ARM\ARMCC\Bin
C Compiler:      Armcc.exe V5.06 (build 20)
Assembler:       Armasm.exe V5.06 (build 20)
Linker/Locator:  ArmLink.exe V5.06 (build 20)
Library Manager: ArmAr.exe V5.06 (build 20)
Hex Converter:   FromElf.exe V5.06 (build 20)
CPU DLL:         SARMCM3.DLL V5.16.0.0
Dialog DLL:      DCM.DLL V1.13.2.0
Target DLL:      CMSIS_AGDI.dll V1.21.20.0
Dialog DLL:      TCM.DLL V1.14.5.0
 
<h2>Project:</h2>
D:\program\project\warehouse environment system\USER\Template.uvprojx
Project File Date:  07/14/2026

<h2>Output:</h2>
*** Using Compiler 'V5.06 (build 20)', folder: 'D:\program\KeIl\ARM\ARMCC\Bin'
Rebuild target 'Template'
compiling misc.c...
compiling stm32f10x_bkp.c...
assembling startup_stm32f10x_hd.s...
compiling system_stm32f10x.c...
compiling stm32f10x_adc.c...
compiling main.c...
compiling stm32f10x_it.c...
compiling stm32f10x_exti.c...
compiling stm32f10x_dac.c...
compiling stm32f10x_dbgmcu.c...
compiling stm32f10x_can.c...
compiling stm32f10x_cec.c...
compiling stm32f10x_dma.c...
compiling stm32f10x_crc.c...
compiling core_cm3.c...
compiling stm32f10x_flash.c...
compiling stm32f10x_gpio.c...
compiling stm32f10x_fsmc.c...
compiling stm32f10x_pwr.c...
compiling stm32f10x_iwdg.c...
compiling stm32f10x_i2c.c...
compiling stm32f10x_rcc.c...
compiling stm32f10x_rtc.c...
compiling stm32f10x_sdio.c...
compiling stm32f10x_spi.c...
compiling stm32f10x_wwdg.c...
compiling stm32f10x_usart.c...
compiling led.c...
compiling stm32f10x_tim.c...
compiling sys.c...
compiling beep.c...
compiling key.c...
compiling tim3.c...
compiling keyint.c...
compiling lcd1602.c...
compiling uart.c...
compiling adc.c...
compiling sg90.c...
compiling delay_us.c...
compiling ds18b20.c...
compiling motor.c...
compiling dht11_driver.c...
compiling croutine.c...
compiling app_tasks.c...
compiling heap_4.c...
compiling event_groups.c...
compiling list.c...
compiling timers.c...
compiling queue.c...
compiling stream_buffer.c...
compiling tasks.c...
compiling port.c...
linking...
Program Size: Code=31956 RO-data=336 RW-data=248 ZI-data=9488  
FromELF: creating hex file...
"..\OBJ\Template.axf" - 0 Error(s), 0 Warning(s).

<h2>Collection of Component include folders:</h2>
  D:\program\project\warehouse environment system\USER\RTE
  D:\program\KeIl\ARM\PACK\Keil\STM32F1xx_DFP\1.1.0\Device\Include

<h2>Collection of Component Files used:</h2>
Build Time Elapsed:  00:00:02
</pre>
</body>
</html>
