<html>
<body>
<pre>
<h1>µVision Build Log</h1>
<h2>Tool Versions:</h2>
IDE-Version: ¦ÌVision V5.16.0.0
Copyright (C) 2015 ARM Ltd and ARM Germany GmbH. All rights reserved.
License Information: 1 1282690961@qq.com, 1, LIC=GMZ45-G614X-I5ITC-7PQ02-CALNF-2BDI3
 
Tool Versions:
Toolchain:       MDK-ARM Standard  Version: 5.16.0.0
Toolchain Path:  D:\program\KeIl\ARM\ARMCC\Bin
C Compiler:      Armcc.exe V5.06 (build 20)
Assembler:       Armasm.exe V5.06 (build 20)
Linker/Locator:  ArmLink.exe V5.06 (build 20)
Library Manager: ArmAr.exe V5.06 (build 20)
Hex Converter:   FromElf.exe V5.06 (build 20)
CPU DLL:         SARMCM3.DLL V5.16.0.0
Dialog DLL:      DCM.DLL V1.13.2.0
Target DLL:      CMSIS_AGDI.dll V1.21.20.0
Dialog DLL:      TCM.DLL V1.14.5.0
 
<h2>Project:</h2>
D:\program\project\LEDtest234\USER\Template.uvprojx
Project File Date:  11/27/2025

<h2>Output:</h2>
*** Using Compiler 'V5.06 (build 20)', folder: 'D:\program\KeIl\ARM\ARMCC\Bin'
Rebuild target 'Template'
compiling misc.c...
compiling stm32f10x_adc.c...
compiling stm32f10x_can.c...
compiling main.c...
.\key\key.h(18): warning:  #1-D: last line of file ends without a newline
  #endif/*__KEY_H*/
.\keyint\keyint.h(10): warning:  #1-D: last line of file ends without a newline
  #endif
.\led\led.h(33): warning:  #1-D: last line of file ends without a newline
  #endif
.\beep\beep.h(12): warning:  #1-D: last line of file ends without a newline
  #endif
.\uart\uart.h(10): warning:  #1-D: last line of file ends without a newline
  #endif
.\time6\tim6.h(16): warning:  #1-D: last line of file ends without a newline
  #endif
.\adc\adc.h(10): warning:  #1-D: last line of file ends without a newline
  #endif
.\sg90\sg90.h(9): warning:  #1-D: last line of file ends without a newline
  #endif /* __SG90_H */
main.c(124): warning:  #188-D: enumerated type mixed with another type
          dhtStatus = Read_DHT11(&humi_temp);
main.c(324): warning:  #1-D: last line of file ends without a newline
  }
main.c: 10 warnings, 0 errors
assembling startup_stm32f10x_hd.s...
compiling stm32f10x_it.c...
compiling stm32f10x_crc.c...
compiling stm32f10x_dac.c...
compiling stm32f10x_dma.c...
compiling stm32f10x_cec.c...
compiling stm32f10x_exti.c...
compiling system_stm32f10x.c...
compiling stm32f10x_bkp.c...
compiling stm32f10x_dbgmcu.c...
compiling core_cm3.c...
compiling stm32f10x_flash.c...
compiling stm32f10x_fsmc.c...
compiling stm32f10x_gpio.c...
compiling stm32f10x_iwdg.c...
compiling stm32f10x_i2c.c...
compiling stm32f10x_pwr.c...
compiling stm32f10x_rcc.c...
compiling stm32f10x_rtc.c...
compiling stm32f10x_sdio.c...
compiling stm32f10x_spi.c...
compiling stm32f10x_usart.c...
compiling stm32f10x_tim.c...
compiling delay.c...
compiling stm32f10x_wwdg.c...
compiling led.c...
led\led.h(33): warning:  #1-D: last line of file ends without a newline
  #endif
led\led.c(24): warning:  #1-D: last line of file ends without a newline
  }
led\led.c: 2 warnings, 0 errors
compiling key.c...
key\key.h(18): warning:  #1-D: last line of file ends without a newline
  #endif/*__KEY_H*/
key\key.c(68): warning:  #1-D: last line of file ends without a newline
  }
key\key.c: 2 warnings, 0 errors
compiling keyint.c...
keyint\keyint.h(10): warning:  #1-D: last line of file ends without a newline
  #endif
keyint\keyint.c(59): warning:  #1-D: last line of file ends without a newline
  }
keyint\keyint.c: 2 warnings, 0 errors
compiling beep.c...
beep\beep.h(12): warning:  #1-D: last line of file ends without a newline
  #endif
beep\beep.c(19): warning:  #1-D: last line of file ends without a newline
  }
beep\beep.c: 2 warnings, 0 errors
compiling uart.c...
uart\uart.h(10): warning:  #1-D: last line of file ends without a newline
  #endif
uart\uart.c: 1 warning, 0 errors
compiling sys.c...
compiling beifen.c...
dlc\beifen.c(56): warning:  #1-D: last line of file ends without a newline
   
dlc\beifen.c: 1 warning, 0 errors
compiling tim6.c...
time6\tim6.h(16): warning:  #1-D: last line of file ends without a newline
  #endif
time6\tim6.c(52): warning:  #1-D: last line of file ends without a newline
  }
time6\tim6.c: 2 warnings, 0 errors
compiling tim3.c...
compiling adc.c...
adc\adc.h(10): warning:  #1-D: last line of file ends without a newline
  #endif
adc\adc.c(63): warning:  #1-D: last line of file ends without a newline
  }
adc\adc.c: 2 warnings, 0 errors
compiling motor.c...
compiling lcd1602.c...
compiling ds18b20.c...
compiling dht11_driver.c...
compiling sg90.c...
sg90\sg90.h(9): warning:  #1-D: last line of file ends without a newline
  #endif /* __SG90_H */
sg90\sg90.c(45): warning:  #1-D: last line of file ends without a newline
  }
sg90\sg90.c: 2 warnings, 0 errors
compiling oled_iic.c...
linking...
Program Size: Code=20704 RO-data=336 RW-data=4492 ZI-data=1060  
FromELF: creating hex file...
"..\OBJ\Template.axf" - 0 Error(s), 26 Warning(s).

<h2>Collection of Component include folders:</h2>
  D:\program\project\LEDtest234\USER\RTE
  D:\program\KeIl\ARM\PACK\Keil\STM32F1xx_DFP\1.1.0\Device\Include

<h2>Collection of Component Files used:</h2>
Build Time Elapsed:  00:00:02
</pre>
</body>
</html>
