Component: ARM Compiler 5.06 (build 20) Tool: armlink [4d35a3]

==============================================================================

Section Cross References

    main.o(.text) refers to delay.o(.text) for delay_init
    main.o(.text) refers to led.o(.text) for LedInit
    main.o(.text) refers to beep.o(.text) for BeepInit
    main.o(.text) refers to uart.o(.text) for UART1_Config
    main.o(.text) refers to tim6.o(.text) for TIM6_Config
    main.o(.text) refers to tim3.o(.text) for TIM3_PWM_Init
    main.o(.text) refers to adc.o(.text) for ADC1_Init
    main.o(.text) refers to lcd1602.o(.text) for Lcd1602Init
    main.o(.text) refers to oled_iic.o(.text) for OLED_Init
    main.o(.text) refers to ds18b20.o(.text) for DS18B20_Init
    main.o(.text) refers to dht11_driver.o(.text) for DHT11_GPIO_Config
    main.o(.text) refers to key.o(.text) for KeyInit
    main.o(.text) refers to keyint.o(.text) for KeyIntConfig
    main.o(.text) refers to motor.o(.text) for MotorInit
    main.o(.text) refers to sg90.o(.text) for SG90_Init
    main.o(.text) refers to misc.o(.text) for NVIC_PriorityGroupConfig
    main.o(.text) refers to ffltui.o(.text) for __aeabi_ui2f
    main.o(.text) refers to f2d.o(.text) for __aeabi_f2d
    main.o(.text) refers to ddiv.o(.text) for __aeabi_ddiv
    main.o(.text) refers to dmul.o(.text) for __aeabi_dmul
    main.o(.text) refers to d2f.o(.text) for __aeabi_d2f
    main.o(.text) refers to dflti.o(.text) for __aeabi_i2d
    main.o(.text) refers to stm32f10x_gpio.o(.text) for GPIO_ReadInputDataBit
    main.o(.text) refers to cdrcmple.o(.text) for __aeabi_cdrcmple
    main.o(.text) refers to printfa.o(i.__0sprintf) for __2sprintf
    main.o(.text) refers to cdcmple.o(.text) for __aeabi_cdcmple
    main.o(.text) refers to dfltui.o(.text) for __aeabi_ui2d
    main.o(.text) refers to strstr.o(.text) for strstr
    main.o(.text) refers to tim6.o(.data) for timeFlag500ms
    main.o(.text) refers to adc.o(.data) for ADC_ConvertedValue
    main.o(.text) refers to main.o(.data) for lightpercent
    main.o(.text) refers to keyint.o(.data) for keyFlag
    main.o(.text) refers to printfa.o(i.__0printf) for __2printf
    main.o(.text) refers to uart.o(.bss) for strBuff
    system_stm32f10x.o(.text) refers to system_stm32f10x.o(.data) for SystemCoreClock
    startup_stm32f10x_hd.o(RESET) refers to startup_stm32f10x_hd.o(STACK) for __initial_sp
    startup_stm32f10x_hd.o(RESET) refers to startup_stm32f10x_hd.o(.text) for Reset_Handler
    startup_stm32f10x_hd.o(RESET) refers to stm32f10x_it.o(.text) for NMI_Handler
    startup_stm32f10x_hd.o(RESET) refers to keyint.o(.text) for EXTI4_IRQHandler
    startup_stm32f10x_hd.o(RESET) refers to tim3.o(.text) for TIM3_IRQHandler
    startup_stm32f10x_hd.o(RESET) refers to uart.o(.text) for USART1_IRQHandler
    startup_stm32f10x_hd.o(RESET) refers to tim6.o(.text) for TIM6_IRQHandler
    startup_stm32f10x_hd.o(.text) refers to system_stm32f10x.o(.text) for SystemInit
    startup_stm32f10x_hd.o(.text) refers to entry.o(.ARM.Collect$$$$00000000) for __main
    stm32f10x_adc.o(.text) refers to stm32f10x_rcc.o(.text) for RCC_APB2PeriphResetCmd
    stm32f10x_bkp.o(.text) refers to stm32f10x_rcc.o(.text) for RCC_BackupResetCmd
    stm32f10x_can.o(.text) refers to stm32f10x_rcc.o(.text) for RCC_APB1PeriphResetCmd
    stm32f10x_cec.o(.text) refers to stm32f10x_rcc.o(.text) for RCC_APB1PeriphResetCmd
    stm32f10x_dac.o(.text) refers to stm32f10x_rcc.o(.text) for RCC_APB1PeriphResetCmd
    stm32f10x_gpio.o(.text) refers to stm32f10x_rcc.o(.text) for RCC_APB2PeriphResetCmd
    stm32f10x_i2c.o(.text) refers to stm32f10x_rcc.o(.text) for RCC_APB1PeriphResetCmd
    stm32f10x_pwr.o(.text) refers to stm32f10x_rcc.o(.text) for RCC_APB1PeriphResetCmd
    stm32f10x_rcc.o(.text) refers to stm32f10x_rcc.o(.data) for APBAHBPrescTable
    stm32f10x_spi.o(.text) refers to stm32f10x_rcc.o(.text) for RCC_APB2PeriphResetCmd
    stm32f10x_tim.o(.text) refers to stm32f10x_rcc.o(.text) for RCC_APB2PeriphResetCmd
    stm32f10x_usart.o(.text) refers to stm32f10x_rcc.o(.text) for RCC_APB2PeriphResetCmd
    stm32f10x_wwdg.o(.text) refers to stm32f10x_rcc.o(.text) for RCC_APB1PeriphResetCmd
    delay.o(.text) refers to misc.o(.text) for SysTick_CLKSourceConfig
    delay.o(.text) refers to system_stm32f10x.o(.data) for SystemCoreClock
    delay.o(.text) refers to delay.o(.data) for fac_us
    led.o(.text) refers to stm32f10x_rcc.o(.text) for RCC_APB2PeriphClockCmd
    led.o(.text) refers to stm32f10x_gpio.o(.text) for GPIO_Init
    key.o(.text) refers to stm32f10x_rcc.o(.text) for RCC_APB2PeriphClockCmd
    key.o(.text) refers to stm32f10x_gpio.o(.text) for GPIO_Init
    key.o(.text) refers to delay.o(.text) for delay_ms
    keyint.o(.text) refers to stm32f10x_rcc.o(.text) for RCC_APB2PeriphClockCmd
    keyint.o(.text) refers to stm32f10x_gpio.o(.text) for GPIO_EXTILineConfig
    keyint.o(.text) refers to stm32f10x_exti.o(.text) for EXTI_Init
[...]
    printf7.o(i.__0vfprintf$7) refers to uart.o(.text) for fputc
    printf7.o(i.__0vprintf$7) refers to printf7.o(i._printf_core) for _printf_core
    printf7.o(i.__0vprintf$7) refers to uart.o(.text) for fputc
    printf7.o(i.__0vprintf$7) refers to stdout.o(.data) for __stdout
    printf7.o(i.__0vsnprintf$7) refers to printf7.o(i._printf_core) for _printf_core
    printf7.o(i.__0vsnprintf$7) refers to printf7.o(i._snputc) for _snputc
    printf7.o(i.__0vsprintf$7) refers to printf7.o(i._printf_core) for _printf_core
    printf7.o(i.__0vsprintf$7) refers to printf7.o(i._sputc) for _sputc
    printf7.o(i._printf_core) refers to printf7.o(i._printf_pre_padding) for _printf_pre_padding
    printf7.o(i._printf_core) refers to uldiv.o(.text) for __aeabi_uldivmod
    printf7.o(i._printf_core) refers to printf7.o(i._printf_post_padding) for _printf_post_padding
    printf8.o(i.__0fprintf$8) refers to printf8.o(i._printf_core) for _printf_core
    printf8.o(i.__0fprintf$8) refers to uart.o(.text) for fputc
    printf8.o(i.__0printf$8) refers to printf8.o(i._printf_core) for _printf_core
    printf8.o(i.__0printf$8) refers to uart.o(.text) for fputc
    printf8.o(i.__0printf$8) refers to stdout.o(.data) for __stdout
    printf8.o(i.__0snprintf$8) refers to printf8.o(i._printf_core) for _printf_core
    printf8.o(i.__0snprintf$8) refers to printf8.o(i._snputc) for _snputc
    printf8.o(i.__0sprintf$8) refers to printf8.o(i._printf_core) for _printf_core
    printf8.o(i.__0sprintf$8) refers to printf8.o(i._sputc) for _sputc
    printf8.o(i.__0vfprintf$8) refers to printf8.o(i._printf_core) for _printf_core
    printf8.o(i.__0vfprintf$8) refers to uart.o(.text) for fputc
    printf8.o(i.__0vprintf$8) refers to printf8.o(i._printf_core) for _printf_core
    printf8.o(i.__0vprintf$8) refers to uart.o(.text) for fputc
    printf8.o(i.__0vprintf$8) refers to stdout.o(.data) for __stdout
    printf8.o(i.__0vsnprintf$8) refers to printf8.o(i._printf_core) for _printf_core
    printf8.o(i.__0vsnprintf$8) refers to printf8.o(i._snputc) for _snputc
    printf8.o(i.__0vsprintf$8) refers to printf8.o(i._printf_core) for _printf_core
    printf8.o(i.__0vsprintf$8) refers to printf8.o(i._sputc) for _sputc
    printf8.o(i._printf_core) refers to printf8.o(i._printf_pre_padding) for _printf_pre_padding
    printf8.o(i._printf_core) refers to uldiv.o(.text) for __aeabi_uldivmod
    printf8.o(i._printf_core) refers to printf8.o(i._printf_post_padding) for _printf_post_padding
    printfa.o(i.__0fprintf) refers (Special) to iusefp.o(.text) for __I$use$fp
    printfa.o(i.__0fprintf) refers to printfa.o(i._printf_core) for _printf_core
    printfa.o(i.__0fprintf) refers to uart.o(.text) for fputc
    printfa.o(i.__0printf) refers (Special) to iusefp.o(.text) for __I$use$fp
    printfa.o(i.__0printf) refers to printfa.o(i._printf_core) for _printf_core
    printfa.o(i.__0printf) refers to uart.o(.text) for fputc
    printfa.o(i.__0printf) refers to stdout.o(.data) for __stdout
    printfa.o(i.__0snprintf) refers (Special) to iusefp.o(.text) for __I$use$fp
    printfa.o(i.__0snprintf) refers to printfa.o(i._printf_core) for _printf_core
    printfa.o(i.__0snprintf) refers to printfa.o(i._snputc) for _snputc
    printfa.o(i.__0sprintf) refers (Special) to iusefp.o(.text) for __I$use$fp
    printfa.o(i.__0sprintf) refers to printfa.o(i._printf_core) for _printf_core
    printfa.o(i.__0sprintf) refers to printfa.o(i._sputc) for _sputc
    printfa.o(i.__0vfprintf) refers (Special) to iusefp.o(.text) for __I$use$fp
    printfa.o(i.__0vfprintf) refers to printfa.o(i._printf_core) for _printf_core
    printfa.o(i.__0vfprintf) refers to uart.o(.text) for fputc
    printfa.o(i.__0vprintf) refers (Special) to iusefp.o(.text) for __I$use$fp
    printfa.o(i.__0vprintf) refers to printfa.o(i._printf_core) for _printf_core
    printfa.o(i.__0vprintf) refers to uart.o(.text) for fputc
    printfa.o(i.__0vprintf) refers to stdout.o(.data) for __stdout
    printfa.o(i.__0vsnprintf) refers (Special) to iusefp.o(.text) for __I$use$fp
    printfa.o(i.__0vsnprintf) refers to printfa.o(i._printf_core) for _printf_core
    printfa.o(i.__0vsnprintf) refers to printfa.o(i._snputc) for _snputc
    printfa.o(i.__0vsprintf) refers (Special) to iusefp.o(.text) for __I$use$fp
    printfa.o(i.__0vsprintf) refers to printfa.o(i._printf_core) for _printf_core
    printfa.o(i.__0vsprintf) refers to printfa.o(i._sputc) for _sputc
    printfa.o(i._fp_digits) refers (Special) to iusefp.o(.text) for __I$use$fp
    printfa.o(i._fp_digits) refers to dmul.o(.text) for __aeabi_dmul
    printfa.o(i._fp_digits) refers to ddiv.o(.text) for __aeabi_ddiv
    printfa.o(i._fp_digits) refers to cdrcmple.o(.text) for __aeabi_cdrcmple
    printfa.o(i._fp_digits) refers to dadd.o(.text) for __aeabi_dadd
    printfa.o(i._fp_digits) refers to dfixul.o(.text) for __aeabi_d2ulz
    printfa.o(i._fp_digits) refers to uldiv.o(.text) for __aeabi_uldivmod
    printfa.o(i._printf_core) refers (Special) to iusefp.o(.text) for __I$use$fp
    printfa.o(i._printf_core) refers to printfa.o(i._printf_pre_padding) for _printf_pre_padding
    printfa.o(i._printf_core) refers to uldiv.o(.text) for __aeabi_uldivmod
    printfa.o(i._printf_core) refers to printfa.o(i._printf_post_padding) for _printf_post_padding
    printfa.o(i._printf_core) refers to printfa.o(i._fp_digits) for _fp_digits
    printfa.o(i._printf_core) refers to uidiv.o(.text) for __aeabi_uidivmod
    printfa.o(i._printf_post_padding) refers (Special) to iusefp.o(.text) for __I$use$fp
    printfa.o(i._printf_pre_padding) refers (Special) to iusefp.o(.text) for __I$use$fp
    printfa.o(i._snputc) refers (Special) to iusefp.o(.text) for __I$use$fp
    printfa.o(i._sputc) refers (Special) to iusefp.o(.text) for __I$use$fp
    dmul.o(.text) refers (Special) to iusefp.o(.text) for __I$use$fp
    dmul.o(.text) refers to depilogue.o(.text) for _double_epilogue
    ddiv.o(.text) refers (Special) to iusefp.o(.text) for __I$use$fp
    ddiv.o(.text) refers to depilogue.o(.text) for _double_round
    fflti.o(.text) refers (Special) to iusefp.o(.text) for __I$use$fp
    fflti.o(.text) refers to fepilogue.o(.text) for _float_epilogue
    ffltui.o(.text) refers (Special) to iusefp.o(.text) for __I$use$fp
    ffltui.o(.text) refers to fepilogue.o(.text) for _float_epilogue
    dflti.o(.text) refers (Special) to iusefp.o(.text) for __I$use$fp
    dflti.o(.text) refers to depilogue.o(.text) for _double_epilogue
    dfltui.o(.text) refers (Special) to iusefp.o(.text) for __I$use$fp
    dfltui.o(.text) refers to depilogue.o(.text) for _double_epilogue
    dfixi.o(.text) refers (Special) to iusefp.o(.text) for __I$use$fp
    dfixi.o(.text) refers to llushr.o(.text) for __aeabi_llsr
    f2d.o(.text) refers (Special) to iusefp.o(.text) for __I$use$fp
    cdcmple.o(.text) refers (Special) to iusefp.o(.text) for __I$use$fp
    cdrcmple.o(.text) refers (Special) to iusefp.o(.text) for __I$use$fp
    d2f.o(.text) refers (Special) to iusefp.o(.text) for __I$use$fp
    d2f.o(.text) refers to fepilogue.o(.text) for _float_round
    entry2.o(.ARM.Collect$$$$00000001) refers to entry2.o(.ARM.Collect$$$$00002712) for __lit__00000000
    entry2.o(.ARM.Collect$$$$00002712) refers to startup_stm32f10x_hd.o(STACK) for __initial_sp
    entry2.o(__vectab_stack_and_reset_area) refers to startup_stm32f10x_hd.o(STACK) for __initial_sp
    entry2.o(__vectab_stack_and_reset_area) refers to entry.o(.ARM.Collect$$$$00000000) for __main
    entry5.o(.ARM.Collect$$$$00000004) refers to init.o(.text) for __scatterload
    entry9a.o(.ARM.Collect$$$$0000000B) refers to main.o(.text) for main
    entry9b.o(.ARM.Collect$$$$0000000C) refers to main.o(.text) for main
    uldiv.o(.text) refers to llushr.o(.text) for __aeabi_llsr
    uldiv.o(.text) refers to llshl.o(.text) for __aeabi_llsl
    depilogue.o(.text) refers to llshl.o(.text) for __aeabi_llsl
    depilogue.o(.text) refers to llushr.o(.text) for __aeabi_llsr
    dadd.o(.text) refers to llshl.o(.text) for __aeabi_llsl
    dadd.o(.text) refers to llsshr.o(.text) for __aeabi_lasr
    dadd.o(.text) refers to depilogue.o(.text) for _double_epilogue
    dfixul.o(.text) refers to llushr.o(.text) for __aeabi_llsr
    dfixul.o(.text) refers to llshl.o(.text) for __aeabi_llsl
    init.o(.text) refers to entry5.o(.ARM.Collect$$$$00000004) for __main_after_scatterload


==============================================================================

Removing Unused input sections from the image.

    Removing core_cm3.o(.emb_text), (32 bytes).
    Removing startup_stm32f10x_hd.o(HEAP), (512 bytes).
    Removing stm32f10x_bkp.o(.text), (196 bytes).
    Removing stm32f10x_can.o(.text), (2544 bytes).
    Removing stm32f10x_cec.o(.text), (288 bytes).
    Removing stm32f10x_crc.o(.text), (72 bytes).
    Removing stm32f10x_dac.o(.text), (396 bytes).
    Removing stm32f10x_dbgmcu.o(.text), (48 bytes).
    Removing stm32f10x_flash.o(.text), (1468 bytes).
    Removing stm32f10x_fsmc.o(.text), (1548 bytes).
    Removing stm32f10x_i2c.o(.text), (1028 bytes).
    Removing stm32f10x_iwdg.o(.text), (64 bytes).
    Removing stm32f10x_pwr.o(.text), (204 bytes).
    Removing stm32f10x_rtc.o(.text), (328 bytes).
    Removing stm32f10x_sdio.o(.text), (468 bytes).
    Removing stm32f10x_spi.o(.text), (780 bytes).
    Removing stm32f10x_wwdg.o(.text), (136 bytes).
    Removing sys.o(.emb_text), (6 bytes).
    Removing sys.o(.text), (12 bytes).

19 unused section(s) (total 10130 bytes) removed from the image.

==============================================================================

Image Symbol Table

    Local Symbols

    Symbol Name                              Value     Ov Type        Size  Object(Section)

    ../clib/../cmprslib/lz77c.c              0x00000000   Number         0  __dclz77c.o ABSOLUTE
    ../clib/microlib/division.c              0x00000000   Number         0  uldiv.o ABSOLUTE
    ../clib/microlib/division.c              0x00000000   Number         0  uidiv.o ABSOLUTE
    ../clib/microlib/init/entry.s            0x00000000   Number         0  entry8a.o ABSOLUTE
    ../clib/microlib/init/entry.s            0x00000000   Number         0  entry.o ABSOLUTE
    ../clib/microlib/init/entry.s            0x00000000   Number         0  entry11a.o ABSOLUTE
    ../clib/microlib/init/entry.s            0x00000000   Number         0  entry8b.o ABSOLUTE
    ../clib/microlib/init/entry.s            0x00000000   Number         0  entry10a.o ABSOLUTE
    ../clib/microlib/init/entry.s            0x00000000   Number         0  entry7a.o ABSOLUTE
    ../clib/microlib/init/entry.s            0x00000000   Number         0  entry5.o ABSOLUTE
    ../clib/microlib/init/entry.s            0x00000000   Number         0  entry9b.o ABSOLUTE
    ../clib/microlib/init/entry.s            0x00000000   Number         0  entry9a.o ABSOLUTE
    ../clib/microlib/init/entry.s            0x00000000   Number         0  entry10b.o ABSOLUTE
    ../clib/microlib/init/entry.s            0x00000000   Number         0  entry2.o ABSOLUTE
    ../clib/microlib/init/entry.s            0x00000000   Number         0  entry7b.o ABSOLUTE
    ../clib/microlib/init/entry.s            0x00000000   Number         0  entry11b.o ABSOLUTE
    ../clib/microlib/longlong.c              0x00000000   Number         0  llsshr.o ABSOLUTE
    ../clib/microlib/longlong.c              0x00000000   Number         0  llshl.o ABSOLUTE
    ../clib/microlib/longlong.c              0x00000000   Number         0  llushr.o ABSOLUTE
    ../clib/microlib/printf/printf.c         0x00000000   Number         0  printf1.o ABSOLUTE
    ../clib/microlib/printf/printf.c         0x00000000   Number         0  printf5.o ABSOLUTE
    ../clib/microlib/printf/printf.c         0x00000000   Number         0  printf4.o ABSOLUTE
    ../clib/microlib/printf/printf.c         0x00000000   Number         0  printf3.o ABSOLUTE
    ../clib/microlib/printf/printf.c         0x00000000   Number         0  printf2.o ABSOLUTE
    ../clib/microlib/printf/printf.c         0x00000000   Number         0  printf6.o ABSOLUTE
    ../clib/microlib/printf/printf.c         0x00000000   Number         0  printf0.o ABSOLUTE
    ../clib/microlib/printf/printf.c         0x00000000   Number         0  printfb.o ABSOLUTE
    ../clib/microlib/printf/printf.c         0x00000000   Number         0  printfa.o ABSOLUTE
    ../clib/microlib/printf/printf.c         0x00000000   Number         0  printf8.o ABSOLUTE
    ../clib/microlib/printf/printf.c         0x00000000   Number         0  printf7.o ABSOLUTE
    ../clib/microlib/printf/stubs.s          0x00000000   Number         0  stubs.o ABSOLUTE
    ../clib/microlib/stdio/streams.c         0x00000000   Number         0  stdout.o ABSOLUTE
    ../clib/microlib/string/strchr.c         0x00000000   Number         0  strchr.o ABSOLUTE
    ../clib/microlib/string/strstr.c         0x00000000   Number         0  strstr.o ABSOLUTE
    ../clib/microlib/stubs.s                 0x00000000   Number         0  iusefp.o ABSOLUTE
    ../fplib/microlib/d2f.c                  0x00000000   Number         0  d2f.o ABSOLUTE
    ../fplib/microlib/f2d.c                  0x00000000   Number         0  f2d.o ABSOLUTE
    ../fplib/microlib/fpadd.c                0x00000000   Number         0  dadd.o ABSOLUTE
    ../fplib/microlib/fpdiv.c                0x00000000   Number         0  ddiv.o ABSOLUTE
    ../fplib/microlib/fpepilogue.c           0x00000000   Number         0  depilogue.o ABSOLUTE
    ../fplib/microlib/fpepilogue.c           0x00000000   Number         0  fepilogue.o ABSOLUTE
    ../fplib/microlib/fpfix.c                0x00000000   Number         0  dfixi.o ABSOLUTE
    ../fplib/microlib/fpfix.c                0x00000000   Number         0  dfixul.o ABSOLUTE
    ../fplib/microlib/fpflt.c                0x00000000   Number         0  ffltui.o ABSOLUTE
    ../fplib/microlib/fpflt.c                0x00000000   Number         0  dflti.o ABSOLUTE
    ../fplib/microlib/fpflt.c                0x00000000   Number         0  fflti.o ABSOLUTE
    ../fplib/microlib/fpflt.c                0x00000000   Number         0  dfltui.o ABSOLUTE
    ../fplib/microlib/fpmul.c                0x00000000   Number         0  dmul.o ABSOLUTE
    ..\CORE\core_cm3.c                       0x00000000   Number         0  core_cm3.o ABSOLUTE
    ..\CORE\startup_stm32f10x_hd.s           0x00000000   Number         0  startup_stm32f10x_hd.o ABSOLUTE
    ..\STM32F10x_FWLib\src\misc.c            0x00000000   Number         0  misc.o ABSOLUTE
    ..\STM32F10x_FWLib\src\stm32f10x_adc.c   0x00000000   Number         0  stm32f10x_adc.o ABSOLUTE
    ..\STM32F10x_FWLib\src\stm32f10x_bkp.c   0x00000000   Number         0  stm32f10x_bkp.o ABSOLUTE
    ..\STM32F10x_FWLib\src\stm32f10x_can.c   0x00000000   Number         0  stm32f10x_can.o ABSOLUTE
    ..\STM32F10x_FWLib\src\stm32f10x_cec.c   0x00000000   Number         0  stm32f10x_cec.o ABSOLUTE
    ..\STM32F10x_FWLib\src\stm32f10x_crc.c   0x00000000   Number         0  stm32f10x_crc.o ABSOLUTE
    ..\STM32F10x_FWLib\src\stm32f10x_dac.c   0x00000000   Number         0  stm32f10x_dac.o ABSOLUTE
    ..\STM32F10x_FWLib\src\stm32f10x_dbgmcu.c 0x00000000   Number         0  stm32f10x_dbgmcu.o ABSOLUTE
    ..\STM32F10x_FWLib\src\stm32f10x_dma.c   0x00000000   Number         0  stm32f10x_dma.o ABSOLUTE
    ..\STM32F10x_FWLib\src\stm32f10x_exti.c  0x00000000   Number         0  stm32f10x_exti.o ABSOLUTE
    ..\STM32F10x_FWLib\src\stm32f10x_flash.c 0x00000000   Number         0  stm32f10x_flash.o ABSOLUTE
    ..\STM32F10x_FWLib\src\stm32f10x_fsmc.c  0x00000000   Number         0  stm32f10x_fsmc.o ABSOLUTE
    ..\STM32F10x_FWLib\src\stm32f10x_gpio.c  0x00000000   Number         0  stm32f10x_gpio.o ABSOLUTE
    ..\STM32F10x_FWLib\src\stm32f10x_i2c.c   0x00000000   Number         0  stm32f10x_i2c.o ABSOLUTE
    ..\STM32F10x_FWLib\src\stm32f10x_iwdg.c  0x00000000   Number         0  stm32f10x_iwdg.o ABSOLUTE
    ..\STM32F10x_FWLib\src\stm32f10x_pwr.c   0x00000000   Number         0  stm32f10x_pwr.o ABSOLUTE
    ..\STM32F10x_FWLib\src\stm32f10x_rcc.c   0x00000000   Number         0  stm32f10x_rcc.o ABSOLUTE
    ..\STM32F10x_FWLib\src\stm32f10x_rtc.c   0x00000000   Number         0  stm32f10x_rtc.o ABSOLUTE
    ..\STM32F10x_FWLib\src\stm32f10x_sdio.c  0x00000000   Number         0  stm32f10x_sdio.o ABSOLUTE
    ..\STM32F10x_FWLib\src\stm32f10x_spi.c   0x00000000   Number         0  stm32f10x_spi.o ABSOLUTE
    ..\STM32F10x_FWLib\src\stm32f10x_tim.c   0x00000000   Number         0  stm32f10x_tim.o ABSOLUTE
    ..\STM32F10x_FWLib\src\stm32f10x_usart.c 0x00000000   Number         0  stm32f10x_usart.o ABSOLUTE
    ..\STM32F10x_FWLib\src\stm32f10x_wwdg.c  0x00000000   Number         0  stm32f10x_wwdg.o ABSOLUTE
    ..\SYSTEM\delay\delay.c                  0x00000000   Number         0  delay.o ABSOLUTE
    ..\SYSTEM\sys\sys.c                      0x00000000   Number         0  sys.o ABSOLUTE
    ..\\CORE\\core_cm3.c                     0x00000000   Number         0  core_cm3.o ABSOLUTE
    ..\\SYSTEM\\sys\\sys.c                   0x00000000   Number         0  sys.o ABSOLUTE
    adc\adc.c                                0x00000000   Number         0  adc.o ABSOLUTE
    beep\beep.c                              0x00000000   Number         0  beep.o ABSOLUTE
    cdcmple.s                                0x00000000   Number         0  cdcmple.o ABSOLUTE
    cdrcmple.s                               0x00000000   Number         0  cdrcmple.o ABSOLUTE
    dc.s                                     0x00000000   Number         0  dc.o ABSOLUTE
    dht11\dht11_driver.c                     0x00000000   Number         0  dht11_driver.o ABSOLUTE
    dlc\beifen.c                             0x00000000   Number         0  beifen.o ABSOLUTE
    ds18b20\ds18b20.c                        0x00000000   Number         0  ds18b20.o ABSOLUTE
    handlers.s                               0x00000000   Number         0  handlers.o ABSOLUTE
    init.s                                   0x00000000   Number         0  init.o ABSOLUTE
    key\key.c                                0x00000000   Number         0  key.o ABSOLUTE
    keyint\keyint.c                          0x00000000   Number         0  keyint.o ABSOLUTE
    lcd1602\lcd1602.c                        0x00000000   Number         0  lcd1602.o ABSOLUTE
    led\led.c                                0x00000000   Number         0  led.o ABSOLUTE
    main.c                                   0x00000000   Number         0  main.o ABSOLUTE
    motor\motor.c                            0x00000000   Number         0  motor.o ABSOLUTE
    oled\oled_iic.c                          0x00000000   Number         0  oled_iic.o ABSOLUTE
    sg90\sg90.c                              0x00000000   Number         0  sg90.o ABSOLUTE
    stm32f10x_it.c                           0x00000000   Number         0  stm32f10x_it.o ABSOLUTE
    system_stm32f10x.c                       0x00000000   Number         0  system_stm32f10x.o ABSOLUTE
    tim3\tim3.c                              0x00000000   Number         0  tim3.o ABSOLUTE
    time6\tim6.c                             0x00000000   Number         0  tim6.o ABSOLUTE
    uart\uart.c                              0x00000000   Number         0  uart.o ABSOLUTE
    RESET                                    0x08000000   Section      304  startup_stm32f10x_hd.o(RESET)
    .ARM.Collect$$$$00000000                 0x08000130   Section        0  entry.o(.ARM.Collect$$$$00000000)
    .ARM.Collect$$$$00000001                 0x08000130   Section        4  entry2.o(.ARM.Collect$$$$00000001)
    .ARM.Collect$$$$00000004                 0x08000134   Section        4  entry5.o(.ARM.Collect$$$$00000004)
    .ARM.Collect$$$$00000008                 0x08000138   Section        0  entry7b.o(.ARM.Collect$$$$00000008)
    .ARM.Collect$$$$0000000A                 0x08000138   Section        0  entry8b.o(.ARM.Collect$$$$0000000A)
    .ARM.Collect$$$$0000000B                 0x08000138   Section        8  entry9a.o(.ARM.Collect$$$$0000000B)
    .ARM.Collect$$$$0000000D                 0x08000140   Section        0  entry10a.o(.ARM.Collect$$$$0000000D)
    .ARM.Collect$$$$0000000F                 0x08000140   Section        0  entry11a.o(.ARM.Collect$$$$0000000F)
    .ARM.Collect$$$$00002712                 0x08000140   Section        4  entry2.o(.ARM.Collect$$$$00002712)
    __lit__00000000                          0x08000140   Data           4  entry2.o(.ARM.Collect$$$$00002712)
    .text                                    0x08000144   Section        0  main.o(.text)
    .text                                    0x08000968   Section        0  stm32f10x_it.o(.text)
    .text                                    0x08000984   Section        0  system_stm32f10x.o(.text)
    SetSysClockTo72                          0x08000985   Thumb Code   214  system_stm32f10x.o(.text)
    SetSysClock                              0x08000a5b   Thumb Code     8  system_stm32f10x.o(.text)
    .text                                    0x08000b6c   Section       36  startup_stm32f10x_hd.o(.text)
    .text                                    0x08000b90   Section        0  misc.o(.text)
    .text                                    0x08000c6c   Section        0  stm32f10x_adc.o(.text)
    .text                                    0x080010bc   Section        0  stm32f10x_dma.o(.text)
    .text                                    0x08001310   Section        0  stm32f10x_exti.o(.text)
    .text                                    0x0800142c   Section        0  stm32f10x_gpio.o(.text)
    .text                                    0x08001788   Section        0  stm32f10x_rcc.o(.text)
    .text                                    0x08001b34   Section        0  stm32f10x_tim.o(.text)
    TI4_Config                               0x08001fdb   Thumb Code   130  stm32f10x_tim.o(.text)
    TI3_Config                               0x0800206f   Thumb Code   122  stm32f10x_tim.o(.text)
    TI2_Config                               0x08002103   Thumb Code   130  stm32f10x_tim.o(.text)
    TI1_Config                               0x08002197   Thumb Code   108  stm32f10x_tim.o(.text)
    .text                                    0x08002950   Section        0  stm32f10x_usart.o(.text)
    .text                                    0x08002d58   Section        0  delay.o(.text)
    .text                                    0x08002e2c   Section        0  led.o(.text)
    .text                                    0x08002e98   Section        0  key.o(.text)
    .text                                    0x08002f40   Section        0  keyint.o(.text)
    .text                                    0x08002fd8   Section        0  beep.o(.text)
    .text                                    0x08003010   Section        0  uart.o(.text)
    .text                                    0x0800314c   Section        0  tim6.o(.text)
    .text                                    0x08003214   Section        0  tim3.o(.text)
    .text                                    0x0800333c   Section        0  adc.o(.text)
    .text                                    0x0800344c   Section        0  lcd1602.o(.text)
    .text                                    0x08003688   Section        0  oled_iic.o(.text)
    IIC_Delay                                0x0800369b   Thumb Code    14  oled_iic.o(.text)
    .text                                    0x08003c08   Section        0  motor.o(.text)
    .text                                    0x08003cf4   Section        0  ds18b20.o(.text)
    .text                                    0x08003f7c   Section        0  dht11_driver.o(.text)
    DHT11_Mode_IPU                           0x08003faf   Thumb Code    26  dht11_driver.o(.text)
    DHT11_Mode_Out_PP                        0x08003fc9   Thumb Code    32  dht11_driver.o(.text)
    Read_Byte                                0x08003fe9   Thumb Code    96  dht11_driver.o(.text)
    .text                                    0x080040f4   Section        0  sg90.o(.text)
    .text                                    0x080041a4   Section        0  strstr.o(.text)
    .text                                    0x080041c8   Section        0  strchr.o(.text)
    .text                                    0x080041dc   Section        0  dmul.o(.text)
    .text                                    0x080042c0   Section        0  ddiv.o(.text)
    .text                                    0x0800439e   Section        0  fflti.o(.text)
    .text                                    0x080043b0   Section        0  ffltui.o(.text)
    .text                                    0x080043ba   Section        0  dflti.o(.text)
    .text                                    0x080043dc   Section        0  dfltui.o(.text)
    .text                                    0x080043f6   Section        0  dfixi.o(.text)
    .text                                    0x08004434   Section        0  f2d.o(.text)
    .text                                    0x0800445c   Section       48  cdcmple.o(.text)
    .text                                    0x0800448c   Section       48  cdrcmple.o(.text)
    .text                                    0x080044bc   Section        0  d2f.o(.text)
    .text                                    0x080044f4   Section        0  uidiv.o(.text)
    .text                                    0x08004520   Section        0  uldiv.o(.text)
    .text                                    0x08004582   Section        0  llushr.o(.text)
    .text                                    0x080045a2   Section        0  fepilogue.o(.text)
    .text                                    0x080045a2   Section        0  iusefp.o(.text)
    .text                                    0x08004610   Section        0  depilogue.o(.text)
    .text                                    0x080046ca   Section        0  dadd.o(.text)
    .text                                    0x08004818   Section        0  dfixul.o(.text)
    .text                                    0x08004848   Section       36  init.o(.text)
    .text                                    0x0800486c   Section        0  llshl.o(.text)
    .text                                    0x0800488a   Section        0  llsshr.o(.text)
    .text                                    0x080048ae   Section        0  __dclz77c.o(.text)
    i.__0printf                              0x0800490c   Section        0  printfa.o(i.__0printf)
    i.__0sprintf                             0x0800492c   Section        0  printfa.o(i.__0sprintf)
    i.__scatterload_copy                     0x08004954   Section       14  handlers.o(i.__scatterload_copy)
    i.__scatterload_null                     0x08004962   Section        2  handlers.o(i.__scatterload_null)
    i.__scatterload_zeroinit                 0x08004964   Section       14  handlers.o(i.__scatterload_zeroinit)
    i._fp_digits                             0x08004974   Section        0  printfa.o(i._fp_digits)
    _fp_digits                               0x08004975   Thumb Code   334  printfa.o(i._fp_digits)
    i._printf_core                           0x08004ad8   Section        0  printfa.o(i._printf_core)
    _printf_core                             0x08004ad9   Thumb Code  1744  printfa.o(i._printf_core)
    i._printf_post_padding                   0x080051b4   Section        0  printfa.o(i._printf_post_padding)
    _printf_post_padding                     0x080051b5   Thumb Code    36  printfa.o(i._printf_post_padding)
    i._printf_pre_padding                    0x080051d8   Section        0  printfa.o(i._printf_pre_padding)
    _printf_pre_padding                      0x080051d9   Thumb Code    46  printfa.o(i._printf_pre_padding)
    i._sputc                                 0x08005206   Section        0  printfa.o(i._sputc)
    _sputc                                   0x08005207   Thumb Code    10  printfa.o(i._sputc)
    .data                                    0x20000000   Section       64  main.o(.data)
    .data                                    0x20000040   Section       20  system_stm32f10x.o(.data)
    .data                                    0x20000054   Section       20  stm32f10x_rcc.o(.data)
    APBAHBPrescTable                         0x20000054   Data          16  stm32f10x_rcc.o(.data)
    ADCPrescTable                            0x20000064   Data           4  stm32f10x_rcc.o(.data)
    .data                                    0x20000068   Section        4  delay.o(.data)
    fac_us                                   0x20000068   Data           1  delay.o(.data)
    fac_ms                                   0x2000006a   Data           2  delay.o(.data)
    .data                                    0x2000006c   Section        1  keyint.o(.data)
    .data                                    0x2000006d   Section        2  uart.o(.data)
    .data                                    0x20000070   Section        7  tim6.o(.data)
    .data                                    0x20000077   Section        2  tim3.o(.data)
    .data                                    0x2000007a   Section        4  adc.o(.data)
    .data                                    0x20000080   Section     4344  oled_iic.o(.data)
    .data                                    0x20001178   Section       16  motor.o(.data)
    .data                                    0x20001188   Section        4  stdout.o(.data)
    .bss                                     0x2000118c   Section       32  uart.o(.bss)
    STACK                                    0x200011b0   Section     1024  startup_stm32f10x_hd.o(STACK)

    Global Symbols

    Symbol Name                              Value     Ov Type        Size  Object(Section)

    BuildAttributes$$THM_ISAv4$P$D$K$B$S$PE$A:L22UL41UL21$X:L11$S22US41US21$IEEE1$IW$USESV6$~STKCKD$USESV7$~SHL$OTIME$ROPI$EBA8$MICROLIB$REQ8$PRES8$EABIv2 0x00000000   Number         0  anon$$obj.o ABSOLUTE
    __ARM_use_no_argv                        0x00000000   Number         0  main.o ABSOLUTE
    _printf_a                                0x00000000   Number         0  stubs.o ABSOLUTE
    _printf_c                                0x00000000   Number         0  stubs.o ABSOLUTE
    _printf_charcount                        0x00000000   Number         0  stubs.o ABSOLUTE
    _printf_d                                0x00000000   Number         0  stubs.o ABSOLUTE
    _printf_e                                0x00000000   Number         0  stubs.o ABSOLUTE
    _printf_f                                0x00000000   Number         0  stubs.o ABSOLUTE
    _printf_flags                            0x00000000   Number         0  stubs.o ABSOLUTE
    _printf_fp_dec                           0x00000000   Number         0  stubs.o ABSOLUTE
    _printf_fp_hex                           0x00000000   Number         0  stubs.o ABSOLUTE
    _printf_g                                0x00000000   Number         0  stubs.o ABSOLUTE
    _printf_i                                0x00000000   Number         0  stubs.o ABSOLUTE
    _printf_int_dec                          0x00000000   Number         0  stubs.o ABSOLUTE
    _printf_l                                0x00000000   Number         0  stubs.o ABSOLUTE
    _printf_lc                               0x00000000   Number         0  stubs.o ABSOLUTE
    _printf_ll                               0x00000000   Number         0  stubs.o ABSOLUTE
    _printf_lld                              0x00000000   Number         0  stubs.o ABSOLUTE
    _printf_lli                              0x00000000   Number         0  stubs.o ABSOLUTE
    _printf_llo                              0x00000000   Number         0  stubs.o ABSOLUTE
    _printf_llu                              0x00000000   Number         0  stubs.o ABSOLUTE
    _printf_llx                              0x00000000   Number         0  stubs.o ABSOLUTE
    _printf_longlong_dec                     0x00000000   Number         0  stubs.o ABSOLUTE
    _printf_longlong_hex                     0x00000000   Number         0  stubs.o ABSOLUTE
    _printf_longlong_oct                     0x00000000   Number         0  stubs.o ABSOLUTE
    _printf_ls                               0x00000000   Number         0  stubs.o ABSOLUTE
    _printf_mbtowc                           0x00000000   Number         0  stubs.o ABSOLUTE
    _printf_n                                0x00000000   Number         0  stubs.o ABSOLUTE
    _printf_o                                0x00000000   Number         0  stubs.o ABSOLUTE
    _printf_p                                0x00000000   Number         0  stubs.o ABSOLUTE
    _printf_percent                          0x00000000   Number         0  stubs.o ABSOLUTE
    _printf_pre_padding                      0x00000000   Number         0  stubs.o ABSOLUTE
    _printf_return_value                     0x00000000   Number         0  stubs.o ABSOLUTE
    _printf_s                                0x00000000   Number         0  stubs.o ABSOLUTE
    _printf_sizespec                         0x00000000   Number         0  stubs.o ABSOLUTE
    _printf_str                              0x00000000   Number         0  stubs.o ABSOLUTE
    _printf_truncate_signed                  0x00000000   Number         0  stubs.o ABSOLUTE
    _printf_truncate_unsigned                0x00000000   Number         0  stubs.o ABSOLUTE
    _printf_u                                0x00000000   Number         0  stubs.o ABSOLUTE
    _printf_wc                               0x00000000   Number         0  stubs.o ABSOLUTE
    _printf_wctomb                           0x00000000   Number         0  stubs.o ABSOLUTE
    _printf_widthprec                        0x00000000   Number         0  stubs.o ABSOLUTE
    _printf_x                                0x00000000   Number         0  stubs.o ABSOLUTE
    __cpp_initialize__aeabi_                  - Undefined Weak Reference
    __cxa_finalize                            - Undefined Weak Reference
    _clock_init                               - Undefined Weak Reference
    _microlib_exit                            - Undefined Weak Reference
    __Vectors_Size                           0x00000130   Number         0  startup_stm32f10x_hd.o ABSOLUTE
    __Vectors                                0x08000000   Data           4  startup_stm32f10x_hd.o(RESET)
    __Vectors_End                            0x08000130   Data           0  startup_stm32f10x_hd.o(RESET)
    __main                                   0x08000131   Thumb Code     0  entry.o(.ARM.Collect$$$$00000000)
    _main_stk                                0x08000131   Thumb Code     0  entry2.o(.ARM.Collect$$$$00000001)
    _main_scatterload                        0x08000135   Thumb Code     0  entry5.o(.ARM.Collect$$$$00000004)
    __main_after_scatterload                 0x08000139   Thumb Code     0  entry5.o(.ARM.Collect$$$$00000004)
    _main_clock                              0x08000139   Thumb Code     0  entry7b.o(.ARM.Collect$$$$00000008)
    _main_cpp_init                           0x08000139   Thumb Code     0  entry8b.o(.ARM.Collect$$$$0000000A)
    _main_init                               0x08000139   Thumb Code     0  entry9a.o(.ARM.Collect$$$$0000000B)
    __rt_final_cpp                           0x08000141   Thumb Code     0  entry10a.o(.ARM.Collect$$$$0000000D)
    __rt_final_exit                          0x08000141   Thumb Code     0  entry11a.o(.ARM.Collect$$$$0000000F)
    main                                     0x08000145   Thumb Code  1700  main.o(.text)
    NMI_Handler                              0x08000969   Thumb Code     2  stm32f10x_it.o(.text)
    HardFault_Handler                        0x0800096b   Thumb Code     4  stm32f10x_it.o(.text)
    MemManage_Handler                        0x0800096f   Thumb Code     4  stm32f10x_it.o(.text)
    BusFault_Handler                         0x08000973   Thumb Code     4  stm32f10x_it.o(.text)
    UsageFault_Handler                       0x08000977   Thumb Code     4  stm32f10x_it.o(.text)
    SVC_Handler                              0x0800097b   Thumb Code     2  stm32f10x_it.o(.text)
    DebugMon_Handler                         0x0800097d   Thumb Code     2  stm32f10x_it.o(.text)
    PendSV_Handler                           0x0800097f   Thumb Code     2  stm32f10x_it.o(.text)
    SysTick_Handler                          0x08000981   Thumb Code     2  stm32f10x_it.o(.text)
    SystemInit                               0x08000a63   Thumb Code    78  system_stm32f10x.o(.text)
    SystemCoreClockUpdate                    0x08000ab1   Thumb Code   142  system_stm32f10x.o(.text)
    Reset_Handler                            0x08000b6d   Thumb Code     8  startup_stm32f10x_hd.o(.text)
    ADC1_2_IRQHandler                        0x08000b87   Thumb Code     0  startup_stm32f10x_hd.o(.text)
    ADC3_IRQHandler                          0x08000b87   Thumb Code     0  startup_stm32f10x_hd.o(.text)
    CAN1_RX1_IRQHandler                      0x08000b87   Thumb Code     0  startup_stm32f10x_hd.o(.text)
    CAN1_SCE_IRQHandler                      0x08000b87   Thumb Code     0  startup_stm32f10x_hd.o(.text)
    DMA1_Channel1_IRQHandler                 0x08000b87   Thumb Code     0  startup_stm32f10x_hd.o(.text)
    DMA1_Channel2_IRQHandler                 0x08000b87   Thumb Code     0  startup_stm32f10x_hd.o(.text)
    DMA1_Channel3_IRQHandler                 0x08000b87   Thumb Code     0  startup_stm32f10x_hd.o(.text)
    DMA1_Channel4_IRQHandler                 0x08000b87   Thumb Code     0  startup_stm32f10x_hd.o(.text)
    DMA1_Channel5_IRQHandler                 0x08000b87   Thumb Code     0  startup_stm32f10x_hd.o(.text)
    DMA1_Channel6_IRQHandler                 0x08000b87   Thumb Code     0  startup_stm32f10x_hd.o(.text)
    DMA1_Channel7_IRQHandler                 0x08000b87   Thumb Code     0  startup_stm32f10x_hd.o(.text)
    DMA2_Channel1_IRQHandler                 0x08000b87   Thumb Code     0  startup_stm32f10x_hd.o(.text)
    DMA2_Channel2_IRQHandler                 0x08000b87   Thumb Code     0  startup_stm32f10x_hd.o(.text)
    DMA2_Channel3_IRQHandler                 0x08000b87   Thumb Code     0  startup_stm32f10x_hd.o(.text)
    DMA2_Channel4_5_IRQHandler               0x08000b87   Thumb Code     0  startup_stm32f10x_hd.o(.text)
    EXTI0_IRQHandler                         0x08000b87   Thumb Code     0  startup_stm32f10x_hd.o(.text)
    EXTI15_10_IRQHandler                     0x08000b87   Thumb Code     0  startup_stm32f10x_hd.o(.text)
    EXTI1_IRQHandler                         0x08000b87   Thumb Code     0  startup_stm32f10x_hd.o(.text)
    EXTI2_IRQHandler                         0x08000b87   Thumb Code     0  startup_stm32f10x_hd.o(.text)
    EXTI3_IRQHandler                         0x08000b87   Thumb Code     0  startup_stm32f10x_hd.o(.text)
    EXTI9_5_IRQHandler                       0x08000b87   Thumb Code     0  startup_stm32f10x_hd.o(.text)
    FLASH_IRQHandler                         0x08000b87   Thumb Code     0  startup_stm32f10x_hd.o(.text)
    FSMC_IRQHandler                          0x08000b87   Thumb Code     0  startup_stm32f10x_hd.o(.text)
    I2C1_ER_IRQHandler                       0x08000b87   Thumb Code     0  startup_stm32f10x_hd.o(.text)
    I2C1_EV_IRQHandler                       0x08000b87   Thumb Code     0  startup_stm32f10x_hd.o(.text)
    I2C2_ER_IRQHandler                       0x08000b87   Thumb Code     0  startup_stm32f10x_hd.o(.text)
    I2C2_EV_IRQHandler                       0x08000b87   Thumb Code     0  startup_stm32f10x_hd.o(.text)
    PVD_IRQHandler                           0x08000b87   Thumb Code     0  startup_stm32f10x_hd.o(.text)
    RCC_IRQHandler                           0x08000b87   Thumb Code     0  startup_stm32f10x_hd.o(.text)
    RTCAlarm_IRQHandler                      0x08000b87   Thumb Code     0  startup_stm32f10x_hd.o(.text)
    RTC_IRQHandler                           0x08000b87   Thumb Code     0  startup_stm32f10x_hd.o(.text)
    SDIO_IRQHandler                          0x08000b87   Thumb Code     0  startup_stm32f10x_hd.o(.text)
    SPI1_IRQHandler                          0x08000b87   Thumb Code     0  startup_stm32f10x_hd.o(.text)
    SPI2_IRQHandler                          0x08000b87   Thumb Code     0  startup_stm32f10x_hd.o(.text)
    SPI3_IRQHandler                          0x08000b87   Thumb Code     0  startup_stm32f10x_hd.o(.text)
    TAMPER_IRQHandler                        0x08000b87   Thumb Code     0  startup_stm32f10x_hd.o(.text)
    TIM1_BRK_IRQHandler                      0x08000b87   Thumb Code     0  startup_stm32f10x_hd.o(.text)
    TIM1_CC_IRQHandler                       0x08000b87   Thumb Code     0  startup_stm32f10x_hd.o(.text)
    TIM1_TRG_COM_IRQHandler                  0x08000b87   Thumb Code     0  startup_stm32f10x_hd.o(.text)
    TIM1_UP_IRQHandler                       0x08000b87   Thumb Code     0  startup_stm32f10x_hd.o(.text)
    TIM2_IRQHandler                          0x08000b87   Thumb Code     0  startup_stm32f10x_hd.o(.text)
    TIM4_IRQHandler                          0x08000b87   Thumb Code     0  startup_stm32f10x_hd.o(.text)
    TIM5_IRQHandler                          0x08000b87   Thumb Code     0  startup_stm32f10x_hd.o(.text)
    TIM7_IRQHandler                          0x08000b87   Thumb Code     0  startup_stm32f10x_hd.o(.text)
    TIM8_BRK_IRQHandler                      0x08000b87   Thumb Code     0  startup_stm32f10x_hd.o(.text)
    TIM8_CC_IRQHandler                       0x08000b87   Thumb Code     0  startup_stm32f10x_hd.o(.text)
    TIM8_TRG_COM_IRQHandler                  0x08000b87   Thumb Code     0  startup_stm32f10x_hd.o(.text)
    TIM8_UP_IRQHandler                       0x08000b87   Thumb Code     0  startup_stm32f10x_hd.o(.text)
    UART4_IRQHandler                         0x08000b87   Thumb Code     0  startup_stm32f10x_hd.o(.text)
    UART5_IRQHandler                         0x08000b87   Thumb Code     0  startup_stm32f10x_hd.o(.text)
    USART2_IRQHandler                        0x08000b87   Thumb Code     0  startup_stm32f10x_hd.o(.text)
    USART3_IRQHandler                        0x08000b87   Thumb Code     0  startup_stm32f10x_hd.o(.text)
    USBWakeUp_IRQHandler                     0x08000b87   Thumb Code     0  startup_stm32f10x_hd.o(.text)
    USB_HP_CAN1_TX_IRQHandler                0x08000b87   Thumb Code     0  startup_stm32f10x_hd.o(.text)
    USB_LP_CAN1_RX0_IRQHandler               0x08000b87   Thumb Code     0  startup_stm32f10x_hd.o(.text)
    WWDG_IRQHandler                          0x08000b87   Thumb Code     0  startup_stm32f10x_hd.o(.text)
    NVIC_PriorityGroupConfig                 0x08000b91   Thumb Code    10  misc.o(.text)
    NVIC_Init                                0x08000b9b   Thumb Code   100  misc.o(.text)
    NVIC_SetVectorTable                      0x08000bff   Thumb Code    14  misc.o(.text)
    NVIC_SystemLPConfig                      0x08000c0d   Thumb Code    34  misc.o(.text)
    SysTick_CLKSourceConfig                  0x08000c2f   Thumb Code    40  misc.o(.text)
    ADC_DeInit                               0x08000c6d   Thumb Code    78  stm32f10x_adc.o(.text)
    ADC_Init                                 0x08000cbb   Thumb Code    70  stm32f10x_adc.o(.text)
    ADC_StructInit                           0x08000d01   Thumb Code    18  stm32f10x_adc.o(.text)
    ADC_Cmd                                  0x08000d13   Thumb Code    22  stm32f10x_adc.o(.text)
    ADC_DMACmd                               0x08000d29   Thumb Code    22  stm32f10x_adc.o(.text)
    ADC_ITConfig                             0x08000d3f   Thumb Code    24  stm32f10x_adc.o(.text)
    ADC_ResetCalibration                     0x08000d57   Thumb Code    10  stm32f10x_adc.o(.text)
    ADC_GetResetCalibrationStatus            0x08000d61   Thumb Code    20  stm32f10x_adc.o(.text)
    ADC_StartCalibration                     0x08000d75   Thumb Code    10  stm32f10x_adc.o(.text)
    ADC_GetCalibrationStatus                 0x08000d7f   Thumb Code    20  stm32f10x_adc.o(.text)
    ADC_SoftwareStartConvCmd                 0x08000d93   Thumb Code    22  stm32f10x_adc.o(.text)
    ADC_GetSoftwareStartConvStatus           0x08000da9   Thumb Code    20  stm32f10x_adc.o(.text)
    ADC_DiscModeChannelCountConfig           0x08000dbd   Thumb Code    24  stm32f10x_adc.o(.text)
    ADC_DiscModeCmd                          0x08000dd5   Thumb Code    22  stm32f10x_adc.o(.text)
    ADC_RegularChannelConfig                 0x08000deb   Thumb Code   184  stm32f10x_adc.o(.text)
    ADC_ExternalTrigConvCmd                  0x08000ea3   Thumb Code    22  stm32f10x_adc.o(.text)
    ADC_GetConversionValue                   0x08000eb9   Thumb Code     8  stm32f10x_adc.o(.text)
    ADC_GetDualModeConversionValue           0x08000ec1   Thumb Code     8  stm32f10x_adc.o(.text)
    ADC_AutoInjectedConvCmd                  0x08000ec9   Thumb Code    22  stm32f10x_adc.o(.text)
    ADC_InjectedDiscModeCmd                  0x08000edf   Thumb Code    22  stm32f10x_adc.o(.text)
    ADC_ExternalTrigInjectedConvConfig       0x08000ef5   Thumb Code    16  stm32f10x_adc.o(.text)
    ADC_ExternalTrigInjectedConvCmd          0x08000f05   Thumb Code    22  stm32f10x_adc.o(.text)
    ADC_SoftwareStartInjectedConvCmd         0x08000f1b   Thumb Code    22  stm32f10x_adc.o(.text)
    ADC_GetSoftwareStartInjectedConvCmdStatus 0x08000f31   Thumb Code    20  stm32f10x_adc.o(.text)
    ADC_InjectedChannelConfig                0x08000f45   Thumb Code   130  stm32f10x_adc.o(.text)
    ADC_InjectedSequencerLengthConfig        0x08000fc7   Thumb Code    24  stm32f10x_adc.o(.text)
    ADC_SetInjectedOffset                    0x08000fdf   Thumb Code    20  stm32f10x_adc.o(.text)
    ADC_GetInjectedConversionValue           0x08000ff3   Thumb Code    28  stm32f10x_adc.o(.text)
    ADC_AnalogWatchdogCmd                    0x0800100f   Thumb Code    16  stm32f10x_adc.o(.text)
    ADC_AnalogWatchdogThresholdsConfig       0x0800101f   Thumb Code     6  stm32f10x_adc.o(.text)
    ADC_AnalogWatchdogSingleChannelConfig    0x08001025   Thumb Code    16  stm32f10x_adc.o(.text)
    ADC_TempSensorVrefintCmd                 0x08001035   Thumb Code    64  stm32f10x_adc.o(.text)
    ADC_GetFlagStatus                        0x08001075   Thumb Code    18  stm32f10x_adc.o(.text)
    ADC_ClearFlag                            0x08001087   Thumb Code     6  stm32f10x_adc.o(.text)
    ADC_GetITStatus                          0x0800108d   Thumb Code    36  stm32f10x_adc.o(.text)
    ADC_ClearITPendingBit                    0x080010b1   Thumb Code    10  stm32f10x_adc.o(.text)
    DMA_DeInit                               0x080010bd   Thumb Code   324  stm32f10x_dma.o(.text)
    DMA_Init                                 0x08001201   Thumb Code    60  stm32f10x_dma.o(.text)
    DMA_StructInit                           0x0800123d   Thumb Code    26  stm32f10x_dma.o(.text)
    DMA_Cmd                                  0x08001257   Thumb Code    24  stm32f10x_dma.o(.text)
    DMA_ITConfig                             0x0800126f   Thumb Code    18  stm32f10x_dma.o(.text)
    DMA_SetCurrDataCounter                   0x08001281   Thumb Code     4  stm32f10x_dma.o(.text)
    DMA_GetCurrDataCounter                   0x08001285   Thumb Code     8  stm32f10x_dma.o(.text)
    DMA_GetFlagStatus                        0x0800128d   Thumb Code    40  stm32f10x_dma.o(.text)
    DMA_ClearFlag                            0x080012b5   Thumb Code    22  stm32f10x_dma.o(.text)
    DMA_GetITStatus                          0x080012cb   Thumb Code    40  stm32f10x_dma.o(.text)
    DMA_ClearITPendingBit                    0x080012f3   Thumb Code    22  stm32f10x_dma.o(.text)
    EXTI_DeInit                              0x08001311   Thumb Code    28  stm32f10x_exti.o(.text)
    EXTI_Init                                0x0800132d   Thumb Code   142  stm32f10x_exti.o(.text)
    EXTI_StructInit                          0x080013bb   Thumb Code    16  stm32f10x_exti.o(.text)
    EXTI_GenerateSWInterrupt                 0x080013cb   Thumb Code    16  stm32f10x_exti.o(.text)
    EXTI_GetFlagStatus                       0x080013db   Thumb Code    22  stm32f10x_exti.o(.text)
    EXTI_ClearFlag                           0x080013f1   Thumb Code     8  stm32f10x_exti.o(.text)
    EXTI_GetITStatus                         0x080013f9   Thumb Code    34  stm32f10x_exti.o(.text)
    EXTI_ClearITPendingBit                   0x0800141b   Thumb Code     8  stm32f10x_exti.o(.text)
    GPIO_DeInit                              0x0800142d   Thumb Code   172  stm32f10x_gpio.o(.text)
    GPIO_AFIODeInit                          0x080014d9   Thumb Code    20  stm32f10x_gpio.o(.text)
    GPIO_Init                                0x080014ed   Thumb Code   278  stm32f10x_gpio.o(.text)
    GPIO_StructInit                          0x08001603   Thumb Code    16  stm32f10x_gpio.o(.text)
    GPIO_ReadInputDataBit                    0x08001613   Thumb Code    18  stm32f10x_gpio.o(.text)
    GPIO_ReadInputData                       0x08001625   Thumb Code     8  stm32f10x_gpio.o(.text)
    GPIO_ReadOutputDataBit                   0x0800162d   Thumb Code    18  stm32f10x_gpio.o(.text)
    GPIO_ReadOutputData                      0x0800163f   Thumb Code     8  stm32f10x_gpio.o(.text)
    GPIO_SetBits                             0x08001647   Thumb Code     4  stm32f10x_gpio.o(.text)
    GPIO_ResetBits                           0x0800164b   Thumb Code     4  stm32f10x_gpio.o(.text)
    GPIO_WriteBit                            0x0800164f   Thumb Code    10  stm32f10x_gpio.o(.text)
    GPIO_Write                               0x08001659   Thumb Code     4  stm32f10x_gpio.o(.text)
    GPIO_PinLockConfig                       0x0800165d   Thumb Code    18  stm32f10x_gpio.o(.text)
    GPIO_EventOutputConfig                   0x0800166f   Thumb Code    26  stm32f10x_gpio.o(.text)
    GPIO_EventOutputCmd                      0x08001689   Thumb Code     6  stm32f10x_gpio.o(.text)
    GPIO_PinRemapConfig                      0x0800168f   Thumb Code   138  stm32f10x_gpio.o(.text)
    GPIO_EXTILineConfig                      0x08001719   Thumb Code    66  stm32f10x_gpio.o(.text)
    GPIO_ETH_MediaInterfaceConfig            0x0800175b   Thumb Code     8  stm32f10x_gpio.o(.text)
    RCC_DeInit                               0x08001789   Thumb Code    64  stm32f10x_rcc.o(.text)
    RCC_HSEConfig                            0x080017c9   Thumb Code    70  stm32f10x_rcc.o(.text)
    RCC_GetFlagStatus                        0x0800180f   Thumb Code    56  stm32f10x_rcc.o(.text)
    RCC_WaitForHSEStartUp                    0x08001847   Thumb Code    56  stm32f10x_rcc.o(.text)
    RCC_AdjustHSICalibrationValue            0x0800187f   Thumb Code    20  stm32f10x_rcc.o(.text)
    RCC_HSICmd                               0x08001893   Thumb Code     6  stm32f10x_rcc.o(.text)
    RCC_PLLConfig                            0x08001899   Thumb Code    24  stm32f10x_rcc.o(.text)
    RCC_PLLCmd                               0x080018b1   Thumb Code     6  stm32f10x_rcc.o(.text)
    RCC_SYSCLKConfig                         0x080018b7   Thumb Code    18  stm32f10x_rcc.o(.text)
    RCC_GetSYSCLKSource                      0x080018c9   Thumb Code    10  stm32f10x_rcc.o(.text)
    RCC_HCLKConfig                           0x080018d3   Thumb Code    18  stm32f10x_rcc.o(.text)
    RCC_PCLK1Config                          0x080018e5   Thumb Code    18  stm32f10x_rcc.o(.text)
    RCC_PCLK2Config                          0x080018f7   Thumb Code    20  stm32f10x_rcc.o(.text)
    RCC_ITConfig                             0x0800190b   Thumb Code    26  stm32f10x_rcc.o(.text)
    RCC_USBCLKConfig                         0x08001925   Thumb Code     8  stm32f10x_rcc.o(.text)
    RCC_ADCCLKConfig                         0x0800192d   Thumb Code    18  stm32f10x_rcc.o(.text)
    RCC_LSEConfig                            0x0800193f   Thumb Code    50  stm32f10x_rcc.o(.text)
    RCC_LSICmd                               0x08001971   Thumb Code     6  stm32f10x_rcc.o(.text)
    RCC_RTCCLKConfig                         0x08001977   Thumb Code    12  stm32f10x_rcc.o(.text)
    RCC_RTCCLKCmd                            0x08001983   Thumb Code     8  stm32f10x_rcc.o(.text)
    RCC_GetClocksFreq                        0x0800198b   Thumb Code   192  stm32f10x_rcc.o(.text)
    RCC_AHBPeriphClockCmd                    0x08001a4b   Thumb Code    26  stm32f10x_rcc.o(.text)
    RCC_APB2PeriphClockCmd                   0x08001a65   Thumb Code    26  stm32f10x_rcc.o(.text)
    RCC_APB1PeriphClockCmd                   0x08001a7f   Thumb Code    26  stm32f10x_rcc.o(.text)
    RCC_APB2PeriphResetCmd                   0x08001a99   Thumb Code    26  stm32f10x_rcc.o(.text)
    RCC_APB1PeriphResetCmd                   0x08001ab3   Thumb Code    26  stm32f10x_rcc.o(.text)
    RCC_BackupResetCmd                       0x08001acd   Thumb Code     8  stm32f10x_rcc.o(.text)
    RCC_ClockSecuritySystemCmd               0x08001ad5   Thumb Code     6  stm32f10x_rcc.o(.text)
    RCC_MCOConfig                            0x08001adb   Thumb Code     6  stm32f10x_rcc.o(.text)
    RCC_ClearFlag                            0x08001ae1   Thumb Code    14  stm32f10x_rcc.o(.text)
    RCC_GetITStatus                          0x08001aef   Thumb Code    20  stm32f10x_rcc.o(.text)
    RCC_ClearITPendingBit                    0x08001b03   Thumb Code     6  stm32f10x_rcc.o(.text)
    TIM_DeInit                               0x08001b35   Thumb Code   424  stm32f10x_tim.o(.text)
    TIM_TimeBaseInit                         0x08001cdd   Thumb Code   122  stm32f10x_tim.o(.text)
    TIM_OC1Init                              0x08001d57   Thumb Code   132  stm32f10x_tim.o(.text)
    TIM_OC2Init                              0x08001ddb   Thumb Code   154  stm32f10x_tim.o(.text)
    TIM_OC3Init                              0x08001e75   Thumb Code   150  stm32f10x_tim.o(.text)
    TIM_OC4Init                              0x08001f0b   Thumb Code   182  stm32f10x_tim.o(.text)
    TIM_SetIC4Prescaler                      0x08001fc1   Thumb Code    26  stm32f10x_tim.o(.text)
    TIM_SetIC3Prescaler                      0x0800205d   Thumb Code    18  stm32f10x_tim.o(.text)
    TIM_SetIC2Prescaler                      0x080020e9   Thumb Code    26  stm32f10x_tim.o(.text)
    TIM_SetIC1Prescaler                      0x08002185   Thumb Code    18  stm32f10x_tim.o(.text)
    TIM_ICInit                               0x08002203   Thumb Code   150  stm32f10x_tim.o(.text)
    TIM_PWMIConfig                           0x08002299   Thumb Code   124  stm32f10x_tim.o(.text)
    TIM_BDTRConfig                           0x08002315   Thumb Code    32  stm32f10x_tim.o(.text)
    TIM_TimeBaseStructInit                   0x08002335   Thumb Code    18  stm32f10x_tim.o(.text)
    TIM_OCStructInit                         0x08002347   Thumb Code    20  stm32f10x_tim.o(.text)
    TIM_ICStructInit                         0x0800235b   Thumb Code    18  stm32f10x_tim.o(.text)
    TIM_BDTRStructInit                       0x0800236d   Thumb Code    40  stm32f10x_tim.o(.text)
    TIM_Cmd                                  0x08002395   Thumb Code    24  stm32f10x_tim.o(.text)
    TIM_CtrlPWMOutputs                       0x080023ad   Thumb Code    30  stm32f10x_tim.o(.text)
    TIM_ITConfig                             0x080023cb   Thumb Code    18  stm32f10x_tim.o(.text)
    TIM_GenerateEvent                        0x080023dd   Thumb Code     4  stm32f10x_tim.o(.text)
    TIM_DMAConfig                            0x080023e1   Thumb Code    10  stm32f10x_tim.o(.text)
    TIM_DMACmd                               0x080023eb   Thumb Code    18  stm32f10x_tim.o(.text)
    TIM_InternalClockConfig                  0x080023fd   Thumb Code    12  stm32f10x_tim.o(.text)
    TIM_SelectInputTrigger                   0x08002409   Thumb Code    18  stm32f10x_tim.o(.text)
    TIM_ITRxExternalClockConfig              0x0800241b   Thumb Code    24  stm32f10x_tim.o(.text)
    TIM_TIxExternalClockConfig               0x08002433   Thumb Code    62  stm32f10x_tim.o(.text)
    TIM_ETRConfig                            0x08002471   Thumb Code    28  stm32f10x_tim.o(.text)
    TIM_ETRClockMode1Config                  0x0800248d   Thumb Code    54  stm32f10x_tim.o(.text)
    TIM_ETRClockMode2Config                  0x080024c3   Thumb Code    32  stm32f10x_tim.o(.text)
    TIM_PrescalerConfig                      0x080024e3   Thumb Code     6  stm32f10x_tim.o(.text)
    TIM_CounterModeConfig                    0x080024e9   Thumb Code    18  stm32f10x_tim.o(.text)
    TIM_EncoderInterfaceConfig               0x080024fb   Thumb Code    66  stm32f10x_tim.o(.text)
    TIM_ForcedOC1Config                      0x0800253d   Thumb Code    18  stm32f10x_tim.o(.text)
    TIM_ForcedOC2Config                      0x0800254f   Thumb Code    26  stm32f10x_tim.o(.text)
    TIM_ForcedOC3Config                      0x08002569   Thumb Code    18  stm32f10x_tim.o(.text)
    TIM_ForcedOC4Config                      0x0800257b   Thumb Code    26  stm32f10x_tim.o(.text)
    TIM_ARRPreloadConfig                     0x08002595   Thumb Code    24  stm32f10x_tim.o(.text)
    TIM_SelectCOM                            0x080025ad   Thumb Code    24  stm32f10x_tim.o(.text)
    TIM_SelectCCDMA                          0x080025c5   Thumb Code    24  stm32f10x_tim.o(.text)
    TIM_CCPreloadControl                     0x080025dd   Thumb Code    24  stm32f10x_tim.o(.text)
    TIM_OC1PreloadConfig                     0x080025f5   Thumb Code    18  stm32f10x_tim.o(.text)
    TIM_OC2PreloadConfig                     0x08002607   Thumb Code    26  stm32f10x_tim.o(.text)
    TIM_OC3PreloadConfig                     0x08002621   Thumb Code    18  stm32f10x_tim.o(.text)
    TIM_OC4PreloadConfig                     0x08002633   Thumb Code    26  stm32f10x_tim.o(.text)
    TIM_OC1FastConfig                        0x0800264d   Thumb Code    18  stm32f10x_tim.o(.text)
    TIM_OC2FastConfig                        0x0800265f   Thumb Code    26  stm32f10x_tim.o(.text)
    TIM_OC3FastConfig                        0x08002679   Thumb Code    18  stm32f10x_tim.o(.text)
    TIM_OC4FastConfig                        0x0800268b   Thumb Code    26  stm32f10x_tim.o(.text)
    TIM_ClearOC1Ref                          0x080026a5   Thumb Code    18  stm32f10x_tim.o(.text)
    TIM_ClearOC2Ref                          0x080026b7   Thumb Code    24  stm32f10x_tim.o(.text)
    TIM_ClearOC3Ref                          0x080026cf   Thumb Code    18  stm32f10x_tim.o(.text)
    TIM_ClearOC4Ref                          0x080026e1   Thumb Code    24  stm32f10x_tim.o(.text)
    TIM_OC1PolarityConfig                    0x080026f9   Thumb Code    18  stm32f10x_tim.o(.text)
    TIM_OC1NPolarityConfig                   0x0800270b   Thumb Code    18  stm32f10x_tim.o(.text)
    TIM_OC2PolarityConfig                    0x0800271d   Thumb Code    26  stm32f10x_tim.o(.text)
    TIM_OC2NPolarityConfig                   0x08002737   Thumb Code    26  stm32f10x_tim.o(.text)
    TIM_OC3PolarityConfig                    0x08002751   Thumb Code    26  stm32f10x_tim.o(.text)
    TIM_OC3NPolarityConfig                   0x0800276b   Thumb Code    26  stm32f10x_tim.o(.text)
    TIM_OC4PolarityConfig                    0x08002785   Thumb Code    26  stm32f10x_tim.o(.text)
    TIM_CCxCmd                               0x0800279f   Thumb Code    30  stm32f10x_tim.o(.text)
    TIM_CCxNCmd                              0x080027bd   Thumb Code    30  stm32f10x_tim.o(.text)
    TIM_SelectOCxM                           0x080027db   Thumb Code    82  stm32f10x_tim.o(.text)
    TIM_UpdateDisableConfig                  0x0800282d   Thumb Code    24  stm32f10x_tim.o(.text)
    TIM_UpdateRequestConfig                  0x08002845   Thumb Code    24  stm32f10x_tim.o(.text)
    TIM_SelectHallSensor                     0x0800285d   Thumb Code    24  stm32f10x_tim.o(.text)
    TIM_SelectOnePulseMode                   0x08002875   Thumb Code    18  stm32f10x_tim.o(.text)
    TIM_SelectOutputTrigger                  0x08002887   Thumb Code    18  stm32f10x_tim.o(.text)
    TIM_SelectSlaveMode                      0x08002899   Thumb Code    18  stm32f10x_tim.o(.text)
    TIM_SelectMasterSlaveMode                0x080028ab   Thumb Code    18  stm32f10x_tim.o(.text)
    TIM_SetCounter                           0x080028bd   Thumb Code     4  stm32f10x_tim.o(.text)
    TIM_SetAutoreload                        0x080028c1   Thumb Code     4  stm32f10x_tim.o(.text)
    TIM_SetCompare1                          0x080028c5   Thumb Code     4  stm32f10x_tim.o(.text)
    TIM_SetCompare2                          0x080028c9   Thumb Code     4  stm32f10x_tim.o(.text)
    TIM_SetCompare3                          0x080028cd   Thumb Code     4  stm32f10x_tim.o(.text)
    TIM_SetCompare4                          0x080028d1   Thumb Code     6  stm32f10x_tim.o(.text)
    TIM_SetClockDivision                     0x080028d7   Thumb Code    18  stm32f10x_tim.o(.text)
    TIM_GetCapture1                          0x080028e9   Thumb Code     6  stm32f10x_tim.o(.text)
    TIM_GetCapture2                          0x080028ef   Thumb Code     6  stm32f10x_tim.o(.text)
    TIM_GetCapture3                          0x080028f5   Thumb Code     6  stm32f10x_tim.o(.text)
    TIM_GetCapture4                          0x080028fb   Thumb Code     8  stm32f10x_tim.o(.text)
    TIM_GetCounter                           0x08002903   Thumb Code     6  stm32f10x_tim.o(.text)
    TIM_GetPrescaler                         0x08002909   Thumb Code     6  stm32f10x_tim.o(.text)
    TIM_GetFlagStatus                        0x0800290f   Thumb Code    18  stm32f10x_tim.o(.text)
    TIM_ClearFlag                            0x08002921   Thumb Code     6  stm32f10x_tim.o(.text)
    TIM_GetITStatus                          0x08002927   Thumb Code    34  stm32f10x_tim.o(.text)
    TIM_ClearITPendingBit                    0x08002949   Thumb Code     6  stm32f10x_tim.o(.text)
    USART_DeInit                             0x08002951   Thumb Code   134  stm32f10x_usart.o(.text)
    USART_Init                               0x080029d7   Thumb Code   210  stm32f10x_usart.o(.text)
    USART_StructInit                         0x08002aa9   Thumb Code    24  stm32f10x_usart.o(.text)
    USART_ClockInit                          0x08002ac1   Thumb Code    34  stm32f10x_usart.o(.text)
    USART_ClockStructInit                    0x08002ae3   Thumb Code    12  stm32f10x_usart.o(.text)
    USART_Cmd                                0x08002aef   Thumb Code    24  stm32f10x_usart.o(.text)
    USART_ITConfig                           0x08002b07   Thumb Code    74  stm32f10x_usart.o(.text)
    USART_DMACmd                             0x08002b51   Thumb Code    18  stm32f10x_usart.o(.text)
    USART_SetAddress                         0x08002b63   Thumb Code    18  stm32f10x_usart.o(.text)
    USART_WakeUpConfig                       0x08002b75   Thumb Code    18  stm32f10x_usart.o(.text)
    USART_ReceiverWakeUpCmd                  0x08002b87   Thumb Code    24  stm32f10x_usart.o(.text)
    USART_LINBreakDetectLengthConfig         0x08002b9f   Thumb Code    18  stm32f10x_usart.o(.text)
    USART_LINCmd                             0x08002bb1   Thumb Code    24  stm32f10x_usart.o(.text)
    USART_SendData                           0x08002bc9   Thumb Code     8  stm32f10x_usart.o(.text)
    USART_ReceiveData                        0x08002bd1   Thumb Code    10  stm32f10x_usart.o(.text)
    USART_SendBreak                          0x08002bdb   Thumb Code    10  stm32f10x_usart.o(.text)
    USART_SetGuardTime                       0x08002be5   Thumb Code    16  stm32f10x_usart.o(.text)
    USART_SetPrescaler                       0x08002bf5   Thumb Code    16  stm32f10x_usart.o(.text)
    USART_SmartCardCmd                       0x08002c05   Thumb Code    24  stm32f10x_usart.o(.text)
    USART_SmartCardNACKCmd                   0x08002c1d   Thumb Code    24  stm32f10x_usart.o(.text)
    USART_HalfDuplexCmd                      0x08002c35   Thumb Code    24  stm32f10x_usart.o(.text)
    USART_OverSampling8Cmd                   0x08002c4d   Thumb Code    22  stm32f10x_usart.o(.text)
    USART_OneBitMethodCmd                    0x08002c63   Thumb Code    24  stm32f10x_usart.o(.text)
    USART_IrDAConfig                         0x08002c7b   Thumb Code    18  stm32f10x_usart.o(.text)
    USART_IrDACmd                            0x08002c8d   Thumb Code    24  stm32f10x_usart.o(.text)
    USART_GetFlagStatus                      0x08002ca5   Thumb Code    26  stm32f10x_usart.o(.text)
    USART_ClearFlag                          0x08002cbf   Thumb Code    18  stm32f10x_usart.o(.text)
    USART_GetITStatus                        0x08002cd1   Thumb Code    84  stm32f10x_usart.o(.text)
    USART_ClearITPendingBit                  0x08002d25   Thumb Code    52  stm32f10x_usart.o(.text)
    delay_init                               0x08002d59   Thumb Code    50  delay.o(.text)
    delay_us                                 0x08002d8b   Thumb Code    72  delay.o(.text)
    delay_ms                                 0x08002dd3   Thumb Code    72  delay.o(.text)
    LedInit                                  0x08002e2d   Thumb Code   102  led.o(.text)
    KeyInit                                  0x08002e99   Thumb Code    38  key.o(.text)
    KeyScan                                  0x08002ebf   Thumb Code   126  key.o(.text)
    KeyIntConfig                             0x08002f41   Thumb Code   118  keyint.o(.text)
    EXTI4_IRQHandler                         0x08002fb7   Thumb Code    24  keyint.o(.text)
    BeepInit                                 0x08002fd9   Thumb Code    50  beep.o(.text)
    UART1_Config                             0x08003011   Thumb Code   166  uart.o(.text)
    USART1_IRQHandler                        0x080030b7   Thumb Code    94  uart.o(.text)
    fputc                                    0x08003115   Thumb Code    32  uart.o(.text)
    TIM6_Config                              0x0800314d   Thumb Code    92  tim6.o(.text)
    TIM6_IRQHandler                          0x080031a9   Thumb Code    88  tim6.o(.text)
    TIM3_PWM_Init                            0x08003215   Thumb Code   188  tim3.o(.text)
    TIM3_IRQHandler                          0x080032d1   Thumb Code    88  tim3.o(.text)
    ADC1_Init                                0x0800333d   Thumb Code   254  adc.o(.text)
    Lcd1602WriteBusData                      0x0800344d   Thumb Code    34  lcd1602.o(.text)
    Lcd1602WaitBusy                          0x0800346f   Thumb Code    60  lcd1602.o(.text)
    Lcd1602WriteCommand                      0x080034ab   Thumb Code    44  lcd1602.o(.text)
    Lcd1602Init                              0x080034d7   Thumb Code   102  lcd1602.o(.text)
    Lcd1602WriteData                         0x0800353d   Thumb Code    48  lcd1602.o(.text)
    Lcd1602ClearFull                         0x0800356d   Thumb Code    10  lcd1602.o(.text)
    Lcd1602ShowString                        0x08003577   Thumb Code    62  lcd1602.o(.text)
    Lcd1602ShowInt                           0x080035b5   Thumb Code   196  lcd1602.o(.text)
    GB16_NUM                                 0x08003689   Thumb Code    18  oled_iic.o(.text)
    IIC_Stop                                 0x080036a9   Thumb Code    28  oled_iic.o(.text)
    IIC_GPIO_Config                          0x080036c5   Thumb Code    56  oled_iic.o(.text)
    IIC_Start                                0x080036fd   Thumb Code    42  oled_iic.o(.text)
    IIC_WaitAck                              0x08003727   Thumb Code    56  oled_iic.o(.text)
    Write_IIC_Byte                           0x0800375f   Thumb Code    80  oled_iic.o(.text)
    Write_IIC_Command                        0x080037af   Thumb Code    44  oled_iic.o(.text)
    Write_IIC_Data                           0x080037db   Thumb Code    44  oled_iic.o(.text)
    OLED_Fill                                0x08003807   Thumb Code    58  oled_iic.o(.text)
    OLED_Set_Pos                             0x08003841   Thumb Code    46  oled_iic.o(.text)
    OLED_ON                                  0x0800386f   Thumb Code    22  oled_iic.o(.text)
    OLED_OFF                                 0x08003885   Thumb Code    22  oled_iic.o(.text)
    OLED_Clear                               0x0800389b   Thumb Code    10  oled_iic.o(.text)
    OLED_ShowChar                            0x080038a5   Thumb Code   102  oled_iic.o(.text)
    oled_pow                                 0x0800390b   Thumb Code    22  oled_iic.o(.text)
    OLED_ShowNum                             0x08003921   Thumb Code   124  oled_iic.o(.text)
    OLED_ShowCH                              0x0800399d   Thumb Code   326  oled_iic.o(.text)
    OLED_Init                                0x08003ae3   Thumb Code   170  oled_iic.o(.text)
    OLED_DrawBMP                             0x08003b8d   Thumb Code   118  oled_iic.o(.text)
    MotorInit                                0x08003c09   Thumb Code    46  motor.o(.text)
    SetBit                                   0x08003c37   Thumb Code    54  motor.o(.text)
    StepMotorControl                         0x08003c6d   Thumb Code   118  motor.o(.text)
    DS18B20_IO_IN                            0x08003cf5   Thumb Code    40  ds18b20.o(.text)
    DS18B20_IO_OUT                           0x08003d1d   Thumb Code    40  ds18b20.o(.text)
    DS18B20_Rst                              0x08003d45   Thumb Code    36  ds18b20.o(.text)
    DS18B20_Check                            0x08003d69   Thumb Code    78  ds18b20.o(.text)
    DS18B20_Read_Bit                         0x08003db7   Thumb Code    60  ds18b20.o(.text)
    DS18B20_Read_Byte                        0x08003df3   Thumb Code    34  ds18b20.o(.text)
    DS18B20_Write_Byte                       0x08003e15   Thumb Code    84  ds18b20.o(.text)
    DS18B20_Start                            0x08003e69   Thumb Code    24  ds18b20.o(.text)
    DS18B20_Init                             0x08003e81   Thumb Code    58  ds18b20.o(.text)
    DS18B20_Get_Temp                         0x08003ebb   Thumb Code   172  ds18b20.o(.text)
    DHT11_GPIO_Config                        0x08003f7d   Thumb Code    50  dht11_driver.o(.text)
    Read_DHT11                               0x08004049   Thumb Code   166  dht11_driver.o(.text)
    SG90_Init                                0x080040f5   Thumb Code   136  sg90.o(.text)
    Servo_SetAngle                           0x0800417d   Thumb Code    34  sg90.o(.text)
    strstr                                   0x080041a5   Thumb Code    36  strstr.o(.text)
    strchr                                   0x080041c9   Thumb Code    20  strchr.o(.text)
    __aeabi_dmul                             0x080041dd   Thumb Code   228  dmul.o(.text)
    __aeabi_ddiv                             0x080042c1   Thumb Code   222  ddiv.o(.text)
    __aeabi_i2f                              0x0800439f   Thumb Code    18  fflti.o(.text)
    __aeabi_ui2f                             0x080043b1   Thumb Code    10  ffltui.o(.text)
    __aeabi_i2d                              0x080043bb   Thumb Code    34  dflti.o(.text)
    __aeabi_ui2d                             0x080043dd   Thumb Code    26  dfltui.o(.text)
    __aeabi_d2iz                             0x080043f7   Thumb Code    62  dfixi.o(.text)
    __aeabi_f2d                              0x08004435   Thumb Code    38  f2d.o(.text)
    __aeabi_cdcmpeq                          0x0800445d   Thumb Code     0  cdcmple.o(.text)
    __aeabi_cdcmple                          0x0800445d   Thumb Code    48  cdcmple.o(.text)
    __aeabi_cdrcmple                         0x0800448d   Thumb Code    48  cdrcmple.o(.text)
    __aeabi_d2f                              0x080044bd   Thumb Code    56  d2f.o(.text)
    __aeabi_uidiv                            0x080044f5   Thumb Code     0  uidiv.o(.text)
    __aeabi_uidivmod                         0x080044f5   Thumb Code    44  uidiv.o(.text)
    __aeabi_uldivmod                         0x08004521   Thumb Code    98  uldiv.o(.text)
    __aeabi_llsr                             0x08004583   Thumb Code    32  llushr.o(.text)
    _ll_ushift_r                             0x08004583   Thumb Code     0  llushr.o(.text)
    __I$use$fp                               0x080045a3   Thumb Code     0  iusefp.o(.text)
    _float_round                             0x080045a3   Thumb Code    18  fepilogue.o(.text)
    _float_epilogue                          0x080045b5   Thumb Code    92  fepilogue.o(.text)
    _double_round                            0x08004611   Thumb Code    30  depilogue.o(.text)
    _double_epilogue                         0x0800462f   Thumb Code   156  depilogue.o(.text)
    __aeabi_dadd                             0x080046cb   Thumb Code   322  dadd.o(.text)
    __aeabi_dsub                             0x0800480d   Thumb Code     6  dadd.o(.text)
    __aeabi_drsub                            0x08004813   Thumb Code     6  dadd.o(.text)
    __aeabi_d2ulz                            0x08004819   Thumb Code    48  dfixul.o(.text)
    __scatterload                            0x08004849   Thumb Code    28  init.o(.text)
    __scatterload_rt2                        0x08004849   Thumb Code     0  init.o(.text)
    __aeabi_llsl                             0x0800486d   Thumb Code    30  llshl.o(.text)
    _ll_shift_l                              0x0800486d   Thumb Code     0  llshl.o(.text)
    __aeabi_lasr                             0x0800488b   Thumb Code    36  llsshr.o(.text)
    _ll_sshift_r                             0x0800488b   Thumb Code     0  llsshr.o(.text)
    __decompress                             0x080048af   Thumb Code     0  __dclz77c.o(.text)
    __decompress2                            0x080048af   Thumb Code    94  __dclz77c.o(.text)
    __0printf                                0x0800490d   Thumb Code    22  printfa.o(i.__0printf)
    __1printf                                0x0800490d   Thumb Code     0  printfa.o(i.__0printf)
    __2printf                                0x0800490d   Thumb Code     0  printfa.o(i.__0printf)
    __c89printf                              0x0800490d   Thumb Code     0  printfa.o(i.__0printf)
    printf                                   0x0800490d   Thumb Code     0  printfa.o(i.__0printf)
    __0sprintf                               0x0800492d   Thumb Code    34  printfa.o(i.__0sprintf)
    __1sprintf                               0x0800492d   Thumb Code     0  printfa.o(i.__0sprintf)
    __2sprintf                               0x0800492d   Thumb Code     0  printfa.o(i.__0sprintf)
    __c89sprintf                             0x0800492d   Thumb Code     0  printfa.o(i.__0sprintf)
    sprintf                                  0x0800492d   Thumb Code     0  printfa.o(i.__0sprintf)
    __scatterload_copy                       0x08004955   Thumb Code    14  handlers.o(i.__scatterload_copy)
    __scatterload_null                       0x08004963   Thumb Code     2  handlers.o(i.__scatterload_null)
    __scatterload_zeroinit                   0x08004965   Thumb Code    14  handlers.o(i.__scatterload_zeroinit)
    Region$$Table$$Base                      0x08005210   Number         0  anon$$obj.o(Region$$Table)
    Region$$Table$$Limit                     0x08005230   Number         0  anon$$obj.o(Region$$Table)
    CurrentMode                              0x20000000   Data           1  main.o(.data)
    Fan_Status                               0x20000001   Data           1  main.o(.data)
    Vent_Position                            0x20000002   Data           1  main.o(.data)
    curtain_Status                           0x20000003   Data           1  main.o(.data)
    keyValue                                 0x20000004   Data           1  main.o(.data)
    lightpercent                             0x20000008   Data           4  main.o(.data)
    MQ2_ConvertedValue                       0x2000000c   Data           4  main.o(.data)
    temp                                     0x20000010   Data           2  main.o(.data)
    temperature                              0x20000014   Data           4  main.o(.data)
    humi_temp                                0x20000018   Data           5  main.o(.data)
    dhtStatus                                0x2000001d   Data           1  main.o(.data)
    Lcd_Line1                                0x2000001e   Data          17  main.o(.data)
    Lcd_Line2                                0x2000002f   Data          17  main.o(.data)
    SystemCoreClock                          0x20000040   Data           4  system_stm32f10x.o(.data)
    AHBPrescTable                            0x20000044   Data          16  system_stm32f10x.o(.data)
    keyFlag                                  0x2000006c   Data           1  keyint.o(.data)
    idx                                      0x2000006d   Data           1  uart.o(.data)
    rxFlag                                   0x2000006e   Data           1  uart.o(.data)
    timeCount500ms                           0x20000070   Data           2  tim6.o(.data)
    timeFlag500ms                            0x20000072   Data           1  tim6.o(.data)
    timeCount5s                              0x20000074   Data           2  tim6.o(.data)
    timeFlag5s                               0x20000076   Data           1  tim6.o(.data)
    direction                                0x20000077   Data           1  tim3.o(.data)
    dutyCycle                                0x20000078   Data           1  tim3.o(.data)
    ADC_ConvertedValue                       0x2000007a   Data           4  adc.o(.data)
    zf                                       0x20000080   Data        1520  oled_iic.o(.data)
    hz                                       0x20000670   Data        2560  oled_iic.o(.data)
    hz_index                                 0x20001070   Data         161  oled_iic.o(.data)
    zf_index                                 0x20001111   Data          96  oled_iic.o(.data)
    HZ                                       0x20001174   Data           4  oled_iic.o(.data)
    FFW                                      0x20001178   Data           8  motor.o(.data)
    FFZ                                      0x20001180   Data           8  motor.o(.data)
    __stdout                                 0x20001188   Data           4  stdout.o(.data)
    strBuff                                  0x2000118c   Data          32  uart.o(.bss)
    __initial_sp                             0x200015b0   Data           0  startup_stm32f10x_hd.o(STACK)



==============================================================================

Memory Map of the image

  Image Entry point : 0x08000131

  Load Region LR_IROM1 (Base: 0x08000000, Size: 0x000063bc, Max: 0x00080000, ABSOLUTE, COMPRESSED[0x00005dc0])

    Execution Region ER_IROM1 (Base: 0x08000000, Size: 0x00005230, Max: 0x00080000, ABSOLUTE)

    Base Addr    Size         Type   Attr      Idx    E Section Name        Object

    0x08000000   0x00000130   Data   RO          212    RESET               startup_stm32f10x_hd.o
    0x08000130   0x00000000   Code   RO          792  * .ARM.Collect$$$$00000000  mc_w.l(entry.o)
    0x08000130   0x00000004   Code   RO         1082    .ARM.Collect$$$$00000001  mc_w.l(entry2.o)
    0x08000134   0x00000004   Code   RO         1085    .ARM.Collect$$$$00000004  mc_w.l(entry5.o)
    0x08000138   0x00000000   Code   RO         1087    .ARM.Collect$$$$00000008  mc_w.l(entry7b.o)
    0x08000138   0x00000000   Code   RO         1089    .ARM.Collect$$$$0000000A  mc_w.l(entry8b.o)
    0x08000138   0x00000008   Code   RO         1090    .ARM.Collect$$$$0000000B  mc_w.l(entry9a.o)
    0x08000140   0x00000000   Code   RO         1092    .ARM.Collect$$$$0000000D  mc_w.l(entry10a.o)
    0x08000140   0x00000000   Code   RO         1094    .ARM.Collect$$$$0000000F  mc_w.l(entry11a.o)
    0x08000140   0x00000004   Code   RO         1083    .ARM.Collect$$$$00002712  mc_w.l(entry2.o)
    0x08000144   0x00000824   Code   RO            1    .text               main.o
    0x08000968   0x0000001a   Code   RO          166    .text               stm32f10x_it.o
    0x08000982   0x00000002   PAD
    0x08000984   0x000001e8   Code   RO          181    .text               system_stm32f10x.o
    0x08000b6c   0x00000024   Code   RO          213    .text               startup_stm32f10x_hd.o
    0x08000b90   0x000000dc   Code   RO          217    .text               misc.o
    0x08000c6c   0x0000044e   Code   RO          255    .text               stm32f10x_adc.o
    0x080010ba   0x00000002   PAD
    0x080010bc   0x00000254   Code   RO          339    .text               stm32f10x_dma.o
    0x08001310   0x0000011c   Code   RO          351    .text               stm32f10x_exti.o
    0x0800142c   0x0000035c   Code   RO          387    .text               stm32f10x_gpio.o
    0x08001788   0x000003ac   Code   RO          435    .text               stm32f10x_rcc.o
    0x08001b34   0x00000e1a   Code   RO          485    .text               stm32f10x_tim.o
    0x0800294e   0x00000002   PAD
    0x08002950   0x00000408   Code   RO          497    .text               stm32f10x_usart.o
    0x08002d58   0x000000d4   Code   RO          521    .text               delay.o
    0x08002e2c   0x0000006c   Code   RO          551    .text               led.o
    0x08002e98   0x000000a8   Code   RO          566    .text               key.o
    0x08002f40   0x00000098   Code   RO          581    .text               keyint.o
    0x08002fd8   0x00000038   Code   RO          599    .text               beep.o
    0x08003010   0x0000013c   Code   RO          614    .text               uart.o
    0x0800314c   0x000000c8   Code   RO          633    .text               tim6.o
    0x08003214   0x00000128   Code   RO          654    .text               tim3.o
    0x0800333c   0x00000110   Code   RO          672    .text               adc.o
    0x0800344c   0x0000023c   Code   RO          690    .text               lcd1602.o
    0x08003688   0x00000580   Code   RO          705    .text               oled_iic.o
    0x08003c08   0x000000ec   Code   RO          729    .text               motor.o
    0x08003cf4   0x00000288   Code   RO          747    .text               ds18b20.o
    0x08003f7c   0x00000178   Code   RO          762    .text               dht11_driver.o
    0x080040f4   0x000000b0   Code   RO          777    .text               sg90.o
    0x080041a4   0x00000024   Code   RO          795    .text               mc_w.l(strstr.o)
    0x080041c8   0x00000014   Code   RO          797    .text               mc_w.l(strchr.o)
    0x080041dc   0x000000e4   Code   RO         1060    .text               mf_w.l(dmul.o)
    0x080042c0   0x000000de   Code   RO         1062    .text               mf_w.l(ddiv.o)
    0x0800439e   0x00000012   Code   RO         1064    .text               mf_w.l(fflti.o)
    0x080043b0   0x0000000a   Code   RO         1066    .text               mf_w.l(ffltui.o)
    0x080043ba   0x00000022   Code   RO         1068    .text               mf_w.l(dflti.o)
    0x080043dc   0x0000001a   Code   RO         1070    .text               mf_w.l(dfltui.o)
    0x080043f6   0x0000003e   Code   RO         1072    .text               mf_w.l(dfixi.o)
    0x08004434   0x00000026   Code   RO         1074    .text               mf_w.l(f2d.o)
    0x0800445a   0x00000002   PAD
    0x0800445c   0x00000030   Code   RO         1076    .text               mf_w.l(cdcmple.o)
    0x0800448c   0x00000030   Code   RO         1078    .text               mf_w.l(cdrcmple.o)
    0x080044bc   0x00000038   Code   RO         1080    .text               mf_w.l(d2f.o)
    0x080044f4   0x0000002c   Code   RO         1097    .text               mc_w.l(uidiv.o)
    0x08004520   0x00000062   Code   RO         1099    .text               mc_w.l(uldiv.o)
    0x08004582   0x00000020   Code   RO         1101    .text               mc_w.l(llushr.o)
    0x080045a2   0x00000000   Code   RO         1103    .text               mc_w.l(iusefp.o)
    0x080045a2   0x0000006e   Code   RO         1104    .text               mf_w.l(fepilogue.o)
    0x08004610   0x000000ba   Code   RO         1106    .text               mf_w.l(depilogue.o)
    0x080046ca   0x0000014e   Code   RO         1108    .text               mf_w.l(dadd.o)
    0x08004818   0x00000030   Code   RO         1110    .text               mf_w.l(dfixul.o)
    0x08004848   0x00000024   Code   RO         1112    .text               mc_w.l(init.o)
    0x0800486c   0x0000001e   Code   RO         1114    .text               mc_w.l(llshl.o)
    0x0800488a   0x00000024   Code   RO         1116    .text               mc_w.l(llsshr.o)
    0x080048ae   0x0000005e   Code   RO         1126    .text               mc_w.l(__dclz77c.o)
    0x0800490c   0x00000020   Code   RO         1032    i.__0printf         mc_w.l(printfa.o)
    0x0800492c   0x00000028   Code   RO         1034    i.__0sprintf        mc_w.l(printfa.o)
    0x08004954   0x0000000e   Code   RO         1120    i.__scatterload_copy  mc_w.l(handlers.o)
    0x08004962   0x00000002   Code   RO         1121    i.__scatterload_null  mc_w.l(handlers.o)
    0x08004964   0x0000000e   Code   RO         1122    i.__scatterload_zeroinit  mc_w.l(handlers.o)
    0x08004972   0x00000002   PAD
    0x08004974   0x00000164   Code   RO         1039    i._fp_digits        mc_w.l(printfa.o)
    0x08004ad8   0x000006dc   Code   RO         1040    i._printf_core      mc_w.l(printfa.o)
    0x080051b4   0x00000024   Code   RO         1041    i._printf_post_padding  mc_w.l(printfa.o)
    0x080051d8   0x0000002e   Code   RO         1042    i._printf_pre_padding  mc_w.l(printfa.o)
    0x08005206   0x0000000a   Code   RO         1044    i._sputc            mc_w.l(printfa.o)
    0x08005210   0x00000020   Data   RO         1118    Region$$Table       anon$$obj.o


    Execution Region RW_IRAM1 (Base: 0x20000000, Size: 0x000015b0, Max: 0x00010000, ABSOLUTE, COMPRESSED[0x00000b90])

    Base Addr    Size         Type   Attr      Idx    E Section Name        Object

    0x20000000   0x00000040   Data   RW            2    .data               main.o
    0x20000040   0x00000014   Data   RW          182    .data               system_stm32f10x.o
    0x20000054   0x00000014   Data   RW          436    .data               stm32f10x_rcc.o
    0x20000068   0x00000004   Data   RW          522    .data               delay.o
    0x2000006c   0x00000001   Data   RW          582    .data               keyint.o
    0x2000006d   0x00000002   Data   RW          616    .data               uart.o
    0x2000006f   0x00000001   PAD
    0x20000070   0x00000007   Data   RW          634    .data               tim6.o
    0x20000077   0x00000002   Data   RW          655    .data               tim3.o
    0x20000079   0x00000001   PAD
    0x2000007a   0x00000004   Data   RW          673    .data               adc.o
    0x2000007e   0x00000002   PAD
    0x20000080   0x000010f8   Data   RW          706    .data               oled_iic.o
    0x20001178   0x00000010   Data   RW          730    .data               motor.o
    0x20001188   0x00000004   Data   RW         1096    .data               mc_w.l(stdout.o)
    0x2000118c   0x00000020   Zero   RW          615    .bss                uart.o
    0x200011ac   0x00000004   PAD
    0x200011b0   0x00000400   Zero   RW          210    STACK               startup_stm32f10x_hd.o


==============================================================================

Image component sizes


      Code (inc. data)   RO Data    RW Data    ZI Data      Debug   Object Name

       272         18          0          4          0       1057   adc.o
        56          6          0          0          0        423   beep.o
         0          0          0          0          0         32   core_cm3.o
       212         18          0          4          0        959   delay.o
       376          6          0          0          0       2131   dht11_driver.o
       648         22          0          0          0       2391   ds18b20.o
       168          4          0          0          0        646   key.o
       152         10          0          1          0        866   keyint.o
       572         16          0          0          0       2681   lcd1602.o
       108          6          0          0          0        458   led.o
      2084        680          0         64          0     265136   main.o
       220         22          0          0          0     217573   misc.o
       236         18          0         16          0       1526   motor.o
      1408         40          0       4344          0       5853   oled_iic.o
       176          6          0          0          0        771   sg90.o
        36          8        304          0       1024        756   startup_stm32f10x_hd.o
      1102         26          0          0          0      10969   stm32f10x_adc.o
       596          8          0          0          0       4290   stm32f10x_dma.o
       284         10          0          0          0       2183   stm32f10x_exti.o
       860         38          0          0          0       5657   stm32f10x_gpio.o
        26          0          0          0          0       1142   stm32f10x_it.o
       940         44          0         20          0       8800   stm32f10x_rcc.o
      3610         88          0          0          0      22768   stm32f10x_tim.o
      1032         22          0          0          0       8384   stm32f10x_usart.o
       488         46          0         20          0       1623   system_stm32f10x.o
       296         20          0          2          0       1014   tim3.o
       200         20          0          7          0        984   tim6.o
       316         24          0          2         32       1440   uart.o

    ----------------------------------------------------------------------
     16480       1226        336       4488       1060     572513   Object Totals
         0          0         32          0          0          0   (incl. Generated)
         6          0          0          4          4          0   (incl. Padding)

    ----------------------------------------------------------------------

      Code (inc. data)   RO Data    RW Data    ZI Data      Debug   Library Member Name

        94          0          0          0          0          0   __dclz77c.o
         0          0          0          0          0          0   entry.o
         0          0          0          0          0          0   entry10a.o
         0          0          0          0          0          0   entry11a.o
         8          4          0          0          0          0   entry2.o
         4          0          0          0          0          0   entry5.o
         0          0          0          0          0          0   entry7b.o
         0          0          0          0          0          0   entry8b.o
         8          4          0          0          0          0   entry9a.o
        30          0          0          0          0          0   handlers.o
        36          8          0          0          0         68   init.o
         0          0          0          0          0          0   iusefp.o
        30          0          0          0          0         68   llshl.o
        36          0          0          0          0         68   llsshr.o
        32          0          0          0          0         68   llushr.o
      2276         96          0          0          0        596   printfa.o
         0          0          0          4          0          0   stdout.o
        20          0          0          0          0         68   strchr.o
        36          0          0          0          0         80   strstr.o
        44          0          0          0          0         80   uidiv.o
        98          0          0          0          0         92   uldiv.o
        48          0          0          0          0         68   cdcmple.o
        48          0          0          0          0         68   cdrcmple.o
        56          0          0          0          0         88   d2f.o
       334          0          0          0          0        148   dadd.o
       222          0          0          0          0        100   ddiv.o
       186          0          0          0          0        176   depilogue.o
        62          0          0          0          0         80   dfixi.o
        48          0          0          0          0         68   dfixul.o
        34          0          0          0          0         76   dflti.o
        26          0          0          0          0         76   dfltui.o
       228          0          0          0          0         96   dmul.o
        38          0          0          0          0         68   f2d.o
       110          0          0          0          0        168   fepilogue.o
        18          0          0          0          0         68   fflti.o
        10          0          0          0          0         68   ffltui.o

    ----------------------------------------------------------------------
      4224        112          0          4          0       2604   Library Totals
         4          0          0          0          0          0   (incl. Padding)

    ----------------------------------------------------------------------

      Code (inc. data)   RO Data    RW Data    ZI Data      Debug   Library Name

      2752        112          0          4          0       1188   mc_w.l
      1468          0          0          0          0       1416   mf_w.l

    ----------------------------------------------------------------------
      4224        112          0          4          0       2604   Library Totals

    ----------------------------------------------------------------------

==============================================================================


      Code (inc. data)   RO Data    RW Data    ZI Data      Debug   

     20704       1338        336       4492       1060     571917   Grand Totals
     20704       1338        336       2960       1060     571917   ELF Image Totals (compressed)
     20704       1338        336       2960          0          0   ROM Totals

==============================================================================

    Total RO  Size (Code + RO Data)                21040 (  20.55kB)
    Total RW  Size (RW Data + ZI Data)              5552 (   5.42kB)
    Total ROM Size (Code + RO Data + RW Data)      24000 (  23.44kB)

==============================================================================

