Component: ARM Compiler 5.06 (build 20) Tool: armlink [4d35a3]

==============================================================================

Section Cross References

    main.o(.text) refers to misc.o(.text) for NVIC_PriorityGroupConfig
    main.o(.text) refers to delay_us.o(.text) for DelayUs_Init
    main.o(.text) refers to led.o(.text) for LedInit
    main.o(.text) refers to beep.o(.text) for BeepInit
    main.o(.text) refers to uart.o(.text) for UART1_Config
    main.o(.text) refers to tim3.o(.text) for TIM3_PWM_Init
    main.o(.text) refers to adc.o(.text) for ADC1_Init
    main.o(.text) refers to lcd1602.o(.text) for Lcd1602Init
    main.o(.text) refers to ds18b20.o(.text) for DS18B20_Init
    main.o(.text) refers to dht11_driver.o(.text) for DHT11_GPIO_Config
    main.o(.text) refers to key.o(.text) for KeyInit
    main.o(.text) refers to keyint.o(.text) for KeyIntConfig
    main.o(.text) refers to motor.o(.text) for MotorInit
    main.o(.text) refers to sg90.o(.text) for SG90_Init
    main.o(.text) refers to queue.o(.text) for xQueueGenericCreate
    main.o(.text) refers to tasks.o(.text) for xTaskCreate
    main.o(.text) refers to main.o(.data) for xUARTCommandQueue
    main.o(.text) refers to app_tasks.o(.text) for vSensorTask
    system_stm32f10x.o(.text) refers to system_stm32f10x.o(.data) for SystemCoreClock
    startup_stm32f10x_hd.o(RESET) refers to startup_stm32f10x_hd.o(STACK) for __initial_sp
    startup_stm32f10x_hd.o(RESET) refers to startup_stm32f10x_hd.o(.text) for Reset_Handler
    startup_stm32f10x_hd.o(RESET) refers to stm32f10x_it.o(.text) for NMI_Handler
    startup_stm32f10x_hd.o(RESET) refers to port.o(.emb_text) for vPortSVCHandler
    startup_stm32f10x_hd.o(RESET) refers to port.o(.text) for xPortSysTickHandler
    startup_stm32f10x_hd.o(RESET) refers to keyint.o(.text) for EXTI4_IRQHandler
    startup_stm32f10x_hd.o(RESET) refers to tim3.o(.text) for TIM3_IRQHandler
    startup_stm32f10x_hd.o(RESET) refers to uart.o(.text) for USART1_IRQHandler
    startup_stm32f10x_hd.o(.text) refers to system_stm32f10x.o(.text) for SystemInit
    startup_stm32f10x_hd.o(.text) refers to entry.o(.ARM.Collect$$$$00000000) for __main
    stm32f10x_adc.o(.text) refers to stm32f10x_rcc.o(.text) for RCC_APB2PeriphResetCmd
    stm32f10x_bkp.o(.text) refers to stm32f10x_rcc.o(.text) for RCC_BackupResetCmd
    stm32f10x_can.o(.text) refers to stm32f10x_rcc.o(.text) for RCC_APB1PeriphResetCmd
    stm32f10x_cec.o(.text) refers to stm32f10x_rcc.o(.text) for RCC_APB1PeriphResetCmd
    stm32f10x_dac.o(.text) refers to stm32f10x_rcc.o(.text) for RCC_APB1PeriphResetCmd
    stm32f10x_gpio.o(.text) refers to stm32f10x_rcc.o(.text) for RCC_APB2PeriphResetCmd
    stm32f10x_i2c.o(.text) refers to stm32f10x_rcc.o(.text) for RCC_APB1PeriphResetCmd
    stm32f10x_pwr.o(.text) refers to stm32f10x_rcc.o(.text) for RCC_APB1PeriphResetCmd
    stm32f10x_rcc.o(.text) refers to stm32f10x_rcc.o(.data) for APBAHBPrescTable
    stm32f10x_spi.o(.text) refers to stm32f10x_rcc.o(.text) for RCC_APB2PeriphResetCmd
    stm32f10x_tim.o(.text) refers to stm32f10x_rcc.o(.text) for RCC_APB2PeriphResetCmd
    stm32f10x_usart.o(.text) refers to stm32f10x_rcc.o(.text) for RCC_APB2PeriphResetCmd
    stm32f10x_wwdg.o(.text) refers to stm32f10x_rcc.o(.text) for RCC_APB1PeriphResetCmd
    led.o(.text) refers to stm32f10x_rcc.o(.text) for RCC_APB2PeriphClockCmd
    led.o(.text) refers to stm32f10x_gpio.o(.text) for GPIO_Init
    beep.o(.text) refers to stm32f10x_rcc.o(.text) for RCC_APB2PeriphClockCmd
    beep.o(.text) refers to stm32f10x_gpio.o(.text) for GPIO_Init
    key.o(.text) refers to stm32f10x_rcc.o(.text) for RCC_APB2PeriphClockCmd
    key.o(.text) refers to stm32f10x_gpio.o(.text) for GPIO_Init
    key.o(.text) refers to tasks.o(.text) for vTaskDelay
    keyint.o(.text) refers to stm32f10x_rcc.o(.text) for RCC_APB2PeriphClockCmd
    keyint.o(.text) refers to stm32f10x_gpio.o(.text) for GPIO_Init
    keyint.o(.text) refers to stm32f10x_exti.o(.text) for EXTI_Init
    keyint.o(.text) refers to misc.o(.text) for NVIC_Init
    keyint.o(.text) refers to tasks.o(.text) for vTaskGenericNotifyGiveFromISR
    keyint.o(.text) refers to keyint.o(.data) for s_notifyTask
    uart.o(.text) refers to stm32f10x_rcc.o(.text) for RCC_APB2PeriphClockCmd
    uart.o(.text) refers to stm32f10x_gpio.o(.text) for GPIO_Init
    uart.o(.text) refers to stm32f10x_usart.o(.text) for USART_Init
    uart.o(.text) refers to misc.o(.text) for NVIC_Init
    uart.o(.text) refers to queue.o(.text) for xQueueGenericSendFromISR
    uart.o(.text) refers to uart.o(.data) for s_commandQueue
    uart.o(.text) refers to uart.o(.bss) for s_rxFrame
    tim3.o(.text) refers to stm32f10x_rcc.o(.text) for RCC_APB2PeriphClockCmd
    tim3.o(.text) refers to stm32f10x_gpio.o(.text) for GPIO_PinRemapConfig
    tim3.o(.text) refers to stm32f10x_tim.o(.text) for TIM_TimeBaseInit
    tim3.o(.text) refers to misc.o(.text) for NVIC_Init
[...]
    cdrcmple.s                               0x00000000   Number         0  cdrcmple.o ABSOLUTE
    cfcmple.s                                0x00000000   Number         0  cfcmple.o ABSOLUTE
    cfrcmple.s                               0x00000000   Number         0  cfrcmple.o ABSOLUTE
    dc.s                                     0x00000000   Number         0  dc.o ABSOLUTE
    handlers.s                               0x00000000   Number         0  handlers.o ABSOLUTE
    init.s                                   0x00000000   Number         0  init.o ABSOLUTE
    main.c                                   0x00000000   Number         0  main.o ABSOLUTE
    stm32f10x_it.c                           0x00000000   Number         0  stm32f10x_it.o ABSOLUTE
    system_stm32f10x.c                       0x00000000   Number         0  system_stm32f10x.o ABSOLUTE
    RESET                                    0x08000000   Section      304  startup_stm32f10x_hd.o(RESET)
    .ARM.Collect$$$$00000000                 0x08000130   Section        0  entry.o(.ARM.Collect$$$$00000000)
    .ARM.Collect$$$$00000001                 0x08000130   Section        4  entry2.o(.ARM.Collect$$$$00000001)
    .ARM.Collect$$$$00000004                 0x08000134   Section        4  entry5.o(.ARM.Collect$$$$00000004)
    .ARM.Collect$$$$00000008                 0x08000138   Section        0  entry7b.o(.ARM.Collect$$$$00000008)
    .ARM.Collect$$$$0000000A                 0x08000138   Section        0  entry8b.o(.ARM.Collect$$$$0000000A)
    .ARM.Collect$$$$0000000B                 0x08000138   Section        8  entry9a.o(.ARM.Collect$$$$0000000B)
    .ARM.Collect$$$$0000000D                 0x08000140   Section        0  entry10a.o(.ARM.Collect$$$$0000000D)
    .ARM.Collect$$$$0000000F                 0x08000140   Section        0  entry11a.o(.ARM.Collect$$$$0000000F)
    .ARM.Collect$$$$00002712                 0x08000140   Section        4  entry2.o(.ARM.Collect$$$$00002712)
    __lit__00000000                          0x08000140   Data           4  entry2.o(.ARM.Collect$$$$00002712)
    .emb_text                                0x08000144   Section      150  port.o(.emb_text)
    .text                                    0x080001dc   Section        0  main.o(.text)
    .text                                    0x0800031c   Section        0  stm32f10x_it.o(.text)
    .text                                    0x08000330   Section        0  system_stm32f10x.o(.text)
    SetSysClockTo72                          0x08000331   Thumb Code   214  system_stm32f10x.o(.text)
    SetSysClock                              0x08000407   Thumb Code     8  system_stm32f10x.o(.text)
    .text                                    0x08000518   Section       32  startup_stm32f10x_hd.o(.text)
    .text                                    0x08000538   Section        0  misc.o(.text)
    .text                                    0x08000614   Section        0  stm32f10x_adc.o(.text)
    .text                                    0x08000a64   Section        0  stm32f10x_dma.o(.text)
    .text                                    0x08000cb8   Section        0  stm32f10x_exti.o(.text)
    .text                                    0x08000dd4   Section        0  stm32f10x_gpio.o(.text)
    .text                                    0x08001130   Section        0  stm32f10x_rcc.o(.text)
    .text                                    0x080014dc   Section        0  stm32f10x_tim.o(.text)
    TI4_Config                               0x08001983   Thumb Code   130  stm32f10x_tim.o(.text)
    TI3_Config                               0x08001a17   Thumb Code   122  stm32f10x_tim.o(.text)
    TI2_Config                               0x08001aab   Thumb Code   130  stm32f10x_tim.o(.text)
    TI1_Config                               0x08001b3f   Thumb Code   108  stm32f10x_tim.o(.text)
    .text                                    0x080022f8   Section        0  stm32f10x_usart.o(.text)
    .text                                    0x08002700   Section        0  led.o(.text)
    .text                                    0x0800276c   Section        0  beep.o(.text)
    .text                                    0x080027a4   Section        0  key.o(.text)
    .text                                    0x0800284c   Section        0  keyint.o(.text)
    .text                                    0x08002918   Section        0  uart.o(.text)
    .text                                    0x08002aa8   Section        0  tim3.o(.text)
    .text                                    0x08002bd0   Section        0  adc.o(.text)
    .text                                    0x08002ce0   Section        0  lcd1602.o(.text)
    .text                                    0x08002f1c   Section        0  motor.o(.text)
    .text                                    0x08003004   Section        0  ds18b20.o(.text)
    .text                                    0x0800328c   Section        0  dht11_driver.o(.text)
    DHT11_Mode_IPU                           0x080032bf   Thumb Code    26  dht11_driver.o(.text)
    DHT11_Mode_Out_PP                        0x080032d9   Thumb Code    32  dht11_driver.o(.text)
    Read_Byte                                0x080032f9   Thumb Code    96  dht11_driver.o(.text)
    .text                                    0x08003404   Section        0  sg90.o(.text)
    .text                                    0x080034b4   Section        0  delay_us.o(.text)
    .text                                    0x08003508   Section        0  app_tasks.o(.text)
    .text                                    0x08003c58   Section        0  heap_4.o(.text)
    prvHeapInit                              0x08003c59   Thumb Code    88  heap_4.o(.text)
    prvInsertBlockIntoFreeList               0x08003dab   Thumb Code    96  heap_4.o(.text)
    .text                                    0x08003f38   Section        0  list.o(.text)
    .text                                    0x08003fcc   Section        0  port.o(.text)
    prvTaskExitError                         0x08003fcd   Thumb Code    22  port.o(.text)
    .text                                    0x080040bc   Section        0  queue.o(.text)
    prvInitialiseNewQueue                    0x08004159   Thumb Code    38  queue.o(.text)
    prvUnlockQueue                           0x080041cb   Thumb Code   126  queue.o(.text)
    prvIsQueueFull                           0x08004249   Thumb Code    30  queue.o(.text)
    prvCopyDataToQueue                       0x08004267   Thumb Code   126  queue.o(.text)
    prvInitialiseMutex                       0x080043f9   Thumb Code    30  queue.o(.text)
    prvGetHighestPriorityOfWaitToReceiveList 0x08004469   Thumb Code    20  queue.o(.text)
    prvIsQueueEmpty                          0x0800447d   Thumb Code    26  queue.o(.text)
    prvCopyDataFromQueue                     0x08004741   Thumb Code    42  queue.o(.text)
    .text                                    0x08004b08   Section        0  tasks.o(.text)
    prvInitialiseNewTask                     0x08004b09   Thumb Code   134  tasks.o(.text)
    prvCreateTask                            0x08004b8f   Thumb Code    90  tasks.o(.text)
    prvInitialiseTaskLists                   0x08004be9   Thumb Code    70  tasks.o(.text)
    prvAddNewTaskToReadyList                 0x08004c2f   Thumb Code   212  tasks.o(.text)
    prvDeleteTCB                             0x08004d3b   Thumb Code    18  tasks.o(.text)
    prvResetNextTaskUnblockTime              0x08004d4d   Thumb Code    40  tasks.o(.text)
    prvAddCurrentTaskToDelayedList           0x08005157   Thumb Code   174  tasks.o(.text)
    prvTaskIsTaskSuspended                   0x0800561f   Thumb Code    86  tasks.o(.text)
    prvCheckTasksWaitingTermination          0x080057e3   Thumb Code    60  tasks.o(.text)
    prvIdleTask                              0x0800581f   Thumb Code    32  tasks.o(.text)
    prvCreateIdleTasks                       0x0800583f   Thumb Code   152  tasks.o(.text)
    .text                                    0x080066e8   Section        0  timers.o(.text)
    prvInsertTimerInActiveList               0x080066e9   Thumb Code    80  timers.o(.text)
    prvReloadTimer                           0x08006739   Thumb Code    40  timers.o(.text)
    prvProcessExpiredTimer                   0x08006761   Thumb Code    62  timers.o(.text)
    prvSwitchTimerLists                      0x0800679f   Thumb Code    58  timers.o(.text)
    prvSampleTimeNow                         0x080067d9   Thumb Code    40  timers.o(.text)
    prvProcessReceivedCommands               0x08006801   Thumb Code   282  timers.o(.text)
    prvProcessTimerOrBlockTask               0x0800691b   Thumb Code   102  timers.o(.text)
    prvGetNextExpireTime                     0x08006981   Thumb Code    36  timers.o(.text)
    prvTimerTask                             0x080069a5   Thumb Code    26  timers.o(.text)
    prvCheckForValidListAndQueue             0x080069bf   Thumb Code    56  timers.o(.text)
    prvInitialiseNewTimer                    0x08006a1f   Thumb Code    56  timers.o(.text)
    .text                                    0x08006c8c   Section        0  memcpya.o(.text)
    .text                                    0x08006cb0   Section        0  memseta.o(.text)
    .text                                    0x08006cd4   Section        0  strcmp.o(.text)
    .text                                    0x08006cf0   Section        0  fadd.o(.text)
    .text                                    0x08006da0   Section        0  fmul.o(.text)
    .text                                    0x08006e04   Section        0  fdiv.o(.text)
    .text                                    0x08006e80   Section        0  dmul.o(.text)
    .text                                    0x08006f64   Section        0  fflti.o(.text)
    .text                                    0x08006f76   Section        0  ffltui.o(.text)
    .text                                    0x08006f80   Section        0  ffixui.o(.text)
    .text                                    0x08006fa8   Section        0  dfixi.o(.text)
    .text                                    0x08006fe6   Section        0  f2d.o(.text)
    .text                                    0x0800700c   Section       20  cfcmple.o(.text)
    .text                                    0x08007020   Section       20  cfrcmple.o(.text)
    .text                                    0x08007034   Section        0  uidiv.o(.text)
    .text                                    0x08007060   Section        0  uldiv.o(.text)
    .text                                    0x080070c2   Section        0  llushr.o(.text)
    .text                                    0x080070e2   Section        0  iusefp.o(.text)
    .text                                    0x080070e2   Section        0  fepilogue.o(.text)
    .text                                    0x08007150   Section        0  depilogue.o(.text)
    .text                                    0x0800720a   Section        0  dadd.o(.text)
    .text                                    0x08007358   Section        0  ddiv.o(.text)
    .text                                    0x08007436   Section        0  dfixul.o(.text)
    .text                                    0x08007468   Section       48  cdrcmple.o(.text)
    .text                                    0x08007498   Section       36  init.o(.text)
    .text                                    0x080074bc   Section        0  llshl.o(.text)
    .text                                    0x080074da   Section        0  llsshr.o(.text)
    i.__0printf                              0x08007500   Section        0  printfa.o(i.__0printf)
    i.__0sprintf                             0x08007520   Section        0  printfa.o(i.__0sprintf)
    i.__scatterload_copy                     0x08007548   Section       14  handlers.o(i.__scatterload_copy)
    i.__scatterload_null                     0x08007556   Section        2  handlers.o(i.__scatterload_null)
    i.__scatterload_zeroinit                 0x08007558   Section       14  handlers.o(i.__scatterload_zeroinit)
    i._fp_digits                             0x08007568   Section        0  printfa.o(i._fp_digits)
    _fp_digits                               0x08007569   Thumb Code   334  printfa.o(i._fp_digits)
    i._printf_core                           0x080076cc   Section        0  printfa.o(i._printf_core)
    _printf_core                             0x080076cd   Thumb Code  1744  printfa.o(i._printf_core)
    i._printf_post_padding                   0x08007da8   Section        0  printfa.o(i._printf_post_padding)
    _printf_post_padding                     0x08007da9   Thumb Code    36  printfa.o(i._printf_post_padding)
    i._printf_pre_padding                    0x08007dcc   Section        0  printfa.o(i._printf_pre_padding)
    _printf_pre_padding                      0x08007dcd   Thumb Code    46  printfa.o(i._printf_pre_padding)
    i._sputc                                 0x08007dfa   Section        0  printfa.o(i._sputc)
    _sputc                                   0x08007dfb   Thumb Code    10  printfa.o(i._sputc)
    .data                                    0x20000000   Section        8  main.o(.data)
    .data                                    0x20000008   Section       20  system_stm32f10x.o(.data)
    .data                                    0x2000001c   Section       20  stm32f10x_rcc.o(.data)
    APBAHBPrescTable                         0x2000001c   Data          16  stm32f10x_rcc.o(.data)
    ADCPrescTable                            0x2000002c   Data           4  stm32f10x_rcc.o(.data)
    .data                                    0x20000030   Section        8  keyint.o(.data)
    s_notifyTask                             0x20000034   Data           4  keyint.o(.data)
    .data                                    0x20000038   Section       10  uart.o(.data)
    s_commandQueue                           0x20000038   Data           4  uart.o(.data)
    s_rxIndex                                0x2000003c   Data           1  uart.o(.data)
    .data                                    0x20000042   Section        2  tim3.o(.data)
    .data                                    0x20000044   Section        4  adc.o(.data)
    .data                                    0x20000048   Section       16  motor.o(.data)
    .data                                    0x20000058   Section       39  app_tasks.o(.data)
    ds18b20_count                            0x2000007e   Data           1  app_tasks.o(.data)
    .data                                    0x20000080   Section       28  heap_4.o(.data)
    xStart                                   0x20000080   Data           8  heap_4.o(.data)
    pxEnd                                    0x20000088   Data           4  heap_4.o(.data)
    xFreeBytesRemaining                      0x2000008c   Data           4  heap_4.o(.data)
    xMinimumEverFreeBytesRemaining           0x20000090   Data           4  heap_4.o(.data)
    xNumberOfSuccessfulAllocations           0x20000094   Data           4  heap_4.o(.data)
    xNumberOfSuccessfulFrees                 0x20000098   Data           4  heap_4.o(.data)
    .data                                    0x2000009c   Section        4  port.o(.data)
    uxCriticalNesting                        0x2000009c   Data           4  port.o(.data)
    .data                                    0x200000a0   Section       64  tasks.o(.data)
    pxDelayedTaskList                        0x200000a4   Data           4  tasks.o(.data)
    pxOverflowDelayedTaskList                0x200000a8   Data           4  tasks.o(.data)
    uxDeletedTasksWaitingCleanUp             0x200000ac   Data           4  tasks.o(.data)
    uxCurrentNumberOfTasks                   0x200000b0   Data           4  tasks.o(.data)
    xTickCount                               0x200000b4   Data           4  tasks.o(.data)
    uxTopReadyPriority                       0x200000b8   Data           4  tasks.o(.data)
    xSchedulerRunning                        0x200000bc   Data           4  tasks.o(.data)
    xPendedTicks                             0x200000c0   Data           4  tasks.o(.data)
    xYieldPendings                           0x200000c4   Data           4  tasks.o(.data)
    xNumOfOverflows                          0x200000c8   Data           4  tasks.o(.data)
    uxTaskNumber                             0x200000cc   Data           4  tasks.o(.data)
    xNextTaskUnblockTime                     0x200000d0   Data           4  tasks.o(.data)
    xIdleTaskHandles                         0x200000d4   Data           4  tasks.o(.data)
    uxTopUsedPriority                        0x200000d8   Data           4  tasks.o(.data)
    uxSchedulerSuspended                     0x200000dc   Data           4  tasks.o(.data)
    .data                                    0x200000e0   Section       20  timers.o(.data)
    pxCurrentTimerList                       0x200000e0   Data           4  timers.o(.data)
    pxOverflowTimerList                      0x200000e4   Data           4  timers.o(.data)
    xTimerQueue                              0x200000e8   Data           4  timers.o(.data)
    xTimerTaskHandle                         0x200000ec   Data           4  timers.o(.data)
    xLastTime                                0x200000f0   Data           4  timers.o(.data)
    .data                                    0x200000f4   Section        4  stdout.o(.data)
    .bss                                     0x200000f8   Section       16  uart.o(.bss)
    s_rxFrame                                0x200000f8   Data          16  uart.o(.bss)
    .bss                                     0x20000108   Section       12  app_tasks.o(.bss)
    s_latestSensor                           0x20000108   Data          12  app_tasks.o(.bss)
    .bss                                     0x20000114   Section     8192  heap_4.o(.bss)
    ucHeap                                   0x20000114   Data        8192  heap_4.o(.bss)
    .bss                                     0x20002114   Section      200  tasks.o(.bss)
    pxReadyTasksLists                        0x20002114   Data         100  tasks.o(.bss)
    xDelayedTaskList1                        0x20002178   Data          20  tasks.o(.bss)
    xDelayedTaskList2                        0x2000218c   Data          20  tasks.o(.bss)
    xPendingReadyList                        0x200021a0   Data          20  tasks.o(.bss)
    xTasksWaitingTermination                 0x200021b4   Data          20  tasks.o(.bss)
    xSuspendedTaskList                       0x200021c8   Data          20  tasks.o(.bss)
    .bss                                     0x200021dc   Section       40  timers.o(.bss)
    xActiveTimerList1                        0x200021dc   Data          20  timers.o(.bss)
    xActiveTimerList2                        0x200021f0   Data          20  timers.o(.bss)
    STACK                                    0x20002208   Section     1024  startup_stm32f10x_hd.o(STACK)

    Global Symbols

    Symbol Name                              Value     Ov Type        Size  Object(Section)

    BuildAttributes$$THM_ISAv4$P$D$K$B$S$PE$A:L22UL41UL21$X:L11$S22US41US21$IEEE1$IW$USESV6$~STKCKD$USESV7$~SHL$OTIME$ROPI$EBA8$MICROLIB$REQ8$PRES8$EABIv2 0x00000000   Number         0  anon$$obj.o ABSOLUTE
    __ARM_use_no_argv                        0x00000000   Number         0  main.o ABSOLUTE
    _printf_a                                0x00000000   Number         0  stubs.o ABSOLUTE
    _printf_c                                0x00000000   Number         0  stubs.o ABSOLUTE
    _printf_charcount                        0x00000000   Number         0  stubs.o ABSOLUTE
    _printf_d                                0x00000000   Number         0  stubs.o ABSOLUTE
    _printf_e                                0x00000000   Number         0  stubs.o ABSOLUTE
    _printf_f                                0x00000000   Number         0  stubs.o ABSOLUTE
    _printf_flags                            0x00000000   Number         0  stubs.o ABSOLUTE
    _printf_fp_dec                           0x00000000   Number         0  stubs.o ABSOLUTE
    _printf_fp_hex                           0x00000000   Number         0  stubs.o ABSOLUTE
    _printf_g                                0x00000000   Number         0  stubs.o ABSOLUTE
    _printf_i                                0x00000000   Number         0  stubs.o ABSOLUTE
    _printf_int_dec                          0x00000000   Number         0  stubs.o ABSOLUTE
    _printf_l                                0x00000000   Number         0  stubs.o ABSOLUTE
    _printf_lc                               0x00000000   Number         0  stubs.o ABSOLUTE
    _printf_ll                               0x00000000   Number         0  stubs.o ABSOLUTE
    _printf_lld                              0x00000000   Number         0  stubs.o ABSOLUTE
    _printf_lli                              0x00000000   Number         0  stubs.o ABSOLUTE
    _printf_llo                              0x00000000   Number         0  stubs.o ABSOLUTE
    _printf_llu                              0x00000000   Number         0  stubs.o ABSOLUTE
    _printf_llx                              0x00000000   Number         0  stubs.o ABSOLUTE
    _printf_longlong_dec                     0x00000000   Number         0  stubs.o ABSOLUTE
    _printf_longlong_hex                     0x00000000   Number         0  stubs.o ABSOLUTE
    _printf_longlong_oct                     0x00000000   Number         0  stubs.o ABSOLUTE
    _printf_ls                               0x00000000   Number         0  stubs.o ABSOLUTE
    _printf_mbtowc                           0x00000000   Number         0  stubs.o ABSOLUTE
    _printf_n                                0x00000000   Number         0  stubs.o ABSOLUTE
    _printf_o                                0x00000000   Number         0  stubs.o ABSOLUTE
    _printf_p                                0x00000000   Number         0  stubs.o ABSOLUTE
    _printf_percent                          0x00000000   Number         0  stubs.o ABSOLUTE
    _printf_pre_padding                      0x00000000   Number         0  stubs.o ABSOLUTE
    _printf_return_value                     0x00000000   Number         0  stubs.o ABSOLUTE
    _printf_s                                0x00000000   Number         0  stubs.o ABSOLUTE
    _printf_sizespec                         0x00000000   Number         0  stubs.o ABSOLUTE
    _printf_str                              0x00000000   Number         0  stubs.o ABSOLUTE
    _printf_truncate_signed                  0x00000000   Number         0  stubs.o ABSOLUTE
    _printf_truncate_unsigned                0x00000000   Number         0  stubs.o ABSOLUTE
    _printf_u                                0x00000000   Number         0  stubs.o ABSOLUTE
    _printf_wc                               0x00000000   Number         0  stubs.o ABSOLUTE
    _printf_wctomb                           0x00000000   Number         0  stubs.o ABSOLUTE
    _printf_widthprec                        0x00000000   Number         0  stubs.o ABSOLUTE
    _printf_x                                0x00000000   Number         0  stubs.o ABSOLUTE
    __cpp_initialize__aeabi_                  - Undefined Weak Reference
    __cxa_finalize                            - Undefined Weak Reference
    __decompress                              - Undefined Weak Reference
    _clock_init                               - Undefined Weak Reference
    _microlib_exit                            - Undefined Weak Reference
    __Vectors_Size                           0x00000130   Number         0  startup_stm32f10x_hd.o ABSOLUTE
    __Vectors                                0x08000000   Data           4  startup_stm32f10x_hd.o(RESET)
    __Vectors_End                            0x08000130   Data           0  startup_stm32f10x_hd.o(RESET)
    __main                                   0x08000131   Thumb Code     0  entry.o(.ARM.Collect$$$$00000000)
    _main_stk                                0x08000131   Thumb Code     0  entry2.o(.ARM.Collect$$$$00000001)
    _main_scatterload                        0x08000135   Thumb Code     0  entry5.o(.ARM.Collect$$$$00000004)
    __main_after_scatterload                 0x08000139   Thumb Code     0  entry5.o(.ARM.Collect$$$$00000004)
    _main_clock                              0x08000139   Thumb Code     0  entry7b.o(.ARM.Collect$$$$00000008)
    _main_cpp_init                           0x08000139   Thumb Code     0  entry8b.o(.ARM.Collect$$$$0000000A)
    _main_init                               0x08000139   Thumb Code     0  entry9a.o(.ARM.Collect$$$$0000000B)
    __rt_final_cpp                           0x08000141   Thumb Code     0  entry10a.o(.ARM.Collect$$$$0000000D)
    __rt_final_exit                          0x08000141   Thumb Code     0  entry11a.o(.ARM.Collect$$$$0000000F)
    vPortSVCHandler                          0x08000145   Thumb Code    32  port.o(.emb_text)
    __asm___6_port_c_39a90d8d__prvStartFirstTask 0x08000169   Thumb Code    28  port.o(.emb_text)
    xPortPendSVHandler                       0x08000189   Thumb Code    72  port.o(.emb_text)
    vPortGetIPSR                             0x080001d5   Thumb Code     6  port.o(.emb_text)
    vApplicationMallocFailedHook             0x080001dd   Thumb Code    22  main.o(.text)
    vApplicationStackOverflowHook            0x080001f3   Thumb Code    22  main.o(.text)
    main                                     0x08000209   Thumb Code   210  main.o(.text)
    NMI_Handler                              0x0800031d   Thumb Code     2  stm32f10x_it.o(.text)
    HardFault_Handler                        0x0800031f   Thumb Code     4  stm32f10x_it.o(.text)
    MemManage_Handler                        0x08000323   Thumb Code     4  stm32f10x_it.o(.text)
    BusFault_Handler                         0x08000327   Thumb Code     4  stm32f10x_it.o(.text)
    UsageFault_Handler                       0x0800032b   Thumb Code     4  stm32f10x_it.o(.text)
    DebugMon_Handler                         0x0800032f   Thumb Code     2  stm32f10x_it.o(.text)
    SystemInit                               0x0800040f   Thumb Code    78  system_stm32f10x.o(.text)
    SystemCoreClockUpdate                    0x0800045d   Thumb Code   142  system_stm32f10x.o(.text)
    Reset_Handler                            0x08000519   Thumb Code     8  startup_stm32f10x_hd.o(.text)
    ADC1_2_IRQHandler                        0x0800052d   Thumb Code     0  startup_stm32f10x_hd.o(.text)
    ADC3_IRQHandler                          0x0800052d   Thumb Code     0  startup_stm32f10x_hd.o(.text)
    CAN1_RX1_IRQHandler                      0x0800052d   Thumb Code     0  startup_stm32f10x_hd.o(.text)
    CAN1_SCE_IRQHandler                      0x0800052d   Thumb Code     0  startup_stm32f10x_hd.o(.text)
    DMA1_Channel1_IRQHandler                 0x0800052d   Thumb Code     0  startup_stm32f10x_hd.o(.text)
    DMA1_Channel2_IRQHandler                 0x0800052d   Thumb Code     0  startup_stm32f10x_hd.o(.text)
    DMA1_Channel3_IRQHandler                 0x0800052d   Thumb Code     0  startup_stm32f10x_hd.o(.text)
    DMA1_Channel4_IRQHandler                 0x0800052d   Thumb Code     0  startup_stm32f10x_hd.o(.text)
    DMA1_Channel5_IRQHandler                 0x0800052d   Thumb Code     0  startup_stm32f10x_hd.o(.text)
    DMA1_Channel6_IRQHandler                 0x0800052d   Thumb Code     0  startup_stm32f10x_hd.o(.text)
    DMA1_Channel7_IRQHandler                 0x0800052d   Thumb Code     0  startup_stm32f10x_hd.o(.text)
    DMA2_Channel1_IRQHandler                 0x0800052d   Thumb Code     0  startup_stm32f10x_hd.o(.text)
    DMA2_Channel2_IRQHandler                 0x0800052d   Thumb Code     0  startup_stm32f10x_hd.o(.text)
    DMA2_Channel3_IRQHandler                 0x0800052d   Thumb Code     0  startup_stm32f10x_hd.o(.text)
    DMA2_Channel4_5_IRQHandler               0x0800052d   Thumb Code     0  startup_stm32f10x_hd.o(.text)
    EXTI0_IRQHandler                         0x0800052d   Thumb Code     0  startup_stm32f10x_hd.o(.text)
    EXTI15_10_IRQHandler                     0x0800052d   Thumb Code     0  startup_stm32f10x_hd.o(.text)
    EXTI1_IRQHandler                         0x0800052d   Thumb Code     0  startup_stm32f10x_hd.o(.text)
    EXTI2_IRQHandler                         0x0800052d   Thumb Code     0  startup_stm32f10x_hd.o(.text)
    EXTI3_IRQHandler                         0x0800052d   Thumb Code     0  startup_stm32f10x_hd.o(.text)
    EXTI9_5_IRQHandler                       0x0800052d   Thumb Code     0  startup_stm32f10x_hd.o(.text)
    FLASH_IRQHandler                         0x0800052d   Thumb Code     0  startup_stm32f10x_hd.o(.text)
    FSMC_IRQHandler                          0x0800052d   Thumb Code     0  startup_stm32f10x_hd.o(.text)
    I2C1_ER_IRQHandler                       0x0800052d   Thumb Code     0  startup_stm32f10x_hd.o(.text)
    I2C1_EV_IRQHandler                       0x0800052d   Thumb Code     0  startup_stm32f10x_hd.o(.text)
    I2C2_ER_IRQHandler                       0x0800052d   Thumb Code     0  startup_stm32f10x_hd.o(.text)
    I2C2_EV_IRQHandler                       0x0800052d   Thumb Code     0  startup_stm32f10x_hd.o(.text)
    PVD_IRQHandler                           0x0800052d   Thumb Code     0  startup_stm32f10x_hd.o(.text)
    RCC_IRQHandler                           0x0800052d   Thumb Code     0  startup_stm32f10x_hd.o(.text)
    RTCAlarm_IRQHandler                      0x0800052d   Thumb Code     0  startup_stm32f10x_hd.o(.text)
    RTC_IRQHandler                           0x0800052d   Thumb Code     0  startup_stm32f10x_hd.o(.text)
    SDIO_IRQHandler                          0x0800052d   Thumb Code     0  startup_stm32f10x_hd.o(.text)
    SPI1_IRQHandler                          0x0800052d   Thumb Code     0  startup_stm32f10x_hd.o(.text)
    SPI2_IRQHandler                          0x0800052d   Thumb Code     0  startup_stm32f10x_hd.o(.text)
    SPI3_IRQHandler                          0x0800052d   Thumb Code     0  startup_stm32f10x_hd.o(.text)
    TAMPER_IRQHandler                        0x0800052d   Thumb Code     0  startup_stm32f10x_hd.o(.text)
    TIM1_BRK_IRQHandler                      0x0800052d   Thumb Code     0  startup_stm32f10x_hd.o(.text)
    TIM1_CC_IRQHandler                       0x0800052d   Thumb Code     0  startup_stm32f10x_hd.o(.text)
    TIM1_TRG_COM_IRQHandler                  0x0800052d   Thumb Code     0  startup_stm32f10x_hd.o(.text)
    TIM1_UP_IRQHandler                       0x0800052d   Thumb Code     0  startup_stm32f10x_hd.o(.text)
    TIM2_IRQHandler                          0x0800052d   Thumb Code     0  startup_stm32f10x_hd.o(.text)
    TIM4_IRQHandler                          0x0800052d   Thumb Code     0  startup_stm32f10x_hd.o(.text)
    TIM5_IRQHandler                          0x0800052d   Thumb Code     0  startup_stm32f10x_hd.o(.text)
    TIM6_IRQHandler                          0x0800052d   Thumb Code     0  startup_stm32f10x_hd.o(.text)
    TIM7_IRQHandler                          0x0800052d   Thumb Code     0  startup_stm32f10x_hd.o(.text)
    TIM8_BRK_IRQHandler                      0x0800052d   Thumb Code     0  startup_stm32f10x_hd.o(.text)
    TIM8_CC_IRQHandler                       0x0800052d   Thumb Code     0  startup_stm32f10x_hd.o(.text)
    TIM8_TRG_COM_IRQHandler                  0x0800052d   Thumb Code     0  startup_stm32f10x_hd.o(.text)
    TIM8_UP_IRQHandler                       0x0800052d   Thumb Code     0  startup_stm32f10x_hd.o(.text)
    UART4_IRQHandler                         0x0800052d   Thumb Code     0  startup_stm32f10x_hd.o(.text)
    UART5_IRQHandler                         0x0800052d   Thumb Code     0  startup_stm32f10x_hd.o(.text)
    USART2_IRQHandler                        0x0800052d   Thumb Code     0  startup_stm32f10x_hd.o(.text)
    USART3_IRQHandler                        0x0800052d   Thumb Code     0  startup_stm32f10x_hd.o(.text)
    USBWakeUp_IRQHandler                     0x0800052d   Thumb Code     0  startup_stm32f10x_hd.o(.text)
    USB_HP_CAN1_TX_IRQHandler                0x0800052d   Thumb Code     0  startup_stm32f10x_hd.o(.text)
    USB_LP_CAN1_RX0_IRQHandler               0x0800052d   Thumb Code     0  startup_stm32f10x_hd.o(.text)
    WWDG_IRQHandler                          0x0800052d   Thumb Code     0  startup_stm32f10x_hd.o(.text)
    NVIC_PriorityGroupConfig                 0x08000539   Thumb Code    10  misc.o(.text)
    NVIC_Init                                0x08000543   Thumb Code   100  misc.o(.text)
    NVIC_SetVectorTable                      0x080005a7   Thumb Code    14  misc.o(.text)
    NVIC_SystemLPConfig                      0x080005b5   Thumb Code    34  misc.o(.text)
    SysTick_CLKSourceConfig                  0x080005d7   Thumb Code    40  misc.o(.text)
    ADC_DeInit                               0x08000615   Thumb Code    78  stm32f10x_adc.o(.text)
    ADC_Init                                 0x08000663   Thumb Code    70  stm32f10x_adc.o(.text)
    ADC_StructInit                           0x080006a9   Thumb Code    18  stm32f10x_adc.o(.text)
    ADC_Cmd                                  0x080006bb   Thumb Code    22  stm32f10x_adc.o(.text)
    ADC_DMACmd                               0x080006d1   Thumb Code    22  stm32f10x_adc.o(.text)
    ADC_ITConfig                             0x080006e7   Thumb Code    24  stm32f10x_adc.o(.text)
    ADC_ResetCalibration                     0x080006ff   Thumb Code    10  stm32f10x_adc.o(.text)
    ADC_GetResetCalibrationStatus            0x08000709   Thumb Code    20  stm32f10x_adc.o(.text)
    ADC_StartCalibration                     0x0800071d   Thumb Code    10  stm32f10x_adc.o(.text)
    ADC_GetCalibrationStatus                 0x08000727   Thumb Code    20  stm32f10x_adc.o(.text)
    ADC_SoftwareStartConvCmd                 0x0800073b   Thumb Code    22  stm32f10x_adc.o(.text)
    ADC_GetSoftwareStartConvStatus           0x08000751   Thumb Code    20  stm32f10x_adc.o(.text)
    ADC_DiscModeChannelCountConfig           0x08000765   Thumb Code    24  stm32f10x_adc.o(.text)
    ADC_DiscModeCmd                          0x0800077d   Thumb Code    22  stm32f10x_adc.o(.text)
    ADC_RegularChannelConfig                 0x08000793   Thumb Code   184  stm32f10x_adc.o(.text)
    ADC_ExternalTrigConvCmd                  0x0800084b   Thumb Code    22  stm32f10x_adc.o(.text)
    ADC_GetConversionValue                   0x08000861   Thumb Code     8  stm32f10x_adc.o(.text)
    ADC_GetDualModeConversionValue           0x08000869   Thumb Code     8  stm32f10x_adc.o(.text)
    ADC_AutoInjectedConvCmd                  0x08000871   Thumb Code    22  stm32f10x_adc.o(.text)
    ADC_InjectedDiscModeCmd                  0x08000887   Thumb Code    22  stm32f10x_adc.o(.text)
    ADC_ExternalTrigInjectedConvConfig       0x0800089d   Thumb Code    16  stm32f10x_adc.o(.text)
    ADC_ExternalTrigInjectedConvCmd          0x080008ad   Thumb Code    22  stm32f10x_adc.o(.text)
    ADC_SoftwareStartInjectedConvCmd         0x080008c3   Thumb Code    22  stm32f10x_adc.o(.text)
    ADC_GetSoftwareStartInjectedConvCmdStatus 0x080008d9   Thumb Code    20  stm32f10x_adc.o(.text)
    ADC_InjectedChannelConfig                0x080008ed   Thumb Code   130  stm32f10x_adc.o(.text)
    ADC_InjectedSequencerLengthConfig        0x0800096f   Thumb Code    24  stm32f10x_adc.o(.text)
    ADC_SetInjectedOffset                    0x08000987   Thumb Code    20  stm32f10x_adc.o(.text)
    ADC_GetInjectedConversionValue           0x0800099b   Thumb Code    28  stm32f10x_adc.o(.text)
    ADC_AnalogWatchdogCmd                    0x080009b7   Thumb Code    16  stm32f10x_adc.o(.text)
    ADC_AnalogWatchdogThresholdsConfig       0x080009c7   Thumb Code     6  stm32f10x_adc.o(.text)
    ADC_AnalogWatchdogSingleChannelConfig    0x080009cd   Thumb Code    16  stm32f10x_adc.o(.text)
    ADC_TempSensorVrefintCmd                 0x080009dd   Thumb Code    64  stm32f10x_adc.o(.text)
    ADC_GetFlagStatus                        0x08000a1d   Thumb Code    18  stm32f10x_adc.o(.text)
    ADC_ClearFlag                            0x08000a2f   Thumb Code     6  stm32f10x_adc.o(.text)
    ADC_GetITStatus                          0x08000a35   Thumb Code    36  stm32f10x_adc.o(.text)
    ADC_ClearITPendingBit                    0x08000a59   Thumb Code    10  stm32f10x_adc.o(.text)
    DMA_DeInit                               0x08000a65   Thumb Code   324  stm32f10x_dma.o(.text)
    DMA_Init                                 0x08000ba9   Thumb Code    60  stm32f10x_dma.o(.text)
    DMA_StructInit                           0x08000be5   Thumb Code    26  stm32f10x_dma.o(.text)
    DMA_Cmd                                  0x08000bff   Thumb Code    24  stm32f10x_dma.o(.text)
    DMA_ITConfig                             0x08000c17   Thumb Code    18  stm32f10x_dma.o(.text)
    DMA_SetCurrDataCounter                   0x08000c29   Thumb Code     4  stm32f10x_dma.o(.text)
    DMA_GetCurrDataCounter                   0x08000c2d   Thumb Code     8  stm32f10x_dma.o(.text)
    DMA_GetFlagStatus                        0x08000c35   Thumb Code    40  stm32f10x_dma.o(.text)
    DMA_ClearFlag                            0x08000c5d   Thumb Code    22  stm32f10x_dma.o(.text)
    DMA_GetITStatus                          0x08000c73   Thumb Code    40  stm32f10x_dma.o(.text)
    DMA_ClearITPendingBit                    0x08000c9b   Thumb Code    22  stm32f10x_dma.o(.text)
    EXTI_DeInit                              0x08000cb9   Thumb Code    28  stm32f10x_exti.o(.text)
    EXTI_Init                                0x08000cd5   Thumb Code   142  stm32f10x_exti.o(.text)
    EXTI_StructInit                          0x08000d63   Thumb Code    16  stm32f10x_exti.o(.text)
    EXTI_GenerateSWInterrupt                 0x08000d73   Thumb Code    16  stm32f10x_exti.o(.text)
    EXTI_GetFlagStatus                       0x08000d83   Thumb Code    22  stm32f10x_exti.o(.text)
    EXTI_ClearFlag                           0x08000d99   Thumb Code     8  stm32f10x_exti.o(.text)
    EXTI_GetITStatus                         0x08000da1   Thumb Code    34  stm32f10x_exti.o(.text)
    EXTI_ClearITPendingBit                   0x08000dc3   Thumb Code     8  stm32f10x_exti.o(.text)
    GPIO_DeInit                              0x08000dd5   Thumb Code   172  stm32f10x_gpio.o(.text)
    GPIO_AFIODeInit                          0x08000e81   Thumb Code    20  stm32f10x_gpio.o(.text)
    GPIO_Init                                0x08000e95   Thumb Code   278  stm32f10x_gpio.o(.text)
    GPIO_StructInit                          0x08000fab   Thumb Code    16  stm32f10x_gpio.o(.text)
    GPIO_ReadInputDataBit                    0x08000fbb   Thumb Code    18  stm32f10x_gpio.o(.text)
    GPIO_ReadInputData                       0x08000fcd   Thumb Code     8  stm32f10x_gpio.o(.text)
    GPIO_ReadOutputDataBit                   0x08000fd5   Thumb Code    18  stm32f10x_gpio.o(.text)
    GPIO_ReadOutputData                      0x08000fe7   Thumb Code     8  stm32f10x_gpio.o(.text)
    GPIO_SetBits                             0x08000fef   Thumb Code     4  stm32f10x_gpio.o(.text)
    GPIO_ResetBits                           0x08000ff3   Thumb Code     4  stm32f10x_gpio.o(.text)
    GPIO_WriteBit                            0x08000ff7   Thumb Code    10  stm32f10x_gpio.o(.text)
    GPIO_Write                               0x08001001   Thumb Code     4  stm32f10x_gpio.o(.text)
    GPIO_PinLockConfig                       0x08001005   Thumb Code    18  stm32f10x_gpio.o(.text)
    GPIO_EventOutputConfig                   0x08001017   Thumb Code    26  stm32f10x_gpio.o(.text)
    GPIO_EventOutputCmd                      0x08001031   Thumb Code     6  stm32f10x_gpio.o(.text)
    GPIO_PinRemapConfig                      0x08001037   Thumb Code   138  stm32f10x_gpio.o(.text)
    GPIO_EXTILineConfig                      0x080010c1   Thumb Code    66  stm32f10x_gpio.o(.text)
    GPIO_ETH_MediaInterfaceConfig            0x08001103   Thumb Code     8  stm32f10x_gpio.o(.text)
    RCC_DeInit                               0x08001131   Thumb Code    64  stm32f10x_rcc.o(.text)
    RCC_HSEConfig                            0x08001171   Thumb Code    70  stm32f10x_rcc.o(.text)
    RCC_GetFlagStatus                        0x080011b7   Thumb Code    56  stm32f10x_rcc.o(.text)
    RCC_WaitForHSEStartUp                    0x080011ef   Thumb Code    56  stm32f10x_rcc.o(.text)
    RCC_AdjustHSICalibrationValue            0x08001227   Thumb Code    20  stm32f10x_rcc.o(.text)
    RCC_HSICmd                               0x0800123b   Thumb Code     6  stm32f10x_rcc.o(.text)
    RCC_PLLConfig                            0x08001241   Thumb Code    24  stm32f10x_rcc.o(.text)
    RCC_PLLCmd                               0x08001259   Thumb Code     6  stm32f10x_rcc.o(.text)
    RCC_SYSCLKConfig                         0x0800125f   Thumb Code    18  stm32f10x_rcc.o(.text)
    RCC_GetSYSCLKSource                      0x08001271   Thumb Code    10  stm32f10x_rcc.o(.text)
    RCC_HCLKConfig                           0x0800127b   Thumb Code    18  stm32f10x_rcc.o(.text)
    RCC_PCLK1Config                          0x0800128d   Thumb Code    18  stm32f10x_rcc.o(.text)
    RCC_PCLK2Config                          0x0800129f   Thumb Code    20  stm32f10x_rcc.o(.text)
    RCC_ITConfig                             0x080012b3   Thumb Code    26  stm32f10x_rcc.o(.text)
    RCC_USBCLKConfig                         0x080012cd   Thumb Code     8  stm32f10x_rcc.o(.text)
    RCC_ADCCLKConfig                         0x080012d5   Thumb Code    18  stm32f10x_rcc.o(.text)
    RCC_LSEConfig                            0x080012e7   Thumb Code    50  stm32f10x_rcc.o(.text)
    RCC_LSICmd                               0x08001319   Thumb Code     6  stm32f10x_rcc.o(.text)
    RCC_RTCCLKConfig                         0x0800131f   Thumb Code    12  stm32f10x_rcc.o(.text)
    RCC_RTCCLKCmd                            0x0800132b   Thumb Code     8  stm32f10x_rcc.o(.text)
    RCC_GetClocksFreq                        0x08001333   Thumb Code   192  stm32f10x_rcc.o(.text)
    RCC_AHBPeriphClockCmd                    0x080013f3   Thumb Code    26  stm32f10x_rcc.o(.text)
    RCC_APB2PeriphClockCmd                   0x0800140d   Thumb Code    26  stm32f10x_rcc.o(.text)
    RCC_APB1PeriphClockCmd                   0x08001427   Thumb Code    26  stm32f10x_rcc.o(.text)
    RCC_APB2PeriphResetCmd                   0x08001441   Thumb Code    26  stm32f10x_rcc.o(.text)
    RCC_APB1PeriphResetCmd                   0x0800145b   Thumb Code    26  stm32f10x_rcc.o(.text)
    RCC_BackupResetCmd                       0x08001475   Thumb Code     8  stm32f10x_rcc.o(.text)
    RCC_ClockSecuritySystemCmd               0x0800147d   Thumb Code     6  stm32f10x_rcc.o(.text)
    RCC_MCOConfig                            0x08001483   Thumb Code     6  stm32f10x_rcc.o(.text)
    RCC_ClearFlag                            0x08001489   Thumb Code    14  stm32f10x_rcc.o(.text)
    RCC_GetITStatus                          0x08001497   Thumb Code    20  stm32f10x_rcc.o(.text)
    RCC_ClearITPendingBit                    0x080014ab   Thumb Code     6  stm32f10x_rcc.o(.text)
    TIM_DeInit                               0x080014dd   Thumb Code   424  stm32f10x_tim.o(.text)
    TIM_TimeBaseInit                         0x08001685   Thumb Code   122  stm32f10x_tim.o(.text)
    TIM_OC1Init                              0x080016ff   Thumb Code   132  stm32f10x_tim.o(.text)
    TIM_OC2Init                              0x08001783   Thumb Code   154  stm32f10x_tim.o(.text)
    TIM_OC3Init                              0x0800181d   Thumb Code   150  stm32f10x_tim.o(.text)
    TIM_OC4Init                              0x080018b3   Thumb Code   182  stm32f10x_tim.o(.text)
    TIM_SetIC4Prescaler                      0x08001969   Thumb Code    26  stm32f10x_tim.o(.text)
    TIM_SetIC3Prescaler                      0x08001a05   Thumb Code    18  stm32f10x_tim.o(.text)
    TIM_SetIC2Prescaler                      0x08001a91   Thumb Code    26  stm32f10x_tim.o(.text)
    TIM_SetIC1Prescaler                      0x08001b2d   Thumb Code    18  stm32f10x_tim.o(.text)
    TIM_ICInit                               0x08001bab   Thumb Code   150  stm32f10x_tim.o(.text)
    TIM_PWMIConfig                           0x08001c41   Thumb Code   124  stm32f10x_tim.o(.text)
    TIM_BDTRConfig                           0x08001cbd   Thumb Code    32  stm32f10x_tim.o(.text)
    TIM_TimeBaseStructInit                   0x08001cdd   Thumb Code    18  stm32f10x_tim.o(.text)
    TIM_OCStructInit                         0x08001cef   Thumb Code    20  stm32f10x_tim.o(.text)
    TIM_ICStructInit                         0x08001d03   Thumb Code    18  stm32f10x_tim.o(.text)
    TIM_BDTRStructInit                       0x08001d15   Thumb Code    40  stm32f10x_tim.o(.text)
    TIM_Cmd                                  0x08001d3d   Thumb Code    24  stm32f10x_tim.o(.text)
    TIM_CtrlPWMOutputs                       0x08001d55   Thumb Code    30  stm32f10x_tim.o(.text)
    TIM_ITConfig                             0x08001d73   Thumb Code    18  stm32f10x_tim.o(.text)
    TIM_GenerateEvent                        0x08001d85   Thumb Code     4  stm32f10x_tim.o(.text)
    TIM_DMAConfig                            0x08001d89   Thumb Code    10  stm32f10x_tim.o(.text)
    TIM_DMACmd                               0x08001d93   Thumb Code    18  stm32f10x_tim.o(.text)
    TIM_InternalClockConfig                  0x08001da5   Thumb Code    12  stm32f10x_tim.o(.text)
    TIM_SelectInputTrigger                   0x08001db1   Thumb Code    18  stm32f10x_tim.o(.text)
    TIM_ITRxExternalClockConfig              0x08001dc3   Thumb Code    24  stm32f10x_tim.o(.text)
    TIM_TIxExternalClockConfig               0x08001ddb   Thumb Code    62  stm32f10x_tim.o(.text)
    TIM_ETRConfig                            0x08001e19   Thumb Code    28  stm32f10x_tim.o(.text)
    TIM_ETRClockMode1Config                  0x08001e35   Thumb Code    54  stm32f10x_tim.o(.text)
    TIM_ETRClockMode2Config                  0x08001e6b   Thumb Code    32  stm32f10x_tim.o(.text)
    TIM_PrescalerConfig                      0x08001e8b   Thumb Code     6  stm32f10x_tim.o(.text)
    TIM_CounterModeConfig                    0x08001e91   Thumb Code    18  stm32f10x_tim.o(.text)
    TIM_EncoderInterfaceConfig               0x08001ea3   Thumb Code    66  stm32f10x_tim.o(.text)
    TIM_ForcedOC1Config                      0x08001ee5   Thumb Code    18  stm32f10x_tim.o(.text)
    TIM_ForcedOC2Config                      0x08001ef7   Thumb Code    26  stm32f10x_tim.o(.text)
    TIM_ForcedOC3Config                      0x08001f11   Thumb Code    18  stm32f10x_tim.o(.text)
    TIM_ForcedOC4Config                      0x08001f23   Thumb Code    26  stm32f10x_tim.o(.text)
    TIM_ARRPreloadConfig                     0x08001f3d   Thumb Code    24  stm32f10x_tim.o(.text)
    TIM_SelectCOM                            0x08001f55   Thumb Code    24  stm32f10x_tim.o(.text)
    TIM_SelectCCDMA                          0x08001f6d   Thumb Code    24  stm32f10x_tim.o(.text)
    TIM_CCPreloadControl                     0x08001f85   Thumb Code    24  stm32f10x_tim.o(.text)
    TIM_OC1PreloadConfig                     0x08001f9d   Thumb Code    18  stm32f10x_tim.o(.text)
    TIM_OC2PreloadConfig                     0x08001faf   Thumb Code    26  stm32f10x_tim.o(.text)
    TIM_OC3PreloadConfig                     0x08001fc9   Thumb Code    18  stm32f10x_tim.o(.text)
    TIM_OC4PreloadConfig                     0x08001fdb   Thumb Code    26  stm32f10x_tim.o(.text)
    TIM_OC1FastConfig                        0x08001ff5   Thumb Code    18  stm32f10x_tim.o(.text)
    TIM_OC2FastConfig                        0x08002007   Thumb Code    26  stm32f10x_tim.o(.text)
    TIM_OC3FastConfig                        0x08002021   Thumb Code    18  stm32f10x_tim.o(.text)
    TIM_OC4FastConfig                        0x08002033   Thumb Code    26  stm32f10x_tim.o(.text)
    TIM_ClearOC1Ref                          0x0800204d   Thumb Code    18  stm32f10x_tim.o(.text)
    TIM_ClearOC2Ref                          0x0800205f   Thumb Code    24  stm32f10x_tim.o(.text)
    TIM_ClearOC3Ref                          0x08002077   Thumb Code    18  stm32f10x_tim.o(.text)
    TIM_ClearOC4Ref                          0x08002089   Thumb Code    24  stm32f10x_tim.o(.text)
    TIM_OC1PolarityConfig                    0x080020a1   Thumb Code    18  stm32f10x_tim.o(.text)
    TIM_OC1NPolarityConfig                   0x080020b3   Thumb Code    18  stm32f10x_tim.o(.text)
    TIM_OC2PolarityConfig                    0x080020c5   Thumb Code    26  stm32f10x_tim.o(.text)
    TIM_OC2NPolarityConfig                   0x080020df   Thumb Code    26  stm32f10x_tim.o(.text)
    TIM_OC3PolarityConfig                    0x080020f9   Thumb Code    26  stm32f10x_tim.o(.text)
    TIM_OC3NPolarityConfig                   0x08002113   Thumb Code    26  stm32f10x_tim.o(.text)
    TIM_OC4PolarityConfig                    0x0800212d   Thumb Code    26  stm32f10x_tim.o(.text)
    TIM_CCxCmd                               0x08002147   Thumb Code    30  stm32f10x_tim.o(.text)
    TIM_CCxNCmd                              0x08002165   Thumb Code    30  stm32f10x_tim.o(.text)
    TIM_SelectOCxM                           0x08002183   Thumb Code    82  stm32f10x_tim.o(.text)
    TIM_UpdateDisableConfig                  0x080021d5   Thumb Code    24  stm32f10x_tim.o(.text)
    TIM_UpdateRequestConfig                  0x080021ed   Thumb Code    24  stm32f10x_tim.o(.text)
    TIM_SelectHallSensor                     0x08002205   Thumb Code    24  stm32f10x_tim.o(.text)
    TIM_SelectOnePulseMode                   0x0800221d   Thumb Code    18  stm32f10x_tim.o(.text)
    TIM_SelectOutputTrigger                  0x0800222f   Thumb Code    18  stm32f10x_tim.o(.text)
    TIM_SelectSlaveMode                      0x08002241   Thumb Code    18  stm32f10x_tim.o(.text)
    TIM_SelectMasterSlaveMode                0x08002253   Thumb Code    18  stm32f10x_tim.o(.text)
    TIM_SetCounter                           0x08002265   Thumb Code     4  stm32f10x_tim.o(.text)
    TIM_SetAutoreload                        0x08002269   Thumb Code     4  stm32f10x_tim.o(.text)
    TIM_SetCompare1                          0x0800226d   Thumb Code     4  stm32f10x_tim.o(.text)
    TIM_SetCompare2                          0x08002271   Thumb Code     4  stm32f10x_tim.o(.text)
    TIM_SetCompare3                          0x08002275   Thumb Code     4  stm32f10x_tim.o(.text)
    TIM_SetCompare4                          0x08002279   Thumb Code     6  stm32f10x_tim.o(.text)
    TIM_SetClockDivision                     0x0800227f   Thumb Code    18  stm32f10x_tim.o(.text)
    TIM_GetCapture1                          0x08002291   Thumb Code     6  stm32f10x_tim.o(.text)
    TIM_GetCapture2                          0x08002297   Thumb Code     6  stm32f10x_tim.o(.text)
    TIM_GetCapture3                          0x0800229d   Thumb Code     6  stm32f10x_tim.o(.text)
    TIM_GetCapture4                          0x080022a3   Thumb Code     8  stm32f10x_tim.o(.text)
    TIM_GetCounter                           0x080022ab   Thumb Code     6  stm32f10x_tim.o(.text)
    TIM_GetPrescaler                         0x080022b1   Thumb Code     6  stm32f10x_tim.o(.text)
    TIM_GetFlagStatus                        0x080022b7   Thumb Code    18  stm32f10x_tim.o(.text)
    TIM_ClearFlag                            0x080022c9   Thumb Code     6  stm32f10x_tim.o(.text)
    TIM_GetITStatus                          0x080022cf   Thumb Code    34  stm32f10x_tim.o(.text)
    TIM_ClearITPendingBit                    0x080022f1   Thumb Code     6  stm32f10x_tim.o(.text)
    USART_DeInit                             0x080022f9   Thumb Code   134  stm32f10x_usart.o(.text)
    USART_Init                               0x0800237f   Thumb Code   210  stm32f10x_usart.o(.text)
    USART_StructInit                         0x08002451   Thumb Code    24  stm32f10x_usart.o(.text)
    USART_ClockInit                          0x08002469   Thumb Code    34  stm32f10x_usart.o(.text)
    USART_ClockStructInit                    0x0800248b   Thumb Code    12  stm32f10x_usart.o(.text)
    USART_Cmd                                0x08002497   Thumb Code    24  stm32f10x_usart.o(.text)
    USART_ITConfig                           0x080024af   Thumb Code    74  stm32f10x_usart.o(.text)
    USART_DMACmd                             0x080024f9   Thumb Code    18  stm32f10x_usart.o(.text)
    USART_SetAddress                         0x0800250b   Thumb Code    18  stm32f10x_usart.o(.text)
    USART_WakeUpConfig                       0x0800251d   Thumb Code    18  stm32f10x_usart.o(.text)
    USART_ReceiverWakeUpCmd                  0x0800252f   Thumb Code    24  stm32f10x_usart.o(.text)
    USART_LINBreakDetectLengthConfig         0x08002547   Thumb Code    18  stm32f10x_usart.o(.text)
    USART_LINCmd                             0x08002559   Thumb Code    24  stm32f10x_usart.o(.text)
    USART_SendData                           0x08002571   Thumb Code     8  stm32f10x_usart.o(.text)
    USART_ReceiveData                        0x08002579   Thumb Code    10  stm32f10x_usart.o(.text)
    USART_SendBreak                          0x08002583   Thumb Code    10  stm32f10x_usart.o(.text)
    USART_SetGuardTime                       0x0800258d   Thumb Code    16  stm32f10x_usart.o(.text)
    USART_SetPrescaler                       0x0800259d   Thumb Code    16  stm32f10x_usart.o(.text)
    USART_SmartCardCmd                       0x080025ad   Thumb Code    24  stm32f10x_usart.o(.text)
    USART_SmartCardNACKCmd                   0x080025c5   Thumb Code    24  stm32f10x_usart.o(.text)
    USART_HalfDuplexCmd                      0x080025dd   Thumb Code    24  stm32f10x_usart.o(.text)
    USART_OverSampling8Cmd                   0x080025f5   Thumb Code    22  stm32f10x_usart.o(.text)
    USART_OneBitMethodCmd                    0x0800260b   Thumb Code    24  stm32f10x_usart.o(.text)
    USART_IrDAConfig                         0x08002623   Thumb Code    18  stm32f10x_usart.o(.text)
    USART_IrDACmd                            0x08002635   Thumb Code    24  stm32f10x_usart.o(.text)
    USART_GetFlagStatus                      0x0800264d   Thumb Code    26  stm32f10x_usart.o(.text)
    USART_ClearFlag                          0x08002667   Thumb Code    18  stm32f10x_usart.o(.text)
    USART_GetITStatus                        0x08002679   Thumb Code    84  stm32f10x_usart.o(.text)
    USART_ClearITPendingBit                  0x080026cd   Thumb Code    52  stm32f10x_usart.o(.text)
    LedInit                                  0x08002701   Thumb Code   102  led.o(.text)
    BeepInit                                 0x0800276d   Thumb Code    50  beep.o(.text)
    KeyInit                                  0x080027a5   Thumb Code    38  key.o(.text)
    KeyScan                                  0x080027cb   Thumb Code   126  key.o(.text)
    KeyInt_SetNotifyTask                     0x0800284d   Thumb Code     6  keyint.o(.text)
    KeyIntConfig                             0x08002853   Thumb Code   112  keyint.o(.text)
    EXTI4_IRQHandler                         0x080028c3   Thumb Code    70  keyint.o(.text)
    UART_SetCommandQueue                     0x08002919   Thumb Code     6  uart.o(.text)
    UART1_Config                             0x0800291f   Thumb Code   168  uart.o(.text)
    USART1_IRQHandler                        0x080029c7   Thumb Code   160  uart.o(.text)
    fputc                                    0x08002a67   Thumb Code    32  uart.o(.text)
    TIM3_PWM_Init                            0x08002aa9   Thumb Code   188  tim3.o(.text)
    TIM3_IRQHandler                          0x08002b65   Thumb Code    88  tim3.o(.text)
    ADC1_Init                                0x08002bd1   Thumb Code   254  adc.o(.text)
    Lcd1602WriteBusData                      0x08002ce1   Thumb Code    34  lcd1602.o(.text)
    Lcd1602WaitBusy                          0x08002d03   Thumb Code    60  lcd1602.o(.text)
    Lcd1602WriteCommand                      0x08002d3f   Thumb Code    44  lcd1602.o(.text)
    Lcd1602Init                              0x08002d6b   Thumb Code   102  lcd1602.o(.text)
    Lcd1602WriteData                         0x08002dd1   Thumb Code    48  lcd1602.o(.text)
    Lcd1602ClearFull                         0x08002e01   Thumb Code    10  lcd1602.o(.text)
    Lcd1602ShowString                        0x08002e0b   Thumb Code    62  lcd1602.o(.text)
    Lcd1602ShowInt                           0x08002e49   Thumb Code   196  lcd1602.o(.text)
    MotorInit                                0x08002f1d   Thumb Code    46  motor.o(.text)
    SetBit                                   0x08002f4b   Thumb Code    54  motor.o(.text)
    StepMotorControl                         0x08002f81   Thumb Code   114  motor.o(.text)
    DS18B20_IO_IN                            0x08003005   Thumb Code    40  ds18b20.o(.text)
    DS18B20_IO_OUT                           0x0800302d   Thumb Code    40  ds18b20.o(.text)
    DS18B20_Rst                              0x08003055   Thumb Code    36  ds18b20.o(.text)
    DS18B20_Check                            0x08003079   Thumb Code    78  ds18b20.o(.text)
    DS18B20_Read_Bit                         0x080030c7   Thumb Code    60  ds18b20.o(.text)
    DS18B20_Read_Byte                        0x08003103   Thumb Code    34  ds18b20.o(.text)
    DS18B20_Write_Byte                       0x08003125   Thumb Code    84  ds18b20.o(.text)
    DS18B20_Start                            0x08003179   Thumb Code    24  ds18b20.o(.text)
    DS18B20_Init                             0x08003191   Thumb Code    58  ds18b20.o(.text)
    DS18B20_Get_Temp                         0x080031cb   Thumb Code   172  ds18b20.o(.text)
    DHT11_GPIO_Config                        0x0800328d   Thumb Code    50  dht11_driver.o(.text)
    Read_DHT11                               0x08003359   Thumb Code   166  dht11_driver.o(.text)
    SG90_Init                                0x08003405   Thumb Code   136  sg90.o(.text)
    Servo_SetAngle                           0x0800348d   Thumb Code    34  sg90.o(.text)
    DelayUs_Init                             0x080034b5   Thumb Code    26  delay_us.o(.text)
    delay_us                                 0x080034cf   Thumb Code    54  delay_us.o(.text)
    SensorPublish                            0x08003509   Thumb Code    22  app_tasks.o(.text)
    SensorReadLatest                         0x0800351f   Thumb Code    22  app_tasks.o(.text)
    vSensorTask                              0x08003535   Thumb Code   274  app_tasks.o(.text)
    vControlTask                             0x08003647   Thumb Code   660  app_tasks.o(.text)
    vKeyTask                                 0x080038db   Thumb Code   426  app_tasks.o(.text)
    vDisplayTask                             0x08003a85   Thumb Code    50  app_tasks.o(.text)
    vLogTask                                 0x08003ab7   Thumb Code   206  app_tasks.o(.text)
    pvPortMalloc                             0x08003cb1   Thumb Code   250  heap_4.o(.text)
    vPortFree                                0x08003e0b   Thumb Code    68  heap_4.o(.text)
    xPortGetFreeHeapSize                     0x08003e4f   Thumb Code     6  heap_4.o(.text)
    xPortGetMinimumEverFreeHeapSize          0x08003e55   Thumb Code     6  heap_4.o(.text)
    xPortResetHeapMinimumEverFreeHeapSize    0x08003e5b   Thumb Code    10  heap_4.o(.text)
    vPortInitialiseBlocks                    0x08003e65   Thumb Code     2  heap_4.o(.text)
    pvPortCalloc                             0x08003e67   Thumb Code    54  heap_4.o(.text)
    vPortGetHeapStats                        0x08003e9d   Thumb Code   104  heap_4.o(.text)
    vPortHeapResetState                      0x08003f05   Thumb Code    24  heap_4.o(.text)
    vListInitialise                          0x08003f39   Thumb Code    26  list.o(.text)
    vListInitialiseItem                      0x08003f53   Thumb Code     6  list.o(.text)
    vListInsertEnd                           0x08003f59   Thumb Code    24  list.o(.text)
    vListInsert                              0x08003f71   Thumb Code    52  list.o(.text)
    uxListRemove                             0x08003fa5   Thumb Code    40  list.o(.text)
    pxPortInitialiseStack                    0x08003fe3   Thumb Code    30  port.o(.text)
    vPortSetupTimerInterrupt                 0x08004001   Thumb Code    20  port.o(.text)
    xPortStartScheduler                      0x08004015   Thumb Code    42  port.o(.text)
    vPortEndScheduler                        0x0800403f   Thumb Code     2  port.o(.text)
    vPortEnterCritical                       0x08004041   Thumb Code    30  port.o(.text)
    vPortExitCritical                        0x0800405f   Thumb Code    28  port.o(.text)
    xPortSysTickHandler                      0x0800407b   Thumb Code    48  port.o(.text)
    xQueueGenericReset                       0x080040bd   Thumb Code   156  queue.o(.text)
    xQueueGenericCreate                      0x0800417f   Thumb Code    76  queue.o(.text)
    xQueueGenericSend                        0x080042e5   Thumb Code   276  queue.o(.text)
    xQueueCreateMutex                        0x08004417   Thumb Code    34  queue.o(.text)
    xQueueGiveMutexRecursive                 0x08004439   Thumb Code    48  queue.o(.text)
    xQueueSemaphoreTake                      0x08004497   Thumb Code   306  queue.o(.text)
    xQueueTakeMutexRecursive                 0x080045c9   Thumb Code    54  queue.o(.text)
    xQueueCreateCountingSemaphore            0x080045ff   Thumb Code    34  queue.o(.text)
    xQueueGenericSendFromISR                 0x08004621   Thumb Code   154  queue.o(.text)
    xQueueGiveFromISR                        0x080046bb   Thumb Code   134  queue.o(.text)
    xQueueReceive                            0x0800476b   Thumb Code   256  queue.o(.text)
    xQueuePeek                               0x0800486b   Thumb Code   266  queue.o(.text)
    xQueueReceiveFromISR                     0x08004975   Thumb Code   142  queue.o(.text)
    xQueuePeekFromISR                        0x08004a03   Thumb Code    74  queue.o(.text)
    uxQueueMessagesWaiting                   0x08004a4d   Thumb Code    18  queue.o(.text)
    uxQueueSpacesAvailable                   0x08004a5f   Thumb Code    24  queue.o(.text)
    uxQueueMessagesWaitingFromISR            0x08004a77   Thumb Code     8  queue.o(.text)
    vQueueDelete                             0x08004a7f   Thumb Code    14  queue.o(.text)
    uxQueueGetQueueItemSize                  0x08004a8d   Thumb Code     6  queue.o(.text)
    uxQueueGetQueueLength                    0x08004a93   Thumb Code     6  queue.o(.text)
    xQueueIsQueueEmptyFromISR                0x08004a99   Thumb Code    16  queue.o(.text)
    xQueueIsQueueFullFromISR                 0x08004aa9   Thumb Code    22  queue.o(.text)
    vQueueWaitForMessageRestricted           0x08004abf   Thumb Code    74  queue.o(.text)
    xTaskCreate                              0x08004d03   Thumb Code    56  tasks.o(.text)
    vTaskDelete                              0x08004d75   Thumb Code   198  tasks.o(.text)
    xTaskIncrementTick                       0x08004e3b   Thumb Code   372  tasks.o(.text)
    xTaskResumeAll                           0x08004faf   Thumb Code   424  tasks.o(.text)
    vTaskSuspendAll                          0x08005205   Thumb Code    12  tasks.o(.text)
    xTaskDelayUntil                          0x08005211   Thumb Code   108  tasks.o(.text)
    vTaskDelay                               0x0800527d   Thumb Code    46  tasks.o(.text)
    uxTaskPriorityGet                        0x080052ab   Thumb Code    30  tasks.o(.text)
    uxTaskPriorityGetFromISR                 0x080052c9   Thumb Code    52  tasks.o(.text)
    uxTaskBasePriorityGet                    0x080052fd   Thumb Code    30  tasks.o(.text)
    uxTaskBasePriorityGetFromISR             0x0800531b   Thumb Code    52  tasks.o(.text)
    vTaskPrioritySet                         0x0800534f   Thumb Code   360  tasks.o(.text)
    vTaskSwitchContext                       0x080054b7   Thumb Code   168  tasks.o(.text)
    vTaskSuspend                             0x0800555f   Thumb Code   192  tasks.o(.text)
    vTaskResume                              0x08005675   Thumb Code   170  tasks.o(.text)
    xTaskResumeFromISR                       0x0800571f   Thumb Code   196  tasks.o(.text)
    vTaskStartScheduler                      0x080058d7   Thumb Code    70  tasks.o(.text)
    vTaskEndScheduler                        0x0800591d   Thumb Code    66  tasks.o(.text)
    xTaskGetTickCount                        0x0800595f   Thumb Code     6  tasks.o(.text)
    xTaskGetTickCountFromISR                 0x08005965   Thumb Code     8  tasks.o(.text)
    uxTaskGetNumberOfTasks                   0x0800596d   Thumb Code     6  tasks.o(.text)
    pcTaskGetName                            0x08005973   Thumb Code    20  tasks.o(.text)
    xTaskCatchUpTicks                        0x08005987   Thumb Code    36  tasks.o(.text)
    vTaskPlaceOnEventList                    0x080059ab   Thumb Code    28  tasks.o(.text)
    vTaskPlaceOnUnorderedEventList           0x080059c7   Thumb Code    78  tasks.o(.text)
    vTaskPlaceOnEventListRestricted          0x08005a15   Thumb Code    74  tasks.o(.text)
    xTaskRemoveFromEventList                 0x08005a5f   Thumb Code   256  tasks.o(.text)
    vTaskRemoveFromUnorderedEventList        0x08005b5f   Thumb Code   206  tasks.o(.text)
    vTaskSetTimeOutState                     0x08005c2d   Thumb Code    26  tasks.o(.text)
    vTaskInternalSetTimeOutState             0x08005c47   Thumb Code    14  tasks.o(.text)
    xTaskCheckForTimeOut                     0x08005c55   Thumb Code   156  tasks.o(.text)
    vTaskMissedYield                         0x08005cf1   Thumb Code     8  tasks.o(.text)
    xTaskGetCurrentTaskHandle                0x08005cf9   Thumb Code     6  tasks.o(.text)
    xTaskGetCurrentTaskHandleForCore         0x08005cff   Thumb Code    26  tasks.o(.text)
    xTaskGetSchedulerState                   0x08005d19   Thumb Code    24  tasks.o(.text)
    xTaskPriorityInherit                     0x08005d31   Thumb Code   230  tasks.o(.text)
    xTaskPriorityDisinherit                  0x08005e17   Thumb Code   170  tasks.o(.text)
    vTaskPriorityDisinheritAfterTimeout      0x08005ec1   Thumb Code   208  tasks.o(.text)
    uxTaskResetEventItemValue                0x08005f91   Thumb Code    24  tasks.o(.text)
    pvTaskIncrementMutexHeldCount            0x08005fa9   Thumb Code    14  tasks.o(.text)
    ulTaskGenericNotifyTake                  0x08005fb7   Thumb Code   176  tasks.o(.text)
    xTaskGenericNotifyWait                   0x08006067   Thumb Code   246  tasks.o(.text)
    xTaskGenericNotify                       0x0800615d   Thumb Code   330  tasks.o(.text)
    xTaskGenericNotifyFromISR                0x080062a7   Thumb Code   492  tasks.o(.text)
    vTaskGenericNotifyGiveFromISR            0x08006493   Thumb Code   356  tasks.o(.text)
    xTaskGenericNotifyStateClear             0x080065f7   Thumb Code    58  tasks.o(.text)
    ulTaskGenericNotifyValueClear            0x08006631   Thumb Code    58  tasks.o(.text)
    vTaskResetState                          0x0800666b   Thumb Code    68  tasks.o(.text)
    xTimerCreateTimerTask                    0x080069f7   Thumb Code    40  timers.o(.text)
    xTimerCreate                             0x08006a57   Thumb Code    54  timers.o(.text)
    xTimerGenericCommandFromTask             0x08006a8d   Thumb Code    86  timers.o(.text)
    xTimerGenericCommandFromISR              0x08006ae3   Thumb Code   108  timers.o(.text)
    xTimerGetTimerDaemonTaskHandle           0x08006b4f   Thumb Code     6  timers.o(.text)
    xTimerGetPeriod                          0x08006b55   Thumb Code     8  timers.o(.text)
    vTimerSetReloadMode                      0x08006b5d   Thumb Code    46  timers.o(.text)
    xTimerGetReloadMode                      0x08006b8b   Thumb Code    34  timers.o(.text)
    uxTimerGetReloadMode                     0x08006bad   Thumb Code    16  timers.o(.text)
    xTimerGetExpiryTime                      0x08006bbd   Thumb Code     8  timers.o(.text)
    pcTimerGetName                           0x08006bc5   Thumb Code     8  timers.o(.text)
    xTimerIsTimerActive                      0x08006bcd   Thumb Code    34  timers.o(.text)
    pvTimerGetTimerID                        0x08006bef   Thumb Code    20  timers.o(.text)
    vTimerSetTimerID                         0x08006c03   Thumb Code    20  timers.o(.text)
    xTimerPendFunctionCallFromISR            0x08006c17   Thumb Code    48  timers.o(.text)
    xTimerPendFunctionCall                   0x08006c47   Thumb Code    48  timers.o(.text)
    vTimerResetState                         0x08006c77   Thumb Code    12  timers.o(.text)
    __aeabi_memcpy                           0x08006c8d   Thumb Code    36  memcpya.o(.text)
    __aeabi_memcpy4                          0x08006c8d   Thumb Code     0  memcpya.o(.text)
    __aeabi_memcpy8                          0x08006c8d   Thumb Code     0  memcpya.o(.text)
    __aeabi_memset                           0x08006cb1   Thumb Code    14  memseta.o(.text)
    __aeabi_memset4                          0x08006cb1   Thumb Code     0  memseta.o(.text)
    __aeabi_memset8                          0x08006cb1   Thumb Code     0  memseta.o(.text)
    __aeabi_memclr                           0x08006cbf   Thumb Code     4  memseta.o(.text)
    __aeabi_memclr4                          0x08006cbf   Thumb Code     0  memseta.o(.text)
    __aeabi_memclr8                          0x08006cbf   Thumb Code     0  memseta.o(.text)
    _memset$wrapper                          0x08006cc3   Thumb Code    18  memseta.o(.text)
    strcmp                                   0x08006cd5   Thumb Code    28  strcmp.o(.text)
    __aeabi_fadd                             0x08006cf1   Thumb Code   164  fadd.o(.text)
    __aeabi_fsub                             0x08006d95   Thumb Code     6  fadd.o(.text)
    __aeabi_frsub                            0x08006d9b   Thumb Code     6  fadd.o(.text)
    __aeabi_fmul                             0x08006da1   Thumb Code   100  fmul.o(.text)
    __aeabi_fdiv                             0x08006e05   Thumb Code   124  fdiv.o(.text)
    __aeabi_dmul                             0x08006e81   Thumb Code   228  dmul.o(.text)
    __aeabi_i2f                              0x08006f65   Thumb Code    18  fflti.o(.text)
    __aeabi_ui2f                             0x08006f77   Thumb Code    10  ffltui.o(.text)
    __aeabi_f2uiz                            0x08006f81   Thumb Code    40  ffixui.o(.text)
    __aeabi_d2iz                             0x08006fa9   Thumb Code    62  dfixi.o(.text)
    __aeabi_f2d                              0x08006fe7   Thumb Code    38  f2d.o(.text)
    __aeabi_cfcmpeq                          0x0800700d   Thumb Code     0  cfcmple.o(.text)
    __aeabi_cfcmple                          0x0800700d   Thumb Code    20  cfcmple.o(.text)
    __aeabi_cfrcmple                         0x08007021   Thumb Code    20  cfrcmple.o(.text)
    __aeabi_uidiv                            0x08007035   Thumb Code     0  uidiv.o(.text)
    __aeabi_uidivmod                         0x08007035   Thumb Code    44  uidiv.o(.text)
    __aeabi_uldivmod                         0x08007061   Thumb Code    98  uldiv.o(.text)
    __aeabi_llsr                             0x080070c3   Thumb Code    32  llushr.o(.text)
    _ll_ushift_r                             0x080070c3   Thumb Code     0  llushr.o(.text)
    __I$use$fp                               0x080070e3   Thumb Code     0  iusefp.o(.text)
    _float_round                             0x080070e3   Thumb Code    18  fepilogue.o(.text)
    _float_epilogue                          0x080070f5   Thumb Code    92  fepilogue.o(.text)
    _double_round                            0x08007151   Thumb Code    30  depilogue.o(.text)
    _double_epilogue                         0x0800716f   Thumb Code   156  depilogue.o(.text)
    __aeabi_dadd                             0x0800720b   Thumb Code   322  dadd.o(.text)
    __aeabi_dsub                             0x0800734d   Thumb Code     6  dadd.o(.text)
    __aeabi_drsub                            0x08007353   Thumb Code     6  dadd.o(.text)
    __aeabi_ddiv                             0x08007359   Thumb Code   222  ddiv.o(.text)
    __aeabi_d2ulz                            0x08007437   Thumb Code    48  dfixul.o(.text)
    __aeabi_cdrcmple                         0x08007469   Thumb Code    48  cdrcmple.o(.text)
    __scatterload                            0x08007499   Thumb Code    28  init.o(.text)
    __scatterload_rt2                        0x08007499   Thumb Code     0  init.o(.text)
    __aeabi_llsl                             0x080074bd   Thumb Code    30  llshl.o(.text)
    _ll_shift_l                              0x080074bd   Thumb Code     0  llshl.o(.text)
    __aeabi_lasr                             0x080074db   Thumb Code    36  llsshr.o(.text)
    _ll_sshift_r                             0x080074db   Thumb Code     0  llsshr.o(.text)
    __0printf                                0x08007501   Thumb Code    22  printfa.o(i.__0printf)
    __1printf                                0x08007501   Thumb Code     0  printfa.o(i.__0printf)
    __2printf                                0x08007501   Thumb Code     0  printfa.o(i.__0printf)
    __c89printf                              0x08007501   Thumb Code     0  printfa.o(i.__0printf)
    printf                                   0x08007501   Thumb Code     0  printfa.o(i.__0printf)
    __0sprintf                               0x08007521   Thumb Code    34  printfa.o(i.__0sprintf)
    __1sprintf                               0x08007521   Thumb Code     0  printfa.o(i.__0sprintf)
    __2sprintf                               0x08007521   Thumb Code     0  printfa.o(i.__0sprintf)
    __c89sprintf                             0x08007521   Thumb Code     0  printfa.o(i.__0sprintf)
    sprintf                                  0x08007521   Thumb Code     0  printfa.o(i.__0sprintf)
    __scatterload_copy                       0x08007549   Thumb Code    14  handlers.o(i.__scatterload_copy)
    __scatterload_null                       0x08007557   Thumb Code     2  handlers.o(i.__scatterload_null)
    __scatterload_zeroinit                   0x08007559   Thumb Code    14  handlers.o(i.__scatterload_zeroinit)
    Region$$Table$$Base                      0x08007e04   Number         0  anon$$obj.o(Region$$Table)
    Region$$Table$$Limit                     0x08007e24   Number         0  anon$$obj.o(Region$$Table)
    xUARTCommandQueue                        0x20000000   Data           4  main.o(.data)
    xControlTaskHandle                       0x20000004   Data           4  main.o(.data)
    SystemCoreClock                          0x20000008   Data           4  system_stm32f10x.o(.data)
    AHBPrescTable                            0x2000000c   Data          16  system_stm32f10x.o(.data)
    keyFlag                                  0x20000030   Data           1  keyint.o(.data)
    uartRxOverflowCount                      0x2000003e   Data           2  uart.o(.data)
    uartQueueFullCount                       0x20000040   Data           2  uart.o(.data)
    direction                                0x20000042   Data           1  tim3.o(.data)
    dutyCycle                                0x20000043   Data           1  tim3.o(.data)
    ADC_ConvertedValue                       0x20000044   Data           4  adc.o(.data)
    FFW                                      0x20000048   Data           8  motor.o(.data)
    FFZ                                      0x20000050   Data           8  motor.o(.data)
    CurrentMode                              0x20000058   Data           1  app_tasks.o(.data)
    Fan_Status                               0x20000059   Data           1  app_tasks.o(.data)
    Vent_Position                            0x2000005a   Data           1  app_tasks.o(.data)
    curtain_Status                           0x2000005b   Data           1  app_tasks.o(.data)
    Lcd_Line1                                0x2000005c   Data          17  app_tasks.o(.data)
    Lcd_Line2                                0x2000006d   Data          17  app_tasks.o(.data)
    pxCurrentTCB                             0x200000a0   Data           4  tasks.o(.data)
    __stdout                                 0x200000f4   Data           4  stdout.o(.data)
    __initial_sp                             0x20002608   Data           0  startup_stm32f10x_hd.o(STACK)



==============================================================================

Memory Map of the image

  Image Entry point : 0x08000131

  Load Region LR_IROM1 (Base: 0x08000000, Size: 0x00007f1c, Max: 0x00080000, ABSOLUTE)

    Execution Region ER_IROM1 (Base: 0x08000000, Size: 0x00007e24, Max: 0x00080000, ABSOLUTE)

    Base Addr    Size         Type   Attr      Idx    E Section Name        Object

    0x08000000   0x00000130   Data   RO          234    RESET               startup_stm32f10x_hd.o
    0x08000130   0x00000000   Code   RO          974  * .ARM.Collect$$$$00000000  mc_w.l(entry.o)
    0x08000130   0x00000004   Code   RO         1268    .ARM.Collect$$$$00000001  mc_w.l(entry2.o)
    0x08000134   0x00000004   Code   RO         1271    .ARM.Collect$$$$00000004  mc_w.l(entry5.o)
    0x08000138   0x00000000   Code   RO         1273    .ARM.Collect$$$$00000008  mc_w.l(entry7b.o)
    0x08000138   0x00000000   Code   RO         1275    .ARM.Collect$$$$0000000A  mc_w.l(entry8b.o)
    0x08000138   0x00000008   Code   RO         1276    .ARM.Collect$$$$0000000B  mc_w.l(entry9a.o)
    0x08000140   0x00000000   Code   RO         1278    .ARM.Collect$$$$0000000D  mc_w.l(entry10a.o)
    0x08000140   0x00000000   Code   RO         1280    .ARM.Collect$$$$0000000F  mc_w.l(entry11a.o)
    0x08000140   0x00000004   Code   RO         1269    .ARM.Collect$$$$00002712  mc_w.l(entry2.o)
    0x08000144   0x00000096   Code   RO          853    .emb_text           port.o
    0x080001da   0x00000002   PAD
    0x080001dc   0x00000140   Code   RO            1    .text               main.o
    0x0800031c   0x00000014   Code   RO          188    .text               stm32f10x_it.o
    0x08000330   0x000001e8   Code   RO          203    .text               system_stm32f10x.o
    0x08000518   0x00000020   Code   RO          235    .text               startup_stm32f10x_hd.o
    0x08000538   0x000000dc   Code   RO          239    .text               misc.o
    0x08000614   0x0000044e   Code   RO          277    .text               stm32f10x_adc.o
    0x08000a62   0x00000002   PAD
    0x08000a64   0x00000254   Code   RO          361    .text               stm32f10x_dma.o
    0x08000cb8   0x0000011c   Code   RO          373    .text               stm32f10x_exti.o
    0x08000dd4   0x0000035c   Code   RO          409    .text               stm32f10x_gpio.o
    0x08001130   0x000003ac   Code   RO          457    .text               stm32f10x_rcc.o
    0x080014dc   0x00000e1a   Code   RO          507    .text               stm32f10x_tim.o
    0x080022f6   0x00000002   PAD
    0x080022f8   0x00000408   Code   RO          519    .text               stm32f10x_usart.o
    0x08002700   0x0000006c   Code   RO          559    .text               led.o
    0x0800276c   0x00000038   Code   RO          571    .text               beep.o
    0x080027a4   0x000000a8   Code   RO          583    .text               key.o
    0x0800284c   0x000000cc   Code   RO          607    .text               keyint.o
    0x08002918   0x00000190   Code   RO          625    .text               uart.o
    0x08002aa8   0x00000128   Code   RO          641    .text               tim3.o
    0x08002bd0   0x00000110   Code   RO          656    .text               adc.o
    0x08002ce0   0x0000023c   Code   RO          674    .text               lcd1602.o
    0x08002f1c   0x000000e8   Code   RO          686    .text               motor.o
    0x08003004   0x00000288   Code   RO          701    .text               ds18b20.o
    0x0800328c   0x00000178   Code   RO          713    .text               dht11_driver.o
    0x08003404   0x000000b0   Code   RO          725    .text               sg90.o
    0x080034b4   0x00000054   Code   RO          737    .text               delay_us.o
    0x08003508   0x00000750   Code   RO          749    .text               app_tasks.o
    0x08003c58   0x000002e0   Code   RO          820    .text               heap_4.o
    0x08003f38   0x00000094   Code   RO          841    .text               list.o
    0x08003fcc   0x000000f0   Code   RO          854    .text               port.o
    0x080040bc   0x00000a4c   Code   RO          883    .text               queue.o
    0x08004b08   0x00001be0   Code   RO          925    .text               tasks.o
    0x080066e8   0x000005a4   Code   RO          956    .text               timers.o
    0x08006c8c   0x00000024   Code   RO          977    .text               mc_w.l(memcpya.o)
    0x08006cb0   0x00000024   Code   RO          979    .text               mc_w.l(memseta.o)
    0x08006cd4   0x0000001c   Code   RO          981    .text               mc_w.l(strcmp.o)
    0x08006cf0   0x000000b0   Code   RO         1246    .text               mf_w.l(fadd.o)
    0x08006da0   0x00000064   Code   RO         1248    .text               mf_w.l(fmul.o)
    0x08006e04   0x0000007c   Code   RO         1250    .text               mf_w.l(fdiv.o)
    0x08006e80   0x000000e4   Code   RO         1252    .text               mf_w.l(dmul.o)
    0x08006f64   0x00000012   Code   RO         1254    .text               mf_w.l(fflti.o)
    0x08006f76   0x0000000a   Code   RO         1256    .text               mf_w.l(ffltui.o)
    0x08006f80   0x00000028   Code   RO         1258    .text               mf_w.l(ffixui.o)
    0x08006fa8   0x0000003e   Code   RO         1260    .text               mf_w.l(dfixi.o)
    0x08006fe6   0x00000026   Code   RO         1262    .text               mf_w.l(f2d.o)
    0x0800700c   0x00000014   Code   RO         1264    .text               mf_w.l(cfcmple.o)
    0x08007020   0x00000014   Code   RO         1266    .text               mf_w.l(cfrcmple.o)
    0x08007034   0x0000002c   Code   RO         1283    .text               mc_w.l(uidiv.o)
    0x08007060   0x00000062   Code   RO         1285    .text               mc_w.l(uldiv.o)
    0x080070c2   0x00000020   Code   RO         1287    .text               mc_w.l(llushr.o)
    0x080070e2   0x00000000   Code   RO         1289    .text               mc_w.l(iusefp.o)
    0x080070e2   0x0000006e   Code   RO         1290    .text               mf_w.l(fepilogue.o)
    0x08007150   0x000000ba   Code   RO         1292    .text               mf_w.l(depilogue.o)
    0x0800720a   0x0000014e   Code   RO         1294    .text               mf_w.l(dadd.o)
    0x08007358   0x000000de   Code   RO         1296    .text               mf_w.l(ddiv.o)
    0x08007436   0x00000030   Code   RO         1298    .text               mf_w.l(dfixul.o)
    0x08007466   0x00000002   PAD
    0x08007468   0x00000030   Code   RO         1300    .text               mf_w.l(cdrcmple.o)
    0x08007498   0x00000024   Code   RO         1302    .text               mc_w.l(init.o)
    0x080074bc   0x0000001e   Code   RO         1304    .text               mc_w.l(llshl.o)
    0x080074da   0x00000024   Code   RO         1306    .text               mc_w.l(llsshr.o)
    0x080074fe   0x00000002   PAD
    0x08007500   0x00000020   Code   RO         1218    i.__0printf         mc_w.l(printfa.o)
    0x08007520   0x00000028   Code   RO         1220    i.__0sprintf        mc_w.l(printfa.o)
    0x08007548   0x0000000e   Code   RO         1310    i.__scatterload_copy  mc_w.l(handlers.o)
    0x08007556   0x00000002   Code   RO         1311    i.__scatterload_null  mc_w.l(handlers.o)
    0x08007558   0x0000000e   Code   RO         1312    i.__scatterload_zeroinit  mc_w.l(handlers.o)
    0x08007566   0x00000002   PAD
    0x08007568   0x00000164   Code   RO         1225    i._fp_digits        mc_w.l(printfa.o)
    0x080076cc   0x000006dc   Code   RO         1226    i._printf_core      mc_w.l(printfa.o)
    0x08007da8   0x00000024   Code   RO         1227    i._printf_post_padding  mc_w.l(printfa.o)
    0x08007dcc   0x0000002e   Code   RO         1228    i._printf_pre_padding  mc_w.l(printfa.o)
    0x08007dfa   0x0000000a   Code   RO         1230    i._sputc            mc_w.l(printfa.o)
    0x08007e04   0x00000020   Data   RO         1308    Region$$Table       anon$$obj.o


    Execution Region RW_IRAM1 (Base: 0x20000000, Size: 0x00002608, Max: 0x00010000, ABSOLUTE)

    Base Addr    Size         Type   Attr      Idx    E Section Name        Object

    0x20000000   0x00000008   Data   RW            2    .data               main.o
    0x20000008   0x00000014   Data   RW          204    .data               system_stm32f10x.o
    0x2000001c   0x00000014   Data   RW          458    .data               stm32f10x_rcc.o
    0x20000030   0x00000008   Data   RW          608    .data               keyint.o
    0x20000038   0x0000000a   Data   RW          627    .data               uart.o
    0x20000042   0x00000002   Data   RW          642    .data               tim3.o
    0x20000044   0x00000004   Data   RW          657    .data               adc.o
    0x20000048   0x00000010   Data   RW          687    .data               motor.o
    0x20000058   0x00000027   Data   RW          751    .data               app_tasks.o
    0x2000007f   0x00000001   PAD
    0x20000080   0x0000001c   Data   RW          822    .data               heap_4.o
    0x2000009c   0x00000004   Data   RW          855    .data               port.o
    0x200000a0   0x00000040   Data   RW          927    .data               tasks.o
    0x200000e0   0x00000014   Data   RW          958    .data               timers.o
    0x200000f4   0x00000004   Data   RW         1282    .data               mc_w.l(stdout.o)
    0x200000f8   0x00000010   Zero   RW          626    .bss                uart.o
    0x20000108   0x0000000c   Zero   RW          750    .bss                app_tasks.o
    0x20000114   0x00002000   Zero   RW          821    .bss                heap_4.o
    0x20002114   0x000000c8   Zero   RW          926    .bss                tasks.o
    0x200021dc   0x00000028   Zero   RW          957    .bss                timers.o
    0x20002204   0x00000004   PAD
    0x20002208   0x00000400   Zero   RW          232    STACK               startup_stm32f10x_hd.o


==============================================================================

Image component sizes


      Code (inc. data)   RO Data    RW Data    ZI Data      Debug   Object Name

       272         18          0          4          0       1177   adc.o
      1872        528          0         39         12       4346   app_tasks.o
        56          6          0          0          0        459   beep.o
         0          0          0          0          0         32   core_cm3.o
        84          4          0          0          0        628   delay_us.o
       376          6          0          0          0       1663   dht11_driver.o
       648         22          0          0          0       2375   ds18b20.o
         0          0          0          0          0      15424   event_groups.o
       736         28          0         28       8192       5261   heap_4.o
       168          4          0          0          0      13530   key.o
       204         16          0          8          0       1199   keyint.o
       572         16          0          0          0       2693   lcd1602.o
       108          6          0          0          0        494   led.o
       148          0          0          0          0       1894   list.o
       320         66          0          8          0      74857   main.o
       220         22          0          0          0     217681   misc.o
       232         18          0         16          0       1634   motor.o
       390         30          0          4          0       6920   port.o
      2636          8          0          0          0      17825   queue.o
       176          6          0          0          0        807   sg90.o
        32         10        304          0       1024        652   startup_stm32f10x_hd.o
      1102         26          0          0          0      11001   stm32f10x_adc.o
       596          8          0          0          0       4326   stm32f10x_dma.o
       284         10          0          0          0       2215   stm32f10x_exti.o
       860         38          0          0          0       5693   stm32f10x_gpio.o
        20          0          0          0          0        891   stm32f10x_it.o
       940         44          0         20          0       8852   stm32f10x_rcc.o
      3610         88          0          0          0      22800   stm32f10x_tim.o
      1032         22          0          0          0       8420   stm32f10x_usart.o
       488         46          0         20          0       1683   system_stm32f10x.o
      7136        384          0         64        200      41184   tasks.o
       296         20          0          2          0       1078   tim3.o
      1444         64          0         20         40      13354   timers.o
       400         34          0         10         16       1953   uart.o

    ----------------------------------------------------------------------
     27464       1598        336        244       9488     495001   Object Totals
         0          0         32          0          0          0   (incl. Generated)
         6          0          0          1          4          0   (incl. Padding)

    ----------------------------------------------------------------------

      Code (inc. data)   RO Data    RW Data    ZI Data      Debug   Library Member Name

         0          0          0          0          0          0   entry.o
         0          0          0          0          0          0   entry10a.o
         0          0          0          0          0          0   entry11a.o
         8          4          0          0          0          0   entry2.o
         4          0          0          0          0          0   entry5.o
         0          0          0          0          0          0   entry7b.o
         0          0          0          0          0          0   entry8b.o
         8          4          0          0          0          0   entry9a.o
        30          0          0          0          0          0   handlers.o
        36          8          0          0          0         68   init.o
         0          0          0          0          0          0   iusefp.o
        30          0          0          0          0         68   llshl.o
        36          0          0          0          0         68   llsshr.o
        32          0          0          0          0         68   llushr.o
        36          0          0          0          0         68   memcpya.o
        36          0          0          0          0        108   memseta.o
      2276         96          0          0          0        596   printfa.o
         0          0          0          4          0          0   stdout.o
        28          0          0          0          0         76   strcmp.o
        44          0          0          0          0         80   uidiv.o
        98          0          0          0          0         92   uldiv.o
        48          0          0          0          0         68   cdrcmple.o
        20          0          0          0          0         68   cfcmple.o
        20          0          0          0          0         68   cfrcmple.o
       334          0          0          0          0        148   dadd.o
       222          0          0          0          0        100   ddiv.o
       186          0          0          0          0        176   depilogue.o
        62          0          0          0          0         80   dfixi.o
        48          0          0          0          0         68   dfixul.o
       228          0          0          0          0         96   dmul.o
        38          0          0          0          0         68   f2d.o
       176          0          0          0          0        140   fadd.o
       124          0          0          0          0         88   fdiv.o
       110          0          0          0          0        168   fepilogue.o
        40          0          0          0          0         68   ffixui.o
        18          0          0          0          0         68   fflti.o
        10          0          0          0          0         68   ffltui.o
       100          0          0          0          0         76   fmul.o

    ----------------------------------------------------------------------
      4492        112          0          4          0       2908   Library Totals
         6          0          0          0          0          0   (incl. Padding)

    ----------------------------------------------------------------------

      Code (inc. data)   RO Data    RW Data    ZI Data      Debug   Library Name

      2702        112          0          4          0       1292   mc_w.l
      1784          0          0          0          0       1616   mf_w.l

    ----------------------------------------------------------------------
      4492        112          0          4          0       2908   Library Totals

    ----------------------------------------------------------------------

==============================================================================


      Code (inc. data)   RO Data    RW Data    ZI Data      Debug   

     31956       1710        336        248       9488     493225   Grand Totals
     31956       1710        336        248       9488     493225   ELF Image Totals
     31956       1710        336        248          0          0   ROM Totals

==============================================================================

    Total RO  Size (Code + RO Data)                32292 (  31.54kB)
    Total RW  Size (RW Data + ZI Data)              9736 (   9.51kB)
    Total ROM Size (Code + RO Data + RW Data)      32540 (  31.78kB)

==============================================================================

